07-13 23:02:16.087 D/ShellSplitScreen( 2443): startAnimation: transition=276 isSplitActive=false
07-13 23:02:16.087 V/ShellRecents( 2443): RecentsTransitionHandler.startAnimation: no controller found
07-13 23:02:16.087 V/WindowManagerShell( 2443): Transition doesn't have explicit remote, search filters for match for {id=276 t=OPEN f=0x0 trk=1 r=[0@Point(0, 0)] c=[{m=OPEN f=NONE leash=Surface(name=Task=152#3894)/@0x86d00bf sb=Rect(0, 0 - 1080, 2400) eb=Rect(0, 0 - 1080, 2400) epz=Point(1080, 2400) d=0 taskParent=-1 winMode=1 userId=0},{m=TO_BACK f=SHOW_WALLPAPER leash=Surface(name=Task=1#44)/@0xf5db38c sb=Rect(0, 0 - 1080, 2400) eb=Rect(0, 0 - 1080, 2400) epz=Point(1080, 2400) d=0 taskParent=-1 winMode=1 userId=0},{m=TO_BACK f=IS_WALLPAPER leash=Surface(name=WallpaperWindowToken{b8ed41d}#61)/@0x1e24ad5 sb=Rect(0, 0 - 1080, 2400) eb=Rect(0, 0 - 1080, 2400) epz=Point(1080, 2400) d=0}]}
07-13 23:02:16.087 V/WindowManagerShell( 2443):  Checking filter Pair{{types=[] flags=0x0] notFlags=0x0 checks=[{atype=undefined independent=true modes=[CLOSE,TO_BACK] flags=IN_TASK_WITH_EMBEDDED_ACTIVITY mustBeTask=false order=ANY topActivity=null launchCookie=null taskFragmentToken=android.os.BinderProxy@b0efafe windowingMode=undefined isCrossDisplayMove=false}]} RemoteTransition { remoteTransition = android.window.IRemoteTransition$Stub$Proxy@44e725f, appThread = android.app.IApplicationThread$Stub$Proxy@b9d4ac, debugName = overlayBackTransition, filter = null }}
07-13 23:02:16.087 V/WindowManagerShell( 2443):  Checking filter Pair{{types=[] flags=0x0] notFlags=0x0 checks=[{atype=dream independent=true modes=[OPEN,TO_FRONT] flags=NONE mustBeTask=false order=ANY topActivity=null launchCookie=null windowingMode=undefined isCrossDisplayMove=false},{atype=home independent=true modes=[CLOSE,TO_BACK] flags=NONE mustBeTask=false order=ANY topActivity=null launchCookie=null windowingMode=undefined isCrossDisplayMove=false}]} RemoteTransition { remoteTransition = android.window.IRemoteTransition$Stub$Proxy@6dbc90a, appThread = android.app.IApplicationThread$Stub$Proxy@a91d57b, debugName = LauncherToDream, filter = null }}
07-13 23:02:16.087 V/WindowManagerShell( 2443):  Checking filter Pair{{types=[] flags=0x0] notFlags=0x0 checks=[{atype=standard independent=false modes=[CHANGE] flags=NONE mustBeTask=true order=ANY topActivity=null launchCookie=null windowingMode=undefined isCrossDisplayMove=true}]} RemoteTransition { remoteTransition = android.window.IRemoteTransition$Stub$Proxy@1eea3f1, appThread = android.app.IApplicationThread$Stub$Proxy@5f56bd6, debugName = QuickstepDisplayMove, filter = null }}
07-13 23:02:16.087 V/WindowManagerShell( 2443):  Checking filter Pair{{types=[] flags=0x0] notFlags=0x100 checks=[{atype=home independent=true modes=[OPEN,TO_FRONT] flags=NONE mustBeTask=false order=ANY topActivity=ComponentInfo{com.google.android.apps.nexuslauncher/com.google.android.apps.nexuslauncher.NexusLauncherActivity} launchCookie=null windowingMode=undefined isCrossDisplayMove=false},{atype=standard independent=true modes=[CLOSE,TO_BACK] flags=NONE mustBeTask=false order=ANY topActivity=null launchCookie=null windowingMode=undefined isCrossDisplayMove=false},{NOT atype=undefined independent=true modes=[] flags=NONE mustBeTask=true order=ANY topActivity=null launchCookie=null customAnim=true windowingMode=undefined isCrossDisplayMove=false}]} RemoteTransition { remoteTransition = android.window.IRemoteTransition$Stub$Proxy@7346f62, appThread = android.app.IApplicationThread$Stub$Proxy@30f78f3, debugName = QuickstepLaunchHome, filter = null }}
07-13 23:02:16.087 V/WindowManagerShell( 2443):  Delegate animation for (#276) to null
07-13 23:02:16.087 V/WindowManagerShell( 2443): start default transition animation, info = {id=276 t=OPEN f=0x0 trk=1 r=[0@Point(0, 0)] c=[{m=OPEN f=NONE leash=Surface(name=Task=152#3894)/@0x86d00bf sb=Rect(0, 0 - 1080, 2400) eb=Rect(0, 0 - 1080, 2400) epz=Point(1080, 2400) d=0 taskParent=-1 winMode=1 userId=0},{m=TO_BACK f=SHOW_WALLPAPER leash=Surface(name=Task=1#44)/@0xf5db38c sb=Rect(0, 0 - 1080, 2400) eb=Rect(0, 0 - 1080, 2400) epz=Point(1080, 2400) d=0 taskParent=-1 winMode=1 userId=0},{m=TO_BACK f=IS_WALLPAPER leash=Surface(name=WallpaperWindowToken{b8ed41d}#61)/@0x1e24ad5 sb=Rect(0, 0 - 1080, 2400) eb=Rect(0, 0 - 1080, 2400) epz=Point(1080, 2400) d=0}]}
07-13 23:02:16.087 V/WindowManagerShell( 2443): loadAnimation: anim=android.view.animation.AnimationSet@4f87c78 animAttr=0x13 type=OPEN isEntrance=false
07-13 23:02:16.087 V/WindowManagerShell( 2443): loadAnimation: anim=android.view.animation.AnimationSet@89bf51 animAttr=0x12 type=OPEN isEntrance=true
07-13 23:02:16.087 V/WindowManagerShell( 2443):  animated by com.android.wm.shell.transition.DefaultTransitionHandler@cb2a6a6
07-13 23:02:16.089 V/WindowManager( 1728): Sent Transition (#276) createdAt=07-13 23:02:16.043 via request=TransitionRequestInfo { type = OPEN, triggerTask = TaskInfo{userId=0 taskId=152 effectiveUid=10325 displayId=0 isRunning=true baseIntent=Intent { flg=0x10000000 cmp=com.gunnchos.archiveoflife/.MainActivity } baseActivity=ComponentInfo{com.gunnchos.archiveoflife/com.gunnchos.archiveoflife.MainActivity} topActivity=ComponentInfo{com.gunnchos.archiveoflife/com.gunnchos.archiveoflife.MainActivity} origActivity=null realActivity=ComponentInfo{com.gunnchos.archiveoflife/com.gunnchos.archiveoflife.MainActivity} realActivityIsAppLockEnabled=false numActivities=1 lastActiveTime=210933312 supportsMultiWindow=true resizeMode=1 isResizeable=true minWidth=-1 minHeight=-1 defaultMinSize=220 token=WCT{RemoteToken{689bad3 Task{d71db5a #152 type=standard A=10325:com.gunnchos.archiveoflife}}} topActivityType=1 pictureInPictureParams=null shouldDockBigOverlays=false launchIntoPipHostTaskId=-1 lastParentTaskIdBeforePip=-1 displayCutoutSafeInsets=Rect(0, 132 - 0, 0) topActivityInfo=ActivityInfo{1c30610 com.gunnchos.archiveoflife.MainActivity} launchCookies=[] positionInParent=Point(0, 0) parentTaskId=-1 isFocused=false isVisible=false isVisibleRequested=false isTopActivityNoDisplay=false isSleeping=false locusId=null displayAreaFeatureId=1 isTopActivityTransparent=false isActivityStackTransparent=false lastNonFullscreenBounds=Rect(276, 694 - 804, 1774) leafTaskBoundsFromOptions= false capturedLink=null capturedLinkTimestamp=0 requestedVisibleTypes=503 topActivityRequestOpenInBrowserEducationTimestamp=0 appCompatTaskInfo=AppCompatTaskInfo { topActivityInSizeCompat=false isLeafTask= true eligibleForLetterboxEducation= false isLetterboxEducationEnabled= false isLetterboxDoubleTapEnabled= false eligibleForUserAspectRatioButton= false topActivityBoundsLetterboxed= false isFromLetterboxDoubleTap= false topActivityLetterboxVerticalPosition= -1 topActivityLetterboxHorizontalPosition= -1 topActivityLetterboxWidth=-1 topActivityLetterboxHeight=-1 topActivityAppBounds=Rect(0, 132 - 1080, 2337) isUserFullscreenOverrideEnabled=false isSystemFullscreenOverrideEnabled=false hasMinAspectRatioOverride=false topActivityLetterboxBounds=null topNonResizableActivityAspectRatio=-1.0} topActivityMainWindowFrame=null isAppBubble=false}, pipChange = null, remoteTransitionInfo = null, displayChange = null, requestedLocation = null, userChange = null, windowingLayerChange = null, fullscreenRequestChange = null, flags = 0, debugId = 276 }
07-13 23:02:16.089 V/WindowManager( 1728):     startWCT=WindowContainerTransaction { changes= {} hops= [] flags= 0 errorCallbackToken=null taskFragmentOrganizer=null }
07-13 23:02:16.089 V/WindowManager( 1728):     info={id=276 t=OPEN f=0x0 trk=1 r=[0@Point(0, 0)] c=[
07-13 23:02:16.089 V/WindowManager( 1728):         {WCT{RemoteToken{689bad3 Task{d71db5a #152 type=standard A=10325:com.gunnchos.archiveoflife}}} m=OPEN f=NONE leash=Surface(name=Task=152#3894)/@0xc3a765e sb=Rect(0, 0 - 1080, 2400) eb=Rect(0, 0 - 1080, 2400) epz=Point(1080, 2400) d=0 taskParent=-1 winMode=1 userId=0},
07-13 23:02:16.089 V/WindowManager( 1728):         {WCT{RemoteToken{cded9da Task{9e01e91 #1 type=home}}} m=TO_BACK f=SHOW_WALLPAPER leash=Surface(name=Task=1#44)/@0x7713059 sb=Rect(0, 0 - 1080, 2400) eb=Rect(0, 0 - 1080, 2400) epz=Point(1080, 2400) d=0 taskParent=-1 winMode=1 userId=0},
07-13 23:02:16.089 V/WindowManager( 1728):         {m=TO_BACK f=IS_WALLPAPER leash=Surface(name=WallpaperWindowToken{b8ed41d}#61)/@0x823d8c7 sb=Rect(0, 0 - 1080, 2400) eb=Rect(0, 0 - 1080, 2400) epz=Point(1080, 2400) d=0}
07-13 23:02:16.089 V/WindowManager( 1728):     ]}
07-13 23:02:16.090 D/CompatChangeReporter(15461): Compat change id reported: 242716250; UID 10325; state: ENABLED
07-13 23:02:16.091 D/BackgroundInstallControlService( 1728): Package event received: 0
07-13 23:02:16.093 D/b/417220811( 2792): invalidateLoadedTasks - previous requestLoadId: -1
07-13 23:02:16.093 D/b/417220811( 2792): invalidateLoadedTasks - previous requestLoadId: -1
07-13 23:02:16.097 I/ProximityAuth(11948): [RecentAppsMediator] Package added: (user=UserHandle{0}) com.gunnchos.archiveoflife
07-13 23:02:16.097 D/nativeloader(15461): Configuring clns-9 for other apk /data/app/~~AMvyV-GYalTh0As9RmDBNw==/com.gunnchos.archiveoflife-0d4pgEcLaDS6xyFZGCOOqg==/base.apk. target_sdk_version=34, uses_libraries=, library_path=/data/app/~~AMvyV-GYalTh0As9RmDBNw==/com.gunnchos.archiveoflife-0d4pgEcLaDS6xyFZGCOOqg==/lib/arm64, permitted_path=/data:/mnt/expand:/data/user/0/com.gunnchos.archiveoflife
07-13 23:02:16.098 D/BackgroundInstallControlService( 1728): Package event received: 0
07-13 23:02:16.101 V/GraphicsEnvironment(15461): Currently set values for:
07-13 23:02:16.101 V/GraphicsEnvironment(15461):   angle_gl_driver_selection_pkgs=[com.android.angle]
07-13 23:02:16.101 V/GraphicsEnvironment(15461):   angle_gl_driver_selection_values=[angle]
07-13 23:02:16.101 V/GraphicsEnvironment(15461): com.gunnchos.archiveoflife is not listed in per-application setting
07-13 23:02:16.101 V/GraphicsEnvironment(15461): No special selections for ANGLE, returning default driver choice
07-13 23:02:16.101 V/GraphicsEnvironment(15461): Neither updatable production driver nor prerelease driver is supported.
07-13 23:02:16.051 I/PackageInstallIntentOp(11973): (REDACTED) Package %s is not a bank app. Skipping updates.
07-13 23:02:16.107 I/FraudProtectUtils(11973): Not in testing population, skipping local test bank apps. [CONTEXT service_id=469 ]
07-13 23:02:16.108 I/FraudProtectUtils(11973): (REDACTED) Latest bank app list size: %d, %s isBankApp: false
07-13 23:02:16.108 I/PackageInstallIntentOp(11973): (REDACTED) Package %s is not a bank app. Skipping updates.
07-13 23:02:16.108 D/RecentsView( 2792): onTaskRemoved: 151, not handling task stack changes
07-13 23:02:16.108 D/RecentsView( 2792): onTaskRemoved: 151, not handling task stack changes
07-13 23:02:16.110 I/DisplayManager(15461): Choreographer implicitly registered for the refresh rate.
07-13 23:02:16.110 D/BackgroundInstallControlService( 1728): Package event received: 0
07-13 23:02:16.110 D/BackgroundInstallControlService( 1728): Package event received: 0
07-13 23:02:16.113 D/DesktopExperienceFlags(15461): Toggle override initialized to: false
07-13 23:02:16.114 D/AppCompatDelegate(15461): Checking for metadata for AppLocalesMetadataHolderService : Service not found
07-13 23:02:16.117 I/Fitness (11948): (REDACTED) FitCleanupIntentOperation received Intent %s
07-13 23:02:16.119 I/NearbyDiscovery(11973): (REDACTED) processGrantSlicePermission: %s
07-13 23:02:16.120 I/FontLog (11948): (REDACTED) Package %s has no metadata
07-13 23:02:16.122 W/MediaProvider( 4081): isAppCloneUserPair for user 0: false
07-13 23:02:16.126 D/DesktopModeFlags(15461): Toggle override initialized to: OVERRIDE_UNSET
07-13 23:02:16.131 I/WebViewFactory(15461): Loading com.google.android.webview version 149.0.7827.160 (code 782716003)
07-13 23:02:16.133 V/ResourcesManager(15461): The following library key has been added: ResourcesKey{ mHash=5b0c126e mResDir=null mSplitDirs=[] mOverlayDirs=[] mLibDirs=[/data/app/~~VBuSZEL7qpc8x2tz7Iej-Q==/com.google.android.webview-VHa3pLtKqOnkIQI5DWJ7uQ==/base.apk,/system/framework/android.test.base.jar,/system_ext/framework/androidx.window.extensions.jar] mDisplayId=0 mOverrideConfig=v36 mCompatInfo={420dpi always-compat} mLoaders=[]}
07-13 23:02:16.134 D/ApplicationLoaders(15461): Returning zygote-cached class loader: /system/framework/android.test.base.jar
07-13 23:02:16.134 D/ApplicationLoaders(15461): Returning zygote-cached class loader: /system_ext/framework/androidx.window.extensions.jar
07-13 23:02:16.136 D/nativeloader(15461): Configuring clns-10 for other apk /data/app/~~VBuSZEL7qpc8x2tz7Iej-Q==/com.google.android.webview-VHa3pLtKqOnkIQI5DWJ7uQ==/base.apk. target_sdk_version=36, uses_libraries=, library_path=/data/app/~~VBuSZEL7qpc8x2tz7Iej-Q==/com.google.android.webview-VHa3pLtKqOnkIQI5DWJ7uQ==/lib/arm64:/data/app/~~VBuSZEL7qpc8x2tz7Iej-Q==/com.google.android.webview-VHa3pLtKqOnkIQI5DWJ7uQ==/base.apk!/lib/arm64-v8a, permitted_path=/data:/mnt/expand
07-13 23:02:16.141 D/BoundBrokerSvc(11973): onBind: Intent { act=com.google.android.gms.common.BIND_SHARED_PREFS xflg=0x4 pkg=com.google.android.gms }
07-13 23:02:16.141 D/BoundBrokerSvc(11973): Loading bound service for intent: Intent { act=com.google.android.gms.common.BIND_SHARED_PREFS xflg=0x4 pkg=com.google.android.gms }
07-13 23:02:16.146 I/cr_WVCFactoryProvider(15461): version=149.0.7827.160 (782716003) minSdkVersion=29 multiprocess=true packageId=2 splits=<none>
07-13 23:02:16.149 D/nativeloader(15461): Load /data/app/~~VBuSZEL7qpc8x2tz7Iej-Q==/com.google.android.webview-VHa3pLtKqOnkIQI5DWJ7uQ==/base.apk!/lib/arm64-v8a/libwebviewchromium.so using class loader ns clns-10 (caller=/data/app/~~VBuSZEL7qpc8x2tz7Iej-Q==/com.google.android.webview-VHa3pLtKqOnkIQI5DWJ7uQ==/base.apk): ok
07-13 23:02:16.150 D/nativeloader(15461): Load /system/lib64/libwebviewchromium_plat_support.so using class loader ns clns-10 (caller=/data/app/~~VBuSZEL7qpc8x2tz7Iej-Q==/com.google.android.webview-VHa3pLtKqOnkIQI5DWJ7uQ==/base.apk): ok
07-13 23:02:16.152 D/b/417220811( 2792): invalidateLoadedTasks - previous requestLoadId: -1
07-13 23:02:16.152 W/SQLiteLog(11973): (28) double-quoted string literal: "com.gunnchos.archiveoflife"
07-13 23:02:16.155 I/cr_LibraryLoader(15461): Successfully loaded native library
07-13 23:02:16.156 I/cr_CachingUmaRecorder(15461): Flushed 47 samples from 22 histograms, 0 samples were dropped.
07-13 23:02:16.157 I/cr_ChildProcLH(15461): ScopedServiceBindingBatch.tryActivate: false
07-13 23:02:16.158 I/cr_CombinedPProvider(15461): #registerProvider() provider:WV.wk@6fb57d2 isPolicyCacheEnabled:false policyProvidersSize:0
07-13 23:02:16.158 I/cr_PolicyProvider(15461): #setManagerAndSource() 0
07-13 23:02:16.159 I/cr_DisplayManager(15461): Is Display Topology available: false
07-13 23:02:16.161 I/bvv     (21236): BLL finished for package: com.gunnchos.archiveoflife, score: 6.0, verdict: NOT_HARMFUL
07-13 23:02:16.161 I/cna     (21236): Finished new classification for package: com.gunnchos.archiveoflife, model: bll_1, verdict: NOT_HARMFUL, score: 6.0
07-13 23:02:16.162 V/GrammaticalInflectionUtils( 1728): AttributionSource: android.content.AttributionSource@560414b6 does not have READ_SYSTEM_GRAMMATICAL_GENDER permission.
07-13 23:02:16.162 D/CompatChangeReporter( 1728): Compat change id reported: 441041342; UID 99058; state: ENABLED
07-13 23:02:16.167 W/WindowManager( 1728): takeTaskSnapshot: taskId=151 not found or not visible
07-13 23:02:16.169 I/buq     (21236): Work finished, result: Result(successCount=1, failureCount=0), latency: PT0.33S
07-13 23:02:16.170 I/cr_CombinedPProvider(15461): #linkNativeInternal() 1
07-13 23:02:16.171 I/cr_AppResProvider(15461): #getApplicationRestrictionsFromUserManager() Bundle[EMPTY_PARCEL]
07-13 23:02:16.171 I/cr_PolicyProvider(15461): #notifySettingsAvailable() 0
07-13 23:02:16.171 I/cr_CombinedPProvider(15461): #onSettingsAvailable() 0
07-13 23:02:16.171 I/cr_CombinedPProvider(15461): #flushPolicies()
07-13 23:02:16.171 D/CompatChangeReporter( 1728): Compat change id reported: 161145287; UID 10325; state: ENABLED
07-13 23:02:16.172 I/cr_policy(15461): registerReceiver succeeded after 13ms
07-13 23:02:16.173 W/WindowManager( 1728): takeTaskSnapshot: taskId=151 not found or not visible
07-13 23:02:16.173 I/bvc     (21236): Finished work type: HANDLE_PACKAGES_CHANGED, success: true, latency: PT0.337S
07-13 23:02:16.173 I/WorkService(21236): Stopping the work service
07-13 23:02:16.174 W/ForegroundServiceTypeLoggerModule( 1728): FGS stop call for: 10147 has no types!
07-13 23:02:16.176 D/BackgroundInstallControlService( 1728): Package event received: 0
07-13 23:02:16.176 D/BackgroundInstallControlService( 1728): Package event received: 0
07-13 23:02:16.177 I/WorkService(21236): Work service moved out of the foreground
07-13 23:02:16.178 I/WorkService(21236): Work service destroyed
07-13 23:02:16.178 I/cng     (21236): Stopping watchdog: work-service, completed in time
07-13 23:02:16.179 D/Zygote  ( 2527): Forked child process 15535
07-13 23:02:16.182 E/libc    (15535): SetHeapTaggingLevel: re-enabling tagging after it was disabled is not supported
07-13 23:02:16.185 I/Zygote  (15535): Process 15535 created for com.google.android.webview:sandboxed_process0:org.chromium.content.app.SandboxedProcessService0:0
07-13 23:02:16.186 I/ocessService0:0(15535): Using generational CollectorTypeCMC GC.
07-13 23:02:16.187 I/ActivityManager( 1728): Start proc 15535:com.google.android.webview:sandboxed_process0:org.chromium.content.app.SandboxedProcessService0:0/u0i58 for  {com.gunnchos.archiveoflife/org.chromium.content.app.SandboxedProcessService0:0}
07-13 23:02:16.191 D/nativeloader(15535): Load libframework-connectivity-tiramisu-jni.so using APEX ns com_android_tethering for caller /apex/com.android.tethering/javalib/framework-connectivity-t.jar: ok
07-13 23:02:16.195 D/MediaCodecList(15445): codecHandlesFormat: no format, so no extra checks
07-13 23:02:16.196 W/chromium(15461): [WARNING:net/dns/dns_config_service_android.cc:69] Failed to read DnsConfig.
07-13 23:02:16.201 W/chromium(15461): [WARNING:android_webview/browser/network_service/net_helpers.cc:137] HTTP Cache size is: 20971520
07-13 23:02:16.203 D/MediaCodecList(15445): codecHandlesFormat: no format, so no extra checks
07-13 23:02:16.212 D/CCodec  (15445): allocate(c2.exynos.h264.encoder)
07-13 23:02:16.213 W/s.archiveoflife(15461): Monitor::Inflate: Install failed 0x2240200
07-13 23:02:16.222 D/ApplicationLoaders(15535): Returning zygote-cached class loader: /system/framework/android.test.base.jar
07-13 23:02:16.222 D/ApplicationLoaders(15535): Returning zygote-cached class loader: /system_ext/framework/androidx.window.extensions.jar
07-13 23:02:16.222 D/CompatChangeReporter( 1728): Compat change id reported: 261072174; UID 10325; state: ENABLED
07-13 23:02:16.223 D/BackgroundInstallControlService( 1728): Package event received: 0
07-13 23:02:16.230 D/BoundBrokerSvc(11973): onBind: Intent { act=com.google.android.gms.onboardingconsent.api.ConsentManagerApiService.START dat=chimera-action:/... xflg=0x4 cmp=com.google.android.gms/.chimera.GmsApiService }
07-13 23:02:16.230 D/BoundBrokerSvc(11973): Loading bound service for intent: Intent { act=com.google.android.gms.onboardingconsent.api.ConsentManagerApiService.START dat=chimera-action:/... xflg=0x4 cmp=com.google.android.gms/.chimera.GmsApiService }
07-13 23:02:16.231 D/Capacitor(15461): Starting BridgeActivity
07-13 23:02:16.233 I/cr_WebViewApkApp(15535): version=149.0.7827.160 (782716003) minSdkVersion=29 processName=com.google.android.webview:sandboxed_process0:org.chromium.content.app.SandboxedProcessService0:0 splits=<none>
07-13 23:02:16.235 D/BackgroundInstallControlService( 1728): Package event received: 0
07-13 23:02:16.239 I/cr_ChildProcessService(15535): Creating new ChildProcessService pid=15535
07-13 23:02:16.247 I/ApexCodecsLazy(15445): ApexCodecs loaded
07-13 23:02:16.247 I/Codec2Client(15445): Available Codec2 services: "default" "default1" "software" "__ApexCodecs__"
07-13 23:02:16.249 I/CCodec  (15445): setting up 'default' as default (vendor) store
07-13 23:02:16.249 I/ConsentManagerApiServic(11973): (REDACTED) ConsentManagerApiService onGetService success %s
07-13 23:02:16.252 W/ColorUtils( 1320): expected specified color aspects (0:0:0:0)
07-13 23:02:16.252 I/samsung.hardware.media.c2@1.2-service( 1320): missing struct descriptor #Param::CoreIndex(--004) for field values of struct #Param::CoreIndex(F-12004)
07-13 23:02:16.253 I/samsung.hardware.media.c2@1.2-service( 1320): missing struct descriptor #Param::CoreIndex(--1812) for field values of struct #Param::CoreIndex(F-11812)
07-13 23:02:16.256 I/CCodec  (15445): Created component [c2.exynos.h264.encoder] for [c2.exynos.h264.encoder]
07-13 23:02:16.256 D/CCodecConfig(15445): read media type: video/avc
07-13 23:02:16.258 D/ReflectedParamUpdater(15445): extent() != 1 for single value type: output.subscribed-indices.values
07-13 23:02:16.258 D/ReflectedParamUpdater(15445): extent() != 1 for single value type: input.buffers.allocator-ids.values
07-13 23:02:16.258 W/cr_media(15461): BLUETOOTH_CONNECT permission is missing.
07-13 23:02:16.258 D/ReflectedParamUpdater(15445): extent() != 1 for single value type: output.buffers.allocator-ids.values
07-13 23:02:16.258 D/ReflectedParamUpdater(15445): extent() != 1 for single value type: output.buffers.pool-ids.values
07-13 23:02:16.258 W/cr_media(15461): getBluetoothAdapter() requires BLUETOOTH permission
07-13 23:02:16.258 W/cr_media(15461): registerBluetoothIntentsIfNeeded: Requires BLUETOOTH permission
07-13 23:02:16.259 I/cr_LibraryLoader(15535): Successfully loaded native library
07-13 23:02:16.261 D/ReflectedParamUpdater(15445): ignored struct field coding.qp.values
07-13 23:02:16.261 W/WindowOnBackDispatcher(15461): OnBackInvokedCallback is not enabled for the application.
07-13 23:02:16.261 W/WindowOnBackDispatcher(15461): Set 'android:enableOnBackInvokedCallback="true"' in the application manifest.
07-13 23:02:16.261 I/ContentCaptureHelper(15461): Setting logging level to OFF
07-13 23:02:16.262 I/cr_CachingUmaRecorder(15535): Flushed 2 samples from 2 histograms, 0 samples were dropped.
07-13 23:02:16.263 W/chromium(15535): [WARNING:content/app/android/content_main_android.cc:82] android_setCpu already initialized
07-13 23:02:16.264 D/ReflectedParamUpdater(15445): ignored struct field coding.gop.values
07-13 23:02:16.264 D/AudioSystem(15461): onNewService: media.audio_policy service obtained 0xb400007873fc86f0
07-13 23:02:16.265 D/AudioSystem(15461): getService: IAudioPolicyService retrieved: 0xb400007873fc86f0  cached: 0xb400007873fc86f0
07-13 23:02:16.266 D/NativePermissionController( 1335): checkPermission: missing 13 for 10325
07-13 23:02:16.266 D/NativePermissionController( 1335): checkPermission: missing 13 for 10325
07-13 23:02:16.267 D/NativePermissionController( 1335): checkPermission: missing 13 for 10325
07-13 23:02:16.267 D/NativePermissionController( 1335): checkPermission: missing 13 for 10325
07-13 23:02:16.268 D/BoundBrokerSvc(11973): onRebind: Intent { act=com.google.android.gms.safebrowsing.SafeBrowsingService.START dat=chimera-action:/... xflg=0x4 cmp=com.google.android.gms/.chimera.GmsBoundBrokerService }
07-13 23:02:16.269 D/CCodecConfig(15445): ignoring local param raw.color (0xc2001809) as it is already supported
07-13 23:02:16.269 I/CCodecConfig(15445): query failed after returning 21 values (BAD_INDEX)
07-13 23:02:16.269 D/CCodecConfig(15445): c2 config diff is Dict {
07-13 23:02:16.269 D/CCodecConfig(15445):   c2::u32 algo.bitrate-mode.value = 3
07-13 23:02:16.269 D/CCodecConfig(15445):   c2::u32 algo.encoding-quality-level.value = 0
07-13 23:02:16.269 D/CCodecConfig(15445):   c2::i32 algo.priority.value = 0
07-13 23:02:16.269 D/CCodecConfig(15445):   c2::float algo.rate.value = 0
07-13 23:02:16.269 D/CCodecConfig(15445):   c2::i32 coded.average-qp.value = 0
07-13 23:02:16.269 D/CCodecConfig(15445):   c2::u32 coded.bitrate-mode.value = 1
07-13 23:02:16.269 D/CCodecConfig(15445):   c2::u32 coded.bitrate.value = 64000
07-13 23:02:16.269 D/CCodecConfig(15445):   c2::float coded.frame-rate.value = 15
07-13 23:02:16.269 D/CCodecConfig(15445):   c2::u32 coded.hdr-format.value = 0
07-13 23:02:16.269 D/CCodecConfig(15445):   c2::u32 coded.picture-type.value = 0
07-13 23:02:16.269 D/CCodecConfig(15445):   c2::u32 coded.pl.level = 20480
07-13 23:02:16.269 D/CCodecConfig(15445):   c2::u32 coded.pl.profile = 20484
07-13 23:02:16.269 D/CCodecConfig(15445):   c2::u32 coding.intra-refresh.mode = 0
07-13 23:02:16.269 D/CCodecConfig(15445):   c2::float coding.intra-refresh.period = 0
07-13 23:02:16.269 D/CCodecConfig(15445):   c2::u32 coding.request-sync-frame.value = 0
07-13 23:02:16.269 D/CCodecConfig(15445):   c2::i64 coding.sync-frame-interval.value = 1000000
07-13 23:02:16.269 D/CCodecConfig(15445):   Buffer coding.temporal-layering = {
07-13 23:02:16.269 D/CCodecConfig(15445):     00000000:  10 00 00 00 07 20 01 52  00 00 00 00 00 00 00 00  ..... .R........
07-13 23:02:16.269 D/CCodecConfig(15445):   }
07-13 23:02:16.269 D/CCodecConfig(15445):   c2::u32 input.delay.value = 0
07-13 23:02:16.269 D/CCodecConfig(15445):   string input.media-type.value = "video/raw"
07-13 23:02:16.269 D/CCodecConfig(15445):   c2::u32 output.buffers.prepend-header.value = 0
07-13 23:02:16.269 D/CCodecConfig(15445):   string output.media-type.value = "video/avc"
07-13 23:02:16.269 D/CCodecConfig(15445):   c2::u32 raw.color.matrix = 0
07-13 23:02:16.269 D/CCodecConfig(15445):   c2::u32 raw.color.primaries = 0
07-13 23:02:16.269 D/CCodecConfig(15445):  
07-13 23:02:16.270 I/MediaCodec(15445): media_quality service unavailable, skipping updatePictureProfile
07-13 23:02:16.273 I/GetConsentOperation(11973): (REDACTED) GetConsentOperation executing for package %s key %s
07-13 23:02:16.273 I/ProtoConsentDataManager(11973): (REDACTED) getConsent: Getting consent for package=[%s], key=[%s]
07-13 23:02:16.279 D/CodecSeeding(15445): Seed: codec c2.exynos.h264.encoder, mediatype video/avc, overrideable 1
07-13 23:02:16.279 D/CodecProperties(15445): setTuningValue(vq-target-bpp,0)
07-13 23:02:16.279 D/CodecProperties(15445): setTuningValue(vq-target-bpp-1080p,1.90)
07-13 23:02:16.279 D/CodecProperties(15445): setTuningValue(vq-target-bpp-720p,2.25)
07-13 23:02:16.279 D/CodecProperties(15445): setTuningValue(vq-target-bpp-540p,2.65)
07-13 23:02:16.279 D/CodecProperties(15445): setTuningValue(vq-target-bpp-480p,3.00)
07-13 23:02:16.279 D/CodecProperties(15445): setTuningValue(vq-target-bpp-320x240,0)
07-13 23:02:16.279 D/CodecProperties(15445): setTuningValue(vq-target-qpmax,-1)
07-13 23:02:16.279 D/CodecProperties(15445): setTuningValue(vq-target-qpmax-1080p,45)
07-13 23:02:16.279 D/CodecProperties(15445): setTuningValue(vq-target-qpmax-720p,43)
07-13 23:02:16.279 D/CodecProperties(15445): setTuningValue(vq-target-qpmax-540p,42)
07-13 23:02:16.279 D/CodecProperties(15445): setTuningValue(vq-target-qpmax-480p,38)
07-13 23:02:16.279 D/CodecProperties(15445): setTuningValue(vq-bitrate-phaseout,1.75)
07-13 23:02:16.279 D/CodecProperties(15445): setTuningValue(vq-boost-missing-qp,0.20)
07-13 23:02:16.279 D/CodecProperties(15445): setFeatureValue(can-swap-width-height,1)
07-13 23:02:16.279 D/CodecProperties(15445): setFeatureValue(qp-bounds,0)
07-13 23:02:16.279 D/CodecProperties(15445): setFeatureValue(vq-minimum-quality,0)
07-13 23:02:16.279 D/CodecProperties(15445): setFeatureValue(_vq_eligible.device,1)
07-13 23:02:16.279 D/CodecProperties(15445): setFeatureValue(_quality.target,1)
07-13 23:02:16.279 D/CodecSeeding(15445): Seed: codec c2.exynos.h264.encoder, mediatype video/avc, overrideable 0
07-13 23:02:16.279 D/VQApply (15445): minquality: 1080x2400 outside of shaping range
07-13 23:02:16.279 D/MediaCodec(15445): shapeMediaFormat: deltas(1): AMessage(what = 0x00000000) = {
07-13 23:02:16.279 D/MediaCodec(15445):     int32_t android._encoding-quality-level = 0
07-13 23:02:16.279 D/MediaCodec(15445):   }
07-13 23:02:16.279 D/CCodec  (15445): [c2.exynos.h264.encoder] buffers are bound to CCodec for this session
07-13 23:02:16.279 D/CCodecConfig(15445): no c2 equivalents for color-format
07-13 23:02:16.279 D/CCodecConfig(15445): no c2 equivalents for max-bframes
07-13 23:02:16.279 D/CCodecConfig(15445): no c2 equivalents for flags
07-13 23:02:16.279 D/CCodecConfig(15445): no c2 equivalents for encoder
07-13 23:02:16.280 D/CCodecConfig(15445): c2 config diff is   c2::u32 coded.bitrate.value = 20000000
07-13 23:02:16.280 D/CCodecConfig(15445):   c2::float coded.frame-rate.value = 60
07-13 23:02:16.280 D/CCodecConfig(15445):   c2::i64 coding.sync-frame-interval.value = 2000000
07-13 23:02:16.280 D/CCodecConfig(15445):   c2::u32 raw.size.height = 2400
07-13 23:02:16.280 D/CCodecConfig(15445):   c2::u32 raw.size.width = 1080
07-13 23:02:16.280 D/CCodec  (15445): encoding statistics level = 0
07-13 23:02:16.280 D/CCodec  (15445): setup formats input: AMessage(what = 0x00000000) = {
07-13 23:02:16.280 D/CCodec  (15445):   int32_t android._color-format = 2130708361
07-13 23:02:16.280 D/CCodec  (15445):   int32_t android._dataspace = 0
07-13 23:02:16.280 D/CCodec  (15445):   int32_t bitrate-mode = 1
07-13 23:02:16.280 D/CCodec  (15445):   int32_t frame-rate = 60
07-13 23:02:16.280 D/CCodec  (15445):   int32_t height = 2400
07-13 23:02:16.280 D/CCodec  (15445):   int32_t intra-refresh-period = 0
07-13 23:02:16.280 D/CCodec  (15445):   string mime = "video/raw"
07-13 23:02:16.280 D/CCodec  (15445):   int32_t prepend-sps-pps-to-idr-frames = 0
07-13 23:02:16.280 D/CCodec  (15445):   int32_t priority = 0
07-13 23:02:16.280 D/CCodec  (15445):   int32_t video-qp-average = 0
07-13 23:02:16.280 D/CCodec  (15445):   int32_t width = 1080
07-13 23:02:16.280 D/CCodec  (15445):   Rect crop(0, 0, 1079, 2399)
07-13 23:02:16.280 D/CCodec  (15445):   int64_t android._C2MemoryUsage = 1125899906908160
07-13 23:02:16.280 D/CCodec  (15445):   int32_t color-format = 2130708361
07-13 23:02:16.280 D/CCodec  (15445): }
07-13 23:02:16.280 D/CCodec  (15445): setup formats output: AMessage(what = 0x00000000) = {
07-13 23:02:16.280 D/CCodec  (15445):   int32_t bitrate = 20000000
07-13 23:02:16.280 D/CCodec  (15445):   int32_t bitrate-mode = 1
07-13 23:02:16.280 D/CCodec  (15445):   Rect crop(0, 0, 1079, 2399)
07-13 23:02:16.280 D/CCodec  (15445):   int32_t width = 1080
07-13 23:02:16.280 D/CCodec  (15445):   int32_t color-standard = 0
07-13 23:02:16.280 D/CCodec  (15445):   int32_t color-range = 0
07-13 23:02:16.280 D/CCodec  (15445):   int32_t color-transfer = 0
07-13 23:02:16.280 D/CCodec  (15445):   int32_t frame-rate = 60
07-13 23:02:16.280 D/CCodec  (15445):   int32_t height = 2400
07-13 23:02:16.280 D/CCodec  (15445):   int32_t intra-refresh-period = 0
07-13 23:02:16.280 D/CCodec  (15445):   int32_t level = 1
07-13 23:02:16.280 D/CCodec  (15445):   int32_t max-bitrate = 20000000
07-13 23:02:16.280 D/CCodec  (15445):   string mime = "video/avc"
07-13 23:02:16.280 D/CCodec  (15445):   int32_t prepend-sps-pps-to-idr-frames = 0
07-13 23:02:16.280 D/CCodec  (15445):   int32_t priority = 0
07-13 23:02:16.280 D/CCodec  (15445):   int32_t profile = 8
07-13 23:02:16.280 D/CCodec  (15445):   int32_t video-qp-average = 0
07-13 23:02:16.280 D/CCodec  (15445): }
07-13 23:02:16.281 I/CCodecConfig(15445): query failed after returning 22 values (BAD_INDEX)
07-13 23:02:16.281 D/CCodecConfig(15445): c2 config diff is   c2::u32 coded.pl.level = 20495
07-13 23:02:16.281 E/screenrecord(15445): Failed to query component interface for required system resources: 6
07-13 23:02:16.281 D/CCodec  (15445): aidl based PersistentSurface created
07-13 23:02:16.281 D/CCodec  (15445): input format changed to AMessage(what = 0x00000000) = {
07-13 23:02:16.281 D/CCodec  (15445):   int32_t android._color-format = 2130708361
07-13 23:02:16.281 D/CCodec  (15445):   int32_t android._dataspace = 260
07-13 23:02:16.281 D/CCodec  (15445):   int32_t bitrate-mode = 1
07-13 23:02:16.281 D/CCodec  (15445):   int32_t frame-rate = 60
07-13 23:02:16.281 D/CCodec  (15445):   int32_t height = 2400
07-13 23:02:16.281 D/CCodec  (15445):   int32_t intra-refresh-period = 0
07-13 23:02:16.281 D/CCodec  (15445):   string mime = "video/raw"
07-13 23:02:16.281 D/CCodec  (15445):   int32_t prepend-sps-pps-to-idr-frames = 0
07-13 23:02:16.281 D/CCodec  (15445):   int32_t priority = 0
07-13 23:02:16.281 D/CCodec  (15445):   int32_t video-qp-average = 0
07-13 23:02:16.281 D/CCodec  (15445):   int32_t width = 1080
07-13 23:02:16.281 D/CCodec  (15445):   Rect crop(0, 0, 1079, 2399)
07-13 23:02:16.281 D/CCodec  (15445):   int64_t android._C2MemoryUsage = 1125899906908160
07-13 23:02:16.281 D/CCodec  (15445):   int32_t color-format = 2130708361
07-13 23:02:16.281 D/CCodec  (15445):   int32_t color-range = 2
07-13 23:02:16.281 D/CCodec  (15445):   int32_t color-standard = 1
07-13 23:02:16.281 D/CCodec  (15445):   int32_t color-transfer = 3
07-13 23:02:16.281 D/CCodec  (15445): }
07-13 23:02:16.281 D/GraphicBufferSource(15445): setting dataspace: 0x10c10000, acquired=0
07-13 23:02:16.281 D/CCodec  (15445): ISConfig not changed
07-13 23:02:16.283 I/ExynosC2H264EncComponent( 1320): [onStart] resource is obtained (2)
07-13 23:02:16.283 I/ExynosC2H264EncComponent( 1320): Creating ECOServiceStatsProvider c2.exynos.h264.encoder video/avc
07-13 23:02:16.283 I/ECOServiceStatsProvider( 1320): Connected to ecoservice
07-13 23:02:16.283 I/ECOService( 1320): ECOService::obtainSession w: 1080, h: 2400, isCameraRecording: 1
07-13 23:02:16.283 E/ECOSession( 1320): Failed to create ECOSession with w: 1080, h: 2400, isCameraRecording: 1
07-13 23:02:16.283 E/ECOService( 1320): ECOService failed to create ECOSession w: 1080, h: 2400, isCameraRecording: 1
07-13 23:02:16.283 E/ECOServiceStatsProvider( 1320): Failed to obtain an ECO session
07-13 23:02:16.283 E/ExynosC2H264EncComponent( 1320): Failed to create stats provider
07-13 23:02:16.284 D/libexynosv4l2( 1320): try node: /dev/video6
07-13 23:02:16.284 D/libexynosv4l2( 1320): try node: /dev/video7
07-13 23:02:16.284 I/libexynosv4l2( 1320): node found for device s5p-mfc-enc: /dev/video7
07-13 23:02:16.286 W/chromium(15535): [WARNING:content/child/runtime_features.cc:546] Fenced frames cannot be enabled in this configuration. Use --enable-features=FencedFrames instead.
07-13 23:02:16.286 W/chromium(15535): [WARNING:content/child/runtime_features.cc:571] Topics cannot be enabled in this configuration. Use --enable-features=BrowsingTopics in addition.
07-13 23:02:16.286 W/chromium(15535): [WARNING:content/child/runtime_features.cc:592] SharedStorage cannot be enabled in this configuration. Use --enable-features=SharedStorageAPI in addition.
07-13 23:02:16.287 I/AiAiVC  ( 4108): (REDACTED) Centralized allowlist: requested package %s is in the allowlist
07-13 23:02:16.287 I/AiAiVC  ( 4108): (REDACTED) Centralized allowlist: requested package %s is in the allowlist
07-13 23:02:16.287 I/AiAiVC  ( 4108): (REDACTED) Centralized allowlist: requested package %s is in the allowlist
07-13 23:02:16.287 I/AiAiVC  ( 4108): (REDACTED) Centralized allowlist: requested package %s is in the allowlist
07-13 23:02:16.287 I/AiAiVC  ( 4108): (REDACTED) Centralized allowlist: requested package %s is in the allowlist
07-13 23:02:16.287 I/AiAiVC  ( 4108): (REDACTED) Centralized allowlist: requested package %s is in the allowlist
07-13 23:02:16.287 I/AiAiVC  ( 4108): (REDACTED) Centralized allowlist: requested package %s is in the allowlist
07-13 23:02:16.287 I/AiAiVC  ( 4108): (REDACTED) Centralized allowlist: requested package %s is in the allowlist
07-13 23:02:16.287 I/AiAiVC  ( 4108): (REDACTED) Centralized allowlist: requested package %s is in the allowlist
07-13 23:02:16.287 I/AiAiVC  ( 4108): (REDACTED) Centralized allowlist: requested package %s is in the allowlist
07-13 23:02:16.287 I/AiAiVC  ( 4108): (REDACTED) Centralized allowlist: requested package %s is in the allowlist
07-13 23:02:16.287 I/AiAiVC  ( 4108): (REDACTED) Centralized allowlist: requested package %s is in the allowlist
07-13 23:02:16.287 I/AiAiVC  ( 4108): (REDACTED) Centralized allowlist: requested package %s is in the allowlist
07-13 23:02:16.287 I/AiAiVC  ( 4108): (REDACTED) Centralized allowlist: requested package %s is in the allowlist
07-13 23:02:16.287 I/AiAiVC  ( 4108): (REDACTED) Centralized allowlist: requested package %s is in the allowlist
07-13 23:02:16.287 I/AiAiVC  ( 4108): (REDACTED) Centralized allowlist: requested package %s is in the allowlist
07-13 23:02:16.287 I/AiAiVC  ( 4108): (REDACTED) Centralized allowlist: requested package %s is in the allowlist
07-13 23:02:16.287 I/AiAiVC  ( 4108): (REDACTED) Centralized allowlist: requested package %s is in the allowlist
07-13 23:02:16.287 I/AiAiVC  ( 4108): (REDACTED) Centralized allowlist: requested package %s is in the allowlist
07-13 23:02:16.287 I/AiAiVC  ( 4108): (REDACTED) Centralized allowlist: requested package %s is in the allowlist
07-13 23:02:16.287 I/AiAiVC  ( 4108): (REDACTED) Centralized allowlist: requested component %s is in the allowlist
07-13 23:02:16.287 I/AiAiVC  ( 4108): (REDACTED) Centralized allowlist: requested component %s is in the allowlist
07-13 23:02:16.287 I/AiAiVC  ( 4108): (REDACTED) Centralized allowlist: requested component %s is in the allowlist
07-13 23:02:16.287 I/AiAiVC  ( 4108): (REDACTED) Centralized allowlist: requested component %s is in the allowlist
07-13 23:02:16.287 I/AiAiVC  ( 4108): (REDACTED) Centralized allowlist: requested component %s is in the allowlist
07-13 23:02:16.287 I/AiAiVC  ( 4108): (REDACTED) Centralized allowlist: requested component %s is in the allowlist
07-13 23:02:16.288 I/AiAiVC  ( 4108): (REDACTED) Centralized allowlist: requested component %s is in the allowlist
07-13 23:02:16.292 I/GetConsentOperation(11973): GetConsentOperation success [CONTEXT service_id=460 ]
07-13 23:02:16.294 I/libexynosv4l2( 1320): open video device /dev/video7
07-13 23:02:16.296 I/CameraManagerGlobal(15461): Connecting to camera service
07-13 23:02:16.300 D/CCodecBufferChannel(15445): [c2.exynos.h264.encoder#437] Created input block pool with allocatorID 17 => poolID 17 - OK (0)
07-13 23:02:16.300 D/C2Store (15445): debug.c2.use_dmabufheaps set, forcing DMABUF Heaps
07-13 23:02:16.300 D/C2Store (15445): Using DMABUF Heaps
07-13 23:02:16.302 I/CCodecBufferChannel(15445): [c2.exynos.h264.encoder#437] Created output block pool with allocatorID 16 => poolID 98 - OK
07-13 23:02:16.302 D/CCodecBufferChannel(15445): [c2.exynos.h264.encoder#437] Configured output block pool ids 98 => OK
07-13 23:02:16.302 W/ResourceManagerServiceUtils( 1470): Ignoring request to add new resource entry with value <= 0
07-13 23:02:16.304 I/cr_AppResProvider(15461): #getApplicationRestrictionsFromUserManager() Bundle[EMPTY_PARCEL]
07-13 23:02:16.304 I/cr_PolicyProvider(15461): #notifySettingsAvailable() 0
07-13 23:02:16.304 I/cr_CombinedPProvider(15461): #onSettingsAvailable() 0
07-13 23:02:16.304 I/cr_CombinedPProvider(15461): #flushPolicies()
07-13 23:02:16.307 D/VRI[MainActivity](15461): WindowInsets changed: 1080x2400 statusBars:[0,132,0,0] navigationBars:[0,0,0,63] mandatorySystemGestures:[0,164,0,84] 
07-13 23:02:16.307 D/WindowOnBackDispatcher(15461): setTopOnBackInvokedCallback (unwrapped): android.view.ViewRootImpl$$ExternalSyntheticLambda25@3c0d715
07-13 23:02:16.309 D/SurfaceFlinger(  552): Creating virtual display: ScreenRecorder
07-13 23:02:16.317 I/FontLog (11948): (REDACTED) Received query %s, URI %s
07-13 23:02:16.317 I/FontLog (11948): (REDACTED) Query [%s] resolved to %s
07-13 23:02:16.319 I/MediaProvider( 4081): Deleted 0 0 0 1 0 0 0 items on external_primary due to com.android.shell
07-13 23:02:16.322 D/CoreBackPreview( 1728): Window{4ff2f2b u0 com.gunnchos.archiveoflife/com.gunnchos.archiveoflife.MainActivity}: Setting back callback OnBackInvokedCallbackInfo{mCallback=android.window.IOnBackInvokedCallback$Stub$Proxy@9cc9e39, mPriority=0, mIsAnimationCallback=false, mOverrideBehavior=0}
07-13 23:02:16.323 W/MediaProvider( 4081): isAppCloneUserPair for user 0: false
07-13 23:02:16.323 I/FontLog (11948): (REDACTED) Font PFD returned from cache for %s
07-13 23:02:16.323 I/FontLog (11948): (REDACTED) Fetch %s end status %s
07-13 23:02:16.324 I/FontLog (11948): (REDACTED) Pulling font file for id = %d, cache size = %d
07-13 23:02:16.327 I/FontLog (11948): (REDACTED) Received query %s, URI %s
07-13 23:02:16.328 E/SurfaceFlinger(  552): [ScreenRecorder] getUniqueId: Invalid operation on virtual display
07-13 23:02:16.328 I/FontLog (11948): (REDACTED) Query [%s] resolved to %s
07-13 23:02:16.328 D/SurfaceFlinger(  552): processDisplayAdded: Optimizing thread scheduling: optimizeForPerformance
07-13 23:02:16.337 I/AiAiVC  ( 4108): (REDACTED) Centralized allowlist: requested package %s is in the allowlist
07-13 23:02:16.337 I/AiAiVC  ( 4108): (REDACTED) Centralized allowlist: requested package %s is in the allowlist
07-13 23:02:16.337 I/AiAiVC  ( 4108): (REDACTED) Centralized allowlist: requested package %s is in the allowlist
07-13 23:02:16.337 I/AiAiVC  ( 4108): (REDACTED) Centralized allowlist: requested package %s is in the allowlist
07-13 23:02:16.337 I/AiAiVC  ( 4108): (REDACTED) Centralized allowlist: requested package %s is in the allowlist
07-13 23:02:16.337 I/AiAiVC  ( 4108): (REDACTED) Centralized allowlist: requested package %s is in the allowlist
07-13 23:02:16.337 I/AiAiVC  ( 4108): (REDACTED) Centralized allowlist: requested package %s is in the allowlist
07-13 23:02:16.337 I/AiAiVC  ( 4108): (REDACTED) Centralized allowlist: requested package %s is in the allowlist
07-13 23:02:16.337 I/AiAiVC  ( 4108): (REDACTED) Centralized allowlist: requested package %s is in the allowlist
07-13 23:02:16.337 I/AiAiVC  ( 4108): (REDACTED) Centralized allowlist: requested package %s is in the allowlist
07-13 23:02:16.337 I/AiAiVC  ( 4108): (REDACTED) Centralized allowlist: requested package %s is in the allowlist
07-13 23:02:16.337 I/AiAiVC  ( 4108): (REDACTED) Centralized allowlist: requested package %s is in the allowlist
07-13 23:02:16.337 I/AiAiVC  ( 4108): (REDACTED) Centralized allowlist: requested package %s is in the allowlist
07-13 23:02:16.337 I/AiAiVC  ( 4108): (REDACTED) Centralized allowlist: requested package %s is in the allowlist
07-13 23:02:16.337 I/AiAiVC  ( 4108): (REDACTED) Centralized allowlist: requested package %s is in the allowlist
07-13 23:02:16.337 I/AiAiVC  ( 4108): (REDACTED) Centralized allowlist: requested package %s is in the allowlist
07-13 23:02:16.337 I/AiAiVC  ( 4108): (REDACTED) Centralized allowlist: requested package %s is in the allowlist
07-13 23:02:16.337 I/AiAiVC  ( 4108): (REDACTED) Centralized allowlist: requested package %s is in the allowlist
07-13 23:02:16.337 I/AiAiVC  ( 4108): (REDACTED) Centralized allowlist: requested package %s is in the allowlist
07-13 23:02:16.337 I/AiAiVC  ( 4108): (REDACTED) Centralized allowlist: requested package %s is in the allowlist
07-13 23:02:16.337 I/AiAiVC  ( 4108): (REDACTED) Centralized allowlist: requested component %s is in the allowlist
07-13 23:02:16.337 I/AiAiVC  ( 4108): (REDACTED) Centralized allowlist: requested component %s is in the allowlist
07-13 23:02:16.337 I/AiAiVC  ( 4108): (REDACTED) Centralized allowlist: requested component %s is in the allowlist
07-13 23:02:16.337 I/AiAiVC  ( 4108): (REDACTED) Centralized allowlist: requested component %s is in the allowlist
07-13 23:02:16.337 I/AiAiVC  ( 4108): (REDACTED) Centralized allowlist: requested component %s is in the allowlist
07-13 23:02:16.337 I/AiAiVC  ( 4108): (REDACTED) Centralized allowlist: requested component %s is in the allowlist
07-13 23:02:16.337 I/AiAiVC  ( 4108): (REDACTED) Centralized allowlist: requested component %s is in the allowlist
07-13 23:02:16.338 I/Icing   (11973): IndexChimeraService.getServiceInterface callingPackage=com.google.android.gms componentName=AppsCorpus serviceId=36
07-13 23:02:16.339 I/FontLog (11948): (REDACTED) Fetch %s end status %s
07-13 23:02:16.340 D/MPEG4Writer(15445): PreAllocation enabled
07-13 23:02:16.340 I/FontLog (11948): (REDACTED) Pulling font file for id = %d, cache size = %d
07-13 23:02:16.341 I/ContentCaptureHelper(15461): Setting logging level to OFF
07-13 23:02:16.342 I/FontLog (11948): (REDACTED) Received query %s, URI %s
07-13 23:02:16.342 I/FontLog (11948): (REDACTED) Query [%s] resolved to %s
07-13 23:02:16.342 I/AiAiVC  ( 4108): (REDACTED) Centralized allowlist: requested package %s is in the allowlist
07-13 23:02:16.343 I/AiAiVC  ( 4108): (REDACTED) Centralized allowlist: requested package %s is in the allowlist
07-13 23:02:16.343 I/AiAiVC  ( 4108): (REDACTED) Centralized allowlist: requested package %s is in the allowlist
07-13 23:02:16.343 I/AiAiVC  ( 4108): (REDACTED) Centralized allowlist: requested package %s is in the allowlist
07-13 23:02:16.343 I/AiAiVC  ( 4108): (REDACTED) Centralized allowlist: requested package %s is in the allowlist
07-13 23:02:16.343 I/FontLog (11948): (REDACTED) Font PFD returned from cache for %s
07-13 23:02:16.343 I/AiAiVC  ( 4108): (REDACTED) Centralized allowlist: requested package %s is in the allowlist
07-13 23:02:16.343 I/AiAiVC  ( 4108): (REDACTED) Centralized allowlist: requested package %s is in the allowlist
07-13 23:02:16.343 I/FontLog (11948): (REDACTED) Fetch %s end status %s
07-13 23:02:16.343 I/AiAiVC  ( 4108): (REDACTED) Centralized allowlist: requested package %s is in the allowlist
07-13 23:02:16.343 I/AiAiVC  ( 4108): (REDACTED) Centralized allowlist: requested package %s is in the allowlist
07-13 23:02:16.343 I/AiAiVC  ( 4108): (REDACTED) Centralized allowlist: requested package %s is in the allowlist
07-13 23:02:16.343 I/AiAiVC  ( 4108): (REDACTED) Centralized allowlist: requested package %s is in the allowlist
07-13 23:02:16.343 I/AiAiVC  ( 4108): (REDACTED) Centralized allowlist: requested package %s is in the allowlist
07-13 23:02:16.343 I/AiAiVC  ( 4108): (REDACTED) Centralized allowlist: requested package %s is in the allowlist
07-13 23:02:16.343 I/AiAiVC  ( 4108): (REDACTED) Centralized allowlist: requested package %s is in the allowlist
07-13 23:02:16.343 I/AiAiVC  ( 4108): (REDACTED) Centralized allowlist: requested package %s is in the allowlist
07-13 23:02:16.343 I/AiAiVC  ( 4108): (REDACTED) Centralized allowlist: requested package %s is in the allowlist
07-13 23:02:16.343 I/AiAiVC  ( 4108): (REDACTED) Centralized allowlist: requested package %s is in the allowlist
07-13 23:02:16.343 I/AiAiVC  ( 4108): (REDACTED) Centralized allowlist: requested package %s is in the allowlist
07-13 23:02:16.343 I/AiAiVC  ( 4108): (REDACTED) Centralized allowlist: requested package %s is in the allowlist
07-13 23:02:16.343 I/AiAiVC  ( 4108): (REDACTED) Centralized allowlist: requested package %s is in the allowlist
07-13 23:02:16.343 I/AiAiVC  ( 4108): (REDACTED) Centralized allowlist: requested component %s is in the allowlist
07-13 23:02:16.343 I/AiAiVC  ( 4108): (REDACTED) Centralized allowlist: requested component %s is in the allowlist
07-13 23:02:16.343 I/AiAiVC  ( 4108): (REDACTED) Centralized allowlist: requested component %s is in the allowlist
07-13 23:02:16.343 I/AiAiVC  ( 4108): (REDACTED) Centralized allowlist: requested component %s is in the allowlist
07-13 23:02:16.343 I/AiAiVC  ( 4108): (REDACTED) Centralized allowlist: requested component %s is in the allowlist
07-13 23:02:16.343 I/AiAiVC  ( 4108): (REDACTED) Centralized allowlist: requested component %s is in the allowlist
07-13 23:02:16.343 I/AiAiVC  ( 4108): (REDACTED) Centralized allowlist: requested component %s is in the allowlist
07-13 23:02:16.344 I/FontLog (11948): (REDACTED) Pulling font file for id = %d, cache size = %d
07-13 23:02:16.346 I/ActivityTaskManager( 1728): Displayed com.gunnchos.archiveoflife/.MainActivity for user 0: +303ms
07-13 23:02:16.348 I/FontLog (11948): (REDACTED) Received query %s, URI %s
07-13 23:02:16.348 I/FontLog (11948): (REDACTED) Query [%s] resolved to %s
07-13 23:02:16.349 I/FontLog (11948): (REDACTED) Font PFD returned from cache for %s
07-13 23:02:16.349 I/FontLog (11948): (REDACTED) Fetch %s end status %s
07-13 23:02:16.350 I/WPKTRT  ( 1446): process_address_event: 2601:243:e186:2200:5c8f:ffff:fee2:91ed added to wlan0
07-13 23:02:16.350 I/WPKTRT  ( 1446): process_address_event: 2601:243:e186:2200:2361:9bc4:fc65:b773 added to wlan0
07-13 23:02:16.353 D/IpClient/wlan0( 2555): addressUpdated: 2601:243:e186:2200:5c8f:ffff:fee2:91ed/64 on ifindex 47 flags 0x00000100 scope 0
07-13 23:02:16.353 D/IpClient/wlan0( 2555): addressUpdated: 2601:243:e186:2200:2361:9bc4:fc65:b773/64 on ifindex 47 flags 0x00000001 scope 0
07-13 23:02:16.353 W/AlarmManager( 2555): Unrecognized alarm listener com.android.networkstack.android.net.ip.IpClientLinkObserver$Dhcp6PdPreferredPrefixAlarmListener@e6d19e8
07-13 23:02:16.353 I/AiAiVC  ( 4108): (REDACTED) Centralized allowlist: requested package %s is in the allowlist
07-13 23:02:16.353 I/AiAiVC  ( 4108): (REDACTED) Centralized allowlist: requested package %s is in the allowlist
07-13 23:02:16.353 I/AiAiVC  ( 4108): (REDACTED) Centralized allowlist: requested package %s is in the allowlist
07-13 23:02:16.353 I/AiAiVC  ( 4108): (REDACTED) Centralized allowlist: requested package %s is in the allowlist
07-13 23:02:16.353 I/AiAiVC  ( 4108): (REDACTED) Centralized allowlist: requested package %s is in the allowlist
07-13 23:02:16.353 I/AiAiVC  ( 4108): (REDACTED) Centralized allowlist: requested package %s is in the allowlist
07-13 23:02:16.353 I/AiAiVC  ( 4108): (REDACTED) Centralized allowlist: requested package %s is in the allowlist
07-13 23:02:16.353 I/AiAiVC  ( 4108): (REDACTED) Centralized allowlist: requested package %s is in the allowlist
07-13 23:02:16.354 I/AiAiVC  ( 4108): (REDACTED) Centralized allowlist: requested package %s is in the allowlist
07-13 23:02:16.354 I/AiAiVC  ( 4108): (REDACTED) Centralized allowlist: requested package %s is in the allowlist
