07-13 23:02:37.725 D/ApfFilter( 2555): (wlan0): Ignoring RA RA fe80::eea8:1fff:fe03:27a -> ff02::1 180s 2601:243:e186:2200::/64 3834s/3834s DNS 180s 2001:558:feed::1 2001:558:feed::2 RIO 180s ::/0  which matches RA fe80::eea8:1fff:fe03:27a -> ff02::1 180s 2601:243:e186:2200::/64 3834s/3834s DNS 180s 2001:558:feed::1 2001:558:feed::2 RIO 180s ::/0 
07-13 23:02:38.054 I/adbd    (17380): adbd service requested 'exec:screencap '-p''
07-13 23:02:38.068 D/ActivityManager( 1728): freezing 27302 com.google.android.apps.photos
07-13 23:02:38.074 D/InetDiagMessage( 1728): Destroyed 0 sockets, proto=IPPROTO_TCP, family=AF_INET, states=14
07-13 23:02:38.080 D/InetDiagMessage( 1728): Destroyed 0 sockets, proto=IPPROTO_TCP, family=AF_INET6, states=14
07-13 23:02:38.080 D/InetDiagMessage( 1728): Destroyed live tcp sockets for uids={10184} in 7ms
07-13 23:02:38.153 W/libbinder.BackendUnifiedServiceManager(15851): Thread Pool max thread count is 0. Cannot cache binder as linkToDeath cannot be implemented. serviceName: SurfaceFlingerAIDL
07-13 23:02:38.154 W/libbinder.BpBinder(15851): Linking to death on android.gui.ISurfaceComposer but there are no threads (yet?) listening to incoming transactions. See ProcessState::startThreadPool and ProcessState::setThreadPoolMaxThreadCount. Generally you should setup the binder threadpool before other initialization steps.
07-13 23:02:38.154 W/libbinder.ProcessState(15851): Extra binder thread started, but 0 threads requested. Do not use *startThreadPool when zero threads are requested.
07-13 23:02:38.563 I/adbd    (17380): adbd service requested 'shell,v2,TERM=dumb,raw:input swipe 540 1300 700 1100 400'
07-13 23:02:39.350 I/adbd    (17380): adbd service requested 'shell,v2,TERM=dumb,raw:input swipe 540 1300 700 1100 400'
07-13 23:02:39.364 D/ActivityManager( 1728): freezing 7264 com.android.vending:background
07-13 23:02:39.371 D/ActivityManager( 1728): freezing 7214 com.android.vending
07-13 23:02:39.376 D/ActivityManager( 1728): freezing 16464 com.android.vending:instant_app_installer
07-13 23:02:39.377 D/ActivityManager( 1728): freezing 16410 com.android.vending:quick_launch
07-13 23:02:39.382 D/InetDiagMessage( 1728): Destroyed 0 sockets, proto=IPPROTO_TCP, family=AF_INET, states=14
07-13 23:02:39.383 D/InetDiagMessage( 1728): Destroyed 0 sockets, proto=IPPROTO_TCP, family=AF_INET6, states=14
07-13 23:02:39.384 D/InetDiagMessage( 1728): Destroyed live tcp sockets for uids={10114} in 3ms
07-13 23:02:39.822 I/WifiHAL ( 1334): Creating message to get link statistics; iface = 47
07-13 23:02:39.921 D/WifiHAL ( 1334): Start debug command: mType GET_FEATURE
07-13 23:02:39.921 I/WifiHAL ( 1334): CreateRequest mType = GET_FEATURE
07-13 23:02:39.921 D/WifiHAL ( 1334): In DebugCommand::handleResponse, mType:GET_FEATURE
07-13 23:02:39.921 D/WifiHAL ( 1334): len = 4, expected len = 4
07-13 23:02:40.157 I/adbd    (17380): adbd service requested 'shell,v2,TERM=dumb,raw:input swipe 540 1300 700 1100 400'
07-13 23:02:40.518 D/IpClient/wlan0( 2555): addressUpdated: 2601:243:e186:2200:5c8f:ffff:fee2:91ed/64 on ifindex 47 flags 0x00000100 scope 0
07-13 23:02:40.518 D/IpClient/wlan0( 2555): addressUpdated: 2601:243:e186:2200:2361:9bc4:fc65:b773/64 on ifindex 47 flags 0x00000001 scope 0
07-13 23:02:40.518 W/AlarmManager( 2555): Unrecognized alarm listener com.android.networkstack.android.net.ip.IpClientLinkObserver$Dhcp6PdPreferredPrefixAlarmListener@e6d19e8
07-13 23:02:40.519 I/WPKTRT  ( 1446): process_address_event: 2601:243:e186:2200:5c8f:ffff:fee2:91ed added to wlan0
07-13 23:02:40.520 I/WPKTRT  ( 1446): process_address_event: 2601:243:e186:2200:2361:9bc4:fc65:b773 added to wlan0
07-13 23:02:40.520 D/ApfFilter( 2555): (wlan0): Ignoring RA RA fe80::eea8:1fff:fe03:27a -> ff02::1 180s 2601:243:e186:2200::/64 3834s/3834s DNS 180s 2001:558:feed::1 2001:558:feed::2 RIO 180s ::/0  which matches RA fe80::eea8:1fff:fe03:27a -> ff02::1 180s 2601:243:e186:2200::/64 3834s/3834s DNS 180s 2001:558:feed::1 2001:558:feed::2 RIO 180s ::/0 
07-13 23:02:40.963 I/adbd    (17380): adbd service requested 'shell,v2,TERM=dumb,raw:input swipe 540 1300 700 1100 400'
07-13 23:02:41.453 D/BoundBrokerSvc(11973): onUnbind: Intent { act=com.google.android.gms.pay.service.BIND dat=chimera-action:/... xflg=0x4 cmp=com.google.android.gms/.chimera.GmsApiService }
07-13 23:02:41.957 I/adbd    (17380): adbd service requested 'shell,v2,TERM=dumb,raw:input tap 600 1000'
07-13 23:02:42.877 D/TemperatureStateSource( 2628): sequence=5944 actualDelay=10003
07-13 23:02:42.878 D/TemperatureStateSource( 2628): Reading temperature: sequence=5945
07-13 23:02:42.887 I/pixel-thermal( 2026): VIRTUAL-SKIN:31.6498 raw data: VIRTUAL-NEUTRAL:31649.8 VIRTUAL-NEUTRAL-SKIN2:31483 VIRTUAL-QUIET-NEUTRAL:30387.6 VIRTUAL-SKIN:31649.8 disp_therm:30169 gnss_tcxo_therm:32173 neutral_therm:30949 quiet_therm:30147 skin_therm1:32284 skin_therm2:32729 
07-13 23:02:42.888 D/TemperatureStateSource( 2628): getDeviceTemperatures: sequence=5945 deviceTemperatureType=3 temperatureSource=0 temperatures=[31.649801]
07-13 23:02:42.888 D/BusinessScope( 2628): Enqueuing the block
07-13 23:02:42.889 D/TemperatureStateSource( 2628): sequence=5945 waitTime=10000
07-13 23:02:42.889 D/BusinessScope( 2628): Start running the #12268 block
07-13 23:02:42.890 D/BusinessScope( 2628): Enqueuing the block
07-13 23:02:42.890 D/ImpulseStateSource( 2628): Notify clients: 6132
07-13 23:02:42.890 D/BusinessScope( 2628): Finish running the #12268 block
07-13 23:02:42.890 D/BusinessScope( 2628): Start running the #12269 block
07-13 23:02:42.891 D/BusinessScope( 2628): Finish running the #12269 block
07-13 23:02:42.932 I/WifiHAL ( 1334): Creating message to get link statistics; iface = 47
07-13 23:02:43.068 D/WifiHAL ( 1334): Start debug command: mType GET_FEATURE
07-13 23:02:43.068 I/WifiHAL ( 1334): CreateRequest mType = GET_FEATURE
07-13 23:02:43.069 D/WifiHAL ( 1334): In DebugCommand::handleResponse, mType:GET_FEATURE
07-13 23:02:43.069 D/WifiHAL ( 1334): len = 4, expected len = 4
07-13 23:02:43.072 I/adbd    (17380): adbd service requested 'exec:screencap '-p''
07-13 23:02:43.175 W/libbinder.BackendUnifiedServiceManager(15885): Thread Pool max thread count is 0. Cannot cache binder as linkToDeath cannot be implemented. serviceName: SurfaceFlingerAIDL
07-13 23:02:43.175 W/libbinder.BpBinder(15885): Linking to death on android.gui.ISurfaceComposer but there are no threads (yet?) listening to incoming transactions. See ProcessState::startThreadPool and ProcessState::setThreadPoolMaxThreadCount. Generally you should setup the binder threadpool before other initialization steps.
07-13 23:02:43.175 W/libbinder.ProcessState(15885): Extra binder thread started, but 0 threads requested. Do not use *startThreadPool when zero threads are requested.
07-13 23:02:43.387 I/WPKTRT  ( 1446): process_address_event: 2601:243:e186:2200:5c8f:ffff:fee2:91ed added to wlan0
07-13 23:02:43.388 I/WPKTRT  ( 1446): process_address_event: 2601:243:e186:2200:2361:9bc4:fc65:b773 added to wlan0
07-13 23:02:43.388 D/IpClient/wlan0( 2555): addressUpdated: 2601:243:e186:2200:5c8f:ffff:fee2:91ed/64 on ifindex 47 flags 0x00000100 scope 0
07-13 23:02:43.388 D/IpClient/wlan0( 2555): addressUpdated: 2601:243:e186:2200:2361:9bc4:fc65:b773/64 on ifindex 47 flags 0x00000001 scope 0
07-13 23:02:43.389 W/AlarmManager( 2555): Unrecognized alarm listener com.android.networkstack.android.net.ip.IpClientLinkObserver$Dhcp6PdPreferredPrefixAlarmListener@e6d19e8
07-13 23:02:43.390 D/ApfFilter( 2555): (wlan0): Ignoring RA RA fe80::eea8:1fff:fe03:27a -> ff02::1 180s 2601:243:e186:2200::/64 3834s/3834s DNS 180s 2001:558:feed::1 2001:558:feed::2 RIO 180s ::/0  which matches RA fe80::eea8:1fff:fe03:27a -> ff02::1 180s 2601:243:e186:2200::/64 3834s/3834s DNS 180s 2001:558:feed::1 2001:558:feed::2 RIO 180s ::/0 
07-13 23:02:43.527 I/adbd    (17380): adbd service requested 'shell,v2,TERM=dumb,raw:input keyevent KEYCODE_HOME'
07-13 23:02:43.578 W/ActivityTaskManager( 1728): callingPackage for (uid=-1, pid=0) has no WPC
07-13 23:02:43.579 W/ActivityStartInterceptor( 1728): Starting home with component specified, uid=0
07-13 23:02:43.581 V/GrammaticalInflectionUtils( 1728): AttributionSource: android.content.AttributionSource@108ecaab does not have READ_SYSTEM_GRAMMATICAL_GENDER permission.
07-13 23:02:43.584 D/Bubbles ( 2443): BubbleTaskStackListener.onTaskMovedToFront(): taskId=5
07-13 23:02:43.584 D/b/417220811( 2792): invalidateLoadedTasks - previous requestLoadId: -1
07-13 23:02:43.585 D/BackgroundInstallControlService( 1728): Package event received: 0
07-13 23:02:43.587 D/BackgroundInstallControlService( 1728): Package event received: 0
07-13 23:02:43.587 D/BackgroundInstallControlService( 1728): Package event received: 0
07-13 23:02:43.588 D/ViewRootImpl( 2792): Skipping stats log for color mode
07-13 23:02:43.588 V/WindowManagerShell( 2443): Transition requested (#277): android.os.BinderProxy@d96e5fd TransitionRequestInfo { type = OPEN, triggerTask = TaskInfo{userId=0 taskId=5 effectiveUid=10205 displayId=0 isRunning=true baseIntent=Intent { act=android.intent.action.MAIN cat=[android.intent.category.HOME] flg=0x10000100 cmp=com.google.android.apps.nexuslauncher/.NexusLauncherActivity } baseActivity=ComponentInfo{com.google.android.apps.nexuslauncher/com.google.android.apps.nexuslauncher.NexusLauncherActivity} topActivity=ComponentInfo{com.google.android.apps.nexuslauncher/com.google.android.apps.nexuslauncher.NexusLauncherActivity} origActivity=null realActivity=ComponentInfo{com.google.android.apps.nexuslauncher/com.google.android.apps.nexuslauncher.NexusLauncherActivity} realActivityIsAppLockEnabled=false numActivities=1 lastActiveTime=210960849 supportsMultiWindow=true resizeMode=2 isResizeable=true minWidth=-1 minHeight=-1 defaultMinSize=220 token=WCT{android.os.BinderProxy@b6561e3} topActivityType=2 pictureInPictureParams=null shouldDockBigOverlays=false launchIntoPipHostTaskId=-1 lastParentTaskIdBeforePip=-1 displayCutoutSafeInsets=Rect(0, 0 - 0, 0) topActivityInfo=ActivityInfo{20132f2 com.google.android.apps.nexuslauncher.NexusLauncherActivity} launchCookies=[] positionInParent=Point(0, 0) parentTaskId=-1 isFocused=true isVisible=false isVisibleRequested=true isTopActivityNoDisplay=false isSleeping=false locusId=LocusId[17_chars] displayAreaFeatureId=1 isTopActivityTransparent=false isActivityStackTransparent=false lastNonFullscreenBounds=Rect(276, 694 - 804, 1774) leafTaskBoundsFromOptions= false capturedLink=null capturedLinkTimestamp=0 requestedVisibleTypes=503 topActivityRequestOpenInBrowserEducationTimestamp=0 appCompatTaskInfo=AppCompatTaskInfo { topActivityInSizeCompat=false isLeafTask= true eligibleForLetterboxEducation= false isLetterboxEducationEnabled= false isLetterboxDoubleTapEnabled= false eligibleForUserAspectRatioButton= false topActivityBoundsLetterboxed= false isFromLetterboxDoubleTap= false topActivityLetterboxVerticalPosition= -1 topActivityLetterboxHorizontalPosition= -1 topActivityLetterboxWidth=-1 topActivityLetterboxHeight=-1 topActivityAppBounds=Rect(0, 0 - 1080, 2400) isUserFullscreenOverrideEnabled=false isSystemFullscreenOverrideEnabled=false hasMinAspectRatioOverride=false topActivityLetterboxBounds=null topNonResizableActivityAspectRatio=-1.0} topActivityMainWindowFrame=null isAppBubble=false}, pipChange = null, remoteTransitionInfo = null, displayChange = null, requestedLocation = null, userChange = null, windowingLayerChange = null, fullscreenRequestChange = null, flags = 0, debugId = 277 }
07-13 23:02:43.588 W/DisplayDisconnectTransitionHandler( 2443): No disconnect change found in the transition, not handling request.
07-13 23:02:43.588 D/BaseActivity( 2792): Launcher flags updated: [state_started] +[state_started]
07-13 23:02:43.588 V/WindowManager( 1728): Defer transition id=277 for TaskFragmentTransaction=android.os.Binder@47236cc
07-13 23:02:43.588 D/ShellSplitScreen( 2443): logExit: no-op, mLoggerSessionId is null
07-13 23:02:43.588 D/OverviewCommandHelper( 2792): Launcher.onNewIntent: alreadyOnHome: false, shouldMoveToDefaultScreen: false, intentAction: android.intent.action.MAIN, internalStateHandled: false
07-13 23:02:43.588 D/TFOManager( 2792): playPanelCloseAnimation() duration=200 traceTag=LauncherOverlay-hide isHomeButtonTap=true
07-13 23:02:43.588 D/TFOManager( 2792): Skipped creating panel close animation because -1 is invisible.
07-13 23:02:43.588 D/OverviewCommandHelper( 2792): clearing pending commands: []
07-13 23:02:43.588 D/BaseActivity( 2792): Launcher flags updated: [state_started|state_resumed|state_user_active] +[state_resumed|state_user_active]
07-13 23:02:43.588 V/ActivityTaskManager( 1728): TaskLaunchParamsModifier: phase=3 task=Task{2bbd0b8 #5 type=home I=com.google.android.apps.nexuslauncher/.NexusLauncherActivity} activity=ActivityRecord{150390814 u0 com.google.android.apps.nexuslauncher/.NexusLauncherActivity t-1} display-area-token-from-option=DefaultTaskDisplayArea@173798792 display-id=0 task-display-area-windowing-mode=1 suggested-display-area=DefaultTaskDisplayArea@173798792 non-freeform-task-display-area display-area=DefaultTaskDisplayArea@173798792 default-portrait freeform-size-mismatch=Rect(276, 694 - 804, 1774)
07-13 23:02:43.588 I/ActivityTaskManager( 1728): START u0 {act=android.intent.action.MAIN cat=[android.intent.category.HOME] flg=0x10000100 cmp=com.google.android.apps.nexuslauncher/.NexusLauncherActivity (has extras)} with LAUNCH_SINGLE_TASK from uid 0 (BAL_ALLOW_ALLOWLISTED_UID) result code=2
07-13 23:02:43.588 D/BaseActivity( 2792): Launcher flags updated: [state_started|state_resumed|state_deferred_resumed|state_user_active] +[state_deferred_resumed]
07-13 23:02:43.588 D/StatsLog( 2792): LAUNCHER_ONRESUME
07-13 23:02:43.588 D/NexusLauncherModelDelegate( 2792): notifySmartspaceEvent: SmartspaceTargetEvent{mSmartspaceTarget=null, mSmartspaceActionId='null', mEventType=6}
07-13 23:02:43.589 D/WindowManagerShell( 2443): onActivityRestartAttempt: topActivity=ComponentInfo{com.google.android.apps.nexuslauncher/com.google.android.apps.nexuslauncher.NexusLauncherActivity}, wasVisible=false, displayId=0, pipDisplayLayoutState#displayId=0
07-13 23:02:43.589 D/QuickstepModelDelegate( 2792): notifyAppTargetEvent action=1 launchLocation=workspace/1/[-1,-1]/[1,1]
07-13 23:02:43.590 D/WindowManagerShell( 2443): setLauncherKeepClearAreaHeight: visible=true, height=495
07-13 23:02:43.591 D/BaseDepthController( 2792): setSurface:
07-13 23:02:43.591 D/BaseDepthController( 2792): 	mWaitingOnSurfaceValidity: false
07-13 23:02:43.591 D/BaseDepthController( 2792): 	mBaseSurface: Surface(name=com.google.android.apps.nexuslauncher/com.google.android.apps.nexuslauncher.NexusLauncherActivity#3912)/@0xc81d3fe
07-13 23:02:43.591 V/BaseDepthController( 2792): Applying blur: 0 to Surface(name=com.google.android.apps.nexuslauncher/com.google.android.apps.nexuslauncher.NexusLauncherActivity#3912)/@0xc81d3fe applyImmediately: false
07-13 23:02:43.591 D/BaseDepthController( 2792): shouldBlurWorkspace: false targetState: Normal currentStableState: Normal mCurrentBlur: 0 mLauncher.getDepthBlurTargets(): [com.android.launcher3.Workspace{652d75f V.ED..... .......D 0,0-1080,2400 #7f0a04ae app:id/workspace}, com.android.launcher3.Hotseat{15ed5ac V.ED..... .......D 0,1905-1080,2400 #7f0a01f6 app:id/hotseat}]
07-13 23:02:43.592 I/pixel-thermal( 2026): VIRTUAL-SKIN:31.6498 raw data: VIRTUAL-SKIN:31649.8 
07-13 23:02:43.592 I/pixel-thermal( 2026): neutral_therm:30.949 raw data: neutral_therm:30949 
07-13 23:02:43.592 I/pixel-thermal( 2026): cellular-emergency:31.6498 raw data: VIRTUAL-SKIN:31649.8 cellular-emergency:31649.8 
07-13 23:02:43.592 I/pixel-thermal( 2026): usb_pwr_therm2:30.08 raw data: usb_pwr_therm2:30080 
07-13 23:02:43.592 I/pixel-thermal( 2026): VIRTUAL-USB-UI:0 raw data: USB2-MINUS-CHG:-3228 VIRTUAL-USB-UI:0 charger_skin_therm:33308 usb_pwr_therm2:30080 
07-13 23:02:43.595 D/ActivityAllAppsContainerView( 2792): rebindAdapters: force: false
07-13 23:02:43.595 D/ActivityAllAppsContainerView( 2792): rebindAdapters: Not needed.
07-13 23:02:43.595 D/BaseActivity( 2792): Launcher flags updated: [state_started|state_resumed|state_deferred_resumed|state_user_active] +[]
07-13 23:02:43.595 I/libbinder.BpBinder(  552): onLastStrongRef automatically unlinking death recipients for binder (0xb40000719f109620) with descriptor: '(not cached)'
07-13 23:02:43.596 D/WallpaperService( 2443): onVisibilityChanged(true): com.android.systemui.wallpapers.ImageWallpaper$CanvasEngine@be0edaa
07-13 23:02:43.596 V/WindowManager( 1728): Continue transition id=277 for TaskFragmentTransaction=android.os.Binder@47236cc
07-13 23:02:43.600 V/WindowManagerShell( 2443): onTransitionReady(transaction=7421703542166)
07-13 23:02:43.601 V/WindowManagerShell( 2443): onTransitionReady (#277) android.os.BinderProxy@d96e5fd: {id=277 t=OPEN f=0x0 trk=0 r=[0@Point(0, 0)] c=[
07-13 23:02:43.601 V/WindowManagerShell( 2443):         {m=TO_FRONT f=SHOW_WALLPAPER|MOVE_TO_TOP leash=Surface(name=Task=1#44)/@0x1349d43 sb=Rect(0, 0 - 1080, 2400) eb=Rect(0, 0 - 1080, 2400) epz=Point(1080, 2400) d=0 taskParent=-1 winMode=1 userId=0},
07-13 23:02:43.601 V/WindowManagerShell( 2443):         {m=TO_BACK f=NONE leash=Surface(name=Task=152#3894)/@0x238fc0 sb=Rect(0, 0 - 1080, 2400) eb=Rect(0, 0 - 1080, 2400) epz=Point(1080, 2400) d=0 taskParent=-1 winMode=1 userId=0},
07-13 23:02:43.601 V/WindowManagerShell( 2443):         {m=TO_FRONT f=IS_WALLPAPER leash=Surface(name=WallpaperWindowToken{b8ed41d}#61)/@0x370e4f9 sb=Rect(0, 0 - 1080, 2400) eb=Rect(0, 0 - 1080, 2400) epz=Point(1080, 2400) d=0}
07-13 23:02:43.601 V/WindowManagerShell( 2443):     ]}
07-13 23:02:43.601 V/WindowManagerShell( 2443): Playing animation for (#277) android.os.BinderProxy@d96e5fd@0
07-13 23:02:43.601 D/ShellSplitScreen( 2443): startAnimation: transition=277 isSplitActive=false
07-13 23:02:43.601 V/ShellRecents( 2443): RecentsTransitionHandler.startAnimation: no controller found
07-13 23:02:43.601 V/WindowManagerShell( 2443): Transition doesn't have explicit remote, search filters for match for {id=277 t=OPEN f=0x0 trk=0 r=[0@Point(0, 0)] c=[{m=TO_FRONT f=SHOW_WALLPAPER|MOVE_TO_TOP leash=Surface(name=Task=1#44)/@0x1349d43 sb=Rect(0, 0 - 1080, 2400) eb=Rect(0, 0 - 1080, 2400) epz=Point(1080, 2400) d=0 taskParent=-1 winMode=1 userId=0},{m=TO_BACK f=NONE leash=Surface(name=Task=152#3894)/@0x238fc0 sb=Rect(0, 0 - 1080, 2400) eb=Rect(0, 0 - 1080, 2400) epz=Point(1080, 2400) d=0 taskParent=-1 winMode=1 userId=0},{m=TO_FRONT f=IS_WALLPAPER leash=Surface(name=WallpaperWindowToken{b8ed41d}#61)/@0x370e4f9 sb=Rect(0, 0 - 1080, 2400) eb=Rect(0, 0 - 1080, 2400) epz=Point(1080, 2400) d=0}]}
07-13 23:02:43.601 V/WindowManagerShell( 2443):  Checking filter Pair{{types=[] flags=0x0] notFlags=0x0 checks=[{atype=undefined independent=true modes=[CLOSE,TO_BACK] flags=IN_TASK_WITH_EMBEDDED_ACTIVITY mustBeTask=false order=ANY topActivity=null launchCookie=null taskFragmentToken=android.os.BinderProxy@b0efafe windowingMode=undefined isCrossDisplayMove=false}]} RemoteTransition { remoteTransition = android.window.IRemoteTransition$Stub$Proxy@44e725f, appThread = android.app.IApplicationThread$Stub$Proxy@b9d4ac, debugName = overlayBackTransition, filter = null }}
07-13 23:02:43.601 V/WindowManagerShell( 2443):  Checking filter Pair{{types=[] flags=0x0] notFlags=0x0 checks=[{atype=dream independent=true modes=[OPEN,TO_FRONT] flags=NONE mustBeTask=false order=ANY topActivity=null launchCookie=null windowingMode=undefined isCrossDisplayMove=false},{atype=home independent=true modes=[CLOSE,TO_BACK] flags=NONE mustBeTask=false order=ANY topActivity=null launchCookie=null windowingMode=undefined isCrossDisplayMove=false}]} RemoteTransition { remoteTransition = android.window.IRemoteTransition$Stub$Proxy@6dbc90a, appThread = android.app.IApplicationThread$Stub$Proxy@a91d57b, debugName = LauncherToDream, filter = null }}
07-13 23:02:43.601 D/ActivityManager( 1728): sync unfroze 7214 com.android.vending for 6
07-13 23:02:43.601 V/WindowManagerShell( 2443):  Checking filter Pair{{types=[] flags=0x0] notFlags=0x0 checks=[{atype=standard independent=false modes=[CHANGE] flags=NONE mustBeTask=true order=ANY topActivity=null launchCookie=null windowingMode=undefined isCrossDisplayMove=true}]} RemoteTransition { remoteTransition = android.window.IRemoteTransition$Stub$Proxy@1eea3f1, appThread = android.app.IApplicationThread$Stub$Proxy@5f56bd6, debugName = QuickstepDisplayMove, filter = null }}
07-13 23:02:43.601 V/WindowManagerShell( 2443):  Checking filter Pair{{types=[] flags=0x0] notFlags=0x100 checks=[{atype=home independent=true modes=[OPEN,TO_FRONT] flags=NONE mustBeTask=false order=ANY topActivity=ComponentInfo{com.google.android.apps.nexuslauncher/com.google.android.apps.nexuslauncher.NexusLauncherActivity} launchCookie=null windowingMode=undefined isCrossDisplayMove=false},{atype=standard independent=true modes=[CLOSE,TO_BACK] flags=NONE mustBeTask=false order=ANY topActivity=null launchCookie=null windowingMode=undefined isCrossDisplayMove=false},{NOT atype=undefined independent=true modes=[] flags=NONE mustBeTask=true order=ANY topActivity=null launchCookie=null customAnim=true windowingMode=undefined isCrossDisplayMove=false}]} RemoteTransition { remoteTransition = android.window.IRemoteTransition$Stub$Proxy@7346f62, appThread = android.app.IApplicationThread$Stub$Proxy@30f78f3, debugName = QuickstepLaunchHome, filter = null }}
07-13 23:02:43.601 D/RemoteTransitionHandler( 2443): Found filterPair{{types=[] flags=0x0] notFlags=0x100 checks=[{atype=home independent=true modes=[OPEN,TO_FRONT] flags=NONE mustBeTask=false order=ANY topActivity=ComponentInfo{com.google.android.apps.nexuslauncher/com.google.android.apps.nexuslauncher.NexusLauncherActivity} launchCookie=null windowingMode=undefined isCrossDisplayMove=false},{atype=standard independent=true modes=[CLOSE,TO_BACK] flags=NONE mustBeTask=false order=ANY topActivity=null launchCookie=null windowingMode=undefined isCrossDisplayMove=false},{NOT atype=undefined independent=true modes=[] flags=NONE mustBeTask=true order=ANY topActivity=null launchCookie=null customAnim=true windowingMode=undefined isCrossDisplayMove=false}]} RemoteTransition { remoteTransition = android.window.IRemoteTransition$Stub$Proxy@7346f62, appThread = android.app.IApplicationThread$Stub$Proxy@30f78f3, debugName = QuickstepLaunchHome, filter = null }}
07-13 23:02:43.601 V/WindowManagerShell( 2443):  Delegate animation for (#277) to RemoteTransition { remoteTransition = android.window.IRemoteTransition$Stub$Proxy@7346f62, appThread = android.app.IApplicationThread$Stub$Proxy@30f78f3, debugName = QuickstepLaunchHome, filter = null }
07-13 23:02:43.603 D/ActivityManager( 1728): sync unfroze 7264 com.android.vending:background for 6
07-13 23:02:43.603 V/WindowManager( 1728): Sent Transition (#277) createdAt=07-13 23:02:43.581 via request=TransitionRequestInfo { type = OPEN, triggerTask = TaskInfo{userId=0 taskId=5 effectiveUid=10205 displayId=0 isRunning=true baseIntent=Intent { act=android.intent.action.MAIN cat=[android.intent.category.HOME] flg=0x10000100 cmp=com.google.android.apps.nexuslauncher/.NexusLauncherActivity } baseActivity=ComponentInfo{com.google.android.apps.nexuslauncher/com.google.android.apps.nexuslauncher.NexusLauncherActivity} topActivity=ComponentInfo{com.google.android.apps.nexuslauncher/com.google.android.apps.nexuslauncher.NexusLauncherActivity} origActivity=null realActivity=ComponentInfo{com.google.android.apps.nexuslauncher/com.google.android.apps.nexuslauncher.NexusLauncherActivity} realActivityIsAppLockEnabled=false numActivities=1 lastActiveTime=210960849 supportsMultiWindow=true resizeMode=2 isResizeable=true minWidth=-1 minHeight=-1 defaultMinSize=220 token=WCT{RemoteToken{b2edae8 Task{2bbd0b8 #5 type=home I=com.google.android.apps.nexuslauncher/.NexusLauncherActivity}}} topActivityType=2 pictureInPictureParams=null shouldDockBigOverlays=false launchIntoPipHostTaskId=-1 lastParentTaskIdBeforePip=-1 displayCutoutSafeInsets=Rect(0, 0 - 0, 0) topActivityInfo=ActivityInfo{1161501 com.google.android.apps.nexuslauncher.NexusLauncherActivity} launchCookies=[] positionInParent=Point(0, 0) parentTaskId=-1 isFocused=true isVisible=false isVisibleRequested=true isTopActivityNoDisplay=false isSleeping=false locusId=LocusId[17_chars] displayAreaFeatureId=1 isTopActivityTransparent=false isActivityStackTransparent=false lastNonFullscreenBounds=Rect(276, 694 - 804, 1774) leafTaskBoundsFromOptions= false capturedLink=null capturedLinkTimestamp=0 requestedVisibleTypes=503 topActivityRequestOpenInBrowserEducationTimestamp=0 appCompatTaskInfo=AppCompatTaskInfo { topActivityInSizeCompat=false isLeafTask= true eligibleForLetterboxEducation= false isLetterboxEducationEnabled= false isLetterboxDoubleTapEnabled= false eligibleForUserAspectRatioButton= false topActivityBoundsLetterboxed= false isFromLetterboxDoubleTap= false topActivityLetterboxVerticalPosition= -1 topActivityLetterboxHorizontalPosition= -1 topActivityLetterboxWidth=-1 topActivityLetterboxHeight=-1 topActivityAppBounds=Rect(0, 0 - 1080, 2400) isUserFullscreenOverrideEnabled=false isSystemFullscreenOverrideEnabled=false hasMinAspectRatioOverride=false topActivityLetterboxBounds=null topNonResizableActivityAspectRatio=-1.0} topActivityMainWindowFrame=null isAppBubble=false}, pipChange = null, remoteTransitionInfo = null, displayChange = null, requestedLocation = null, userChange = null, windowingLayerChange = null, fullscreenRequestChange = null, flags = 0, debugId = 277 }
07-13 23:02:43.603 V/WindowManager( 1728):     startWCT=WindowContainerTransaction { changes= {} hops= [] flags= 0 errorCallbackToken=null taskFragmentOrganizer=null }
07-13 23:02:43.603 V/WindowManager( 1728):     info={id=277 t=OPEN f=0x0 trk=0 r=[0@Point(0, 0)] c=[
07-13 23:02:43.603 V/WindowManager( 1728):         {WCT{RemoteToken{cded9da Task{9e01e91 #1 type=home}}} m=TO_FRONT f=SHOW_WALLPAPER|MOVE_TO_TOP leash=Surface(name=Task=1#44)/@0x7713059 sb=Rect(0, 0 - 1080, 2400) eb=Rect(0, 0 - 1080, 2400) epz=Point(1080, 2400) d=0 taskParent=-1 winMode=1 userId=0},
07-13 23:02:43.603 V/WindowManager( 1728):         {WCT{RemoteToken{689bad3 Task{d71db5a #152 type=standard A=10325:com.gunnchos.archiveoflife}}} m=TO_BACK f=NONE leash=Surface(name=Task=152#3894)/@0xc3a765e sb=Rect(0, 0 - 1080, 2400) eb=Rect(0, 0 - 1080, 2400) epz=Point(1080, 2400) d=0 taskParent=-1 winMode=1 userId=0},
07-13 23:02:43.603 V/WindowManager( 1728):         {m=TO_FRONT f=IS_WALLPAPER leash=Surface(name=WallpaperWindowToken{b8ed41d}#61)/@0x823d8c7 sb=Rect(0, 0 - 1080, 2400) eb=Rect(0, 0 - 1080, 2400) epz=Point(1080, 2400) d=0}
07-13 23:02:43.603 V/WindowManager( 1728):     ]}
07-13 23:02:43.603 D/LauncherStateManager( 2792): StateManager.cancelAnimation: animation ongoing: false, partial trace:
07-13 23:02:43.603 D/LauncherStateManager( 2792): 	at com.android.launcher3.statemanager.StateManager.setCurrentAnimation(go/retraceme e7cd309963814d9065d6a536389605fbebe82217e83d1c01d8c604122a56f12e:60)
07-13 23:02:43.603 D/LauncherStateManager( 2792): 	at com.android.launcher3.QuickstepTransitionManager.createWallpaperOpenAnimations(go/retraceme e7cd309963814d9065d6a536389605fbebe82217e83d1c01d8c604122a56f12e:667)
07-13 23:02:43.603 D/LauncherStateManager( 2792): 	at com.android.launcher3.QuickstepTransitionManager$WallpaperOpenLauncherAnimationRunner.onAnimationStart(go/retraceme e7cd309963814d9065d6a536389605fbebe82217e83d1c01d8c604122a56f12e:95)
07-13 23:02:43.603 D/LauncherStateManager( 2792): StateManager.createAtomicAnimation: fromState: Normal, toState: Normal, partial trace:
07-13 23:02:43.603 D/LauncherStateManager( 2792): 	at com.android.quickstep.util.WorkspaceRevealAnim.prepareToAnimate(go/retraceme e7cd309963814d9065d6a536389605fbebe82217e83d1c01d8c604122a56f12e:20)
07-13 23:02:43.603 D/LauncherStateManager( 2792): 	at com.android.quickstep.util.WorkspaceRevealAnim.<init>(go/retraceme e7cd309963814d9065d6a536389605fbebe82217e83d1c01d8c604122a56f12e:11)
07-13 23:02:43.603 D/LauncherStateManager( 2792): 	at com.android.launcher3.QuickstepTransitionManager.createWallpaperOpenAnimations(go/retraceme e7cd309963814d9065d6a536389605fbebe82217e83d1c01d8c604122a56f12e:704)
07-13 23:02:43.603 D/AllAppsTransitionController( 2792): shouldProtectHeader: false skipScrim: true state: Normal stateManager.getState(): Normal
07-13 23:02:43.603 D/KeyboardInsetsHandler( 2792): removePendingImeController: pendingImeController=null
07-13 23:02:43.604 D/b/311077782( 2792): LauncherAnimationRunner.setAnimation
07-13 23:02:43.604 W/ActivityTaskManager( 1728): setRunningRemoteTransition: no process for null
07-13 23:02:43.604 V/WindowManagerShell( 2443):  animated by com.android.wm.shell.transition.RemoteTransitionHandler@17e0486
07-13 23:02:43.608 D/ActivityManager( 1728): sync unfroze 27302 com.google.android.apps.photos for 6
07-13 23:02:43.613 D/Bubbles ( 2443): BubbleData.onLocusVisibilityChanged() locusId=Overview|DISABLED visible=true taskId=1
07-13 23:02:43.614 W/ProcessStats( 1728): Tracking association SourceState{2a5bae8 system/1000 ImpBg #91237} whose proc state 6 is better than process ProcessState{ec8c8c8 com.google.android.apps.photos/10184 pkg=com.google.android.apps.photos} proc state 14 (81 skipped)
07-13 23:02:43.618 D/AidlBufferPool( 1320): bufferpool2 0xb400007e4ba5c8e8 : 5(19441280 size) total buffers - 5(19441280 size) used buffers - 53/59 (recycle/alloc) - 8/53 (fetch/transfer)
07-13 23:02:43.618 D/AidlBufferPool(15445): bufferpool2 0xb40000771fa11cf8 : 0(0 size) total buffers - 0(0 size) used buffers - 0/0 (recycle/alloc) - 0/0 (fetch/transfer)
07-13 23:02:43.619 W/screenrecord(15445): AIBinder_linkToDeath is being called with a non-null cookie and no onUnlink callback set. Use AIBinder_DeathRecipient_setOnUnlinked to manage the lifetime of the cookie. This will become an abort.
07-13 23:02:43.619 W/samsung.hardware.media.c2@1.2-service( 1320): AIBinder_linkToDeath is being called with a non-null cookie and no onUnlink callback set. Use AIBinder_DeathRecipient_setOnUnlinked to manage the lifetime of the cookie. This will become an abort.
07-13 23:02:43.621 D/ActivityManager( 1728): sync unfroze 1077 com.google.android.apps.nbu.files for 6
07-13 23:02:43.622 W/composer@2.4-se(  556): type=1400 audit(0.0:17853): avc:  denied  { search } for  name="log" dev="dm-58" ino=236 scontext=u:r:hal_graphics_composer_default:s0 tcontext=u:object_r:vendor_log_file:s0 tclass=dir permissive=0
07-13 23:02:43.625 I/Finsky  ( 7214): [2] SCH: job service start with id 9885.
07-13 23:02:43.626 E/hwc-display(  556): [PrimaryDisplay] resetColorMappingInfoForClientComp:: resetColorMappingInfo() idx=2 error(-22)
07-13 23:02:43.626 E/hwc-display(  556): Fail to open file /data/vendor/log/hwc/PrimaryDisplay_hwc_error_log0.txt, error: Permission denied
07-13 23:02:43.626 E/hwc-display(  556): Fail to open file /data/log/PrimaryDisplay_hwc_error_log0.txt, error: No such file or directory
07-13 23:02:43.626 E/hwc-display(  556): Unable to open log file for PrimaryDisplay_hwc_error_log0.txt
07-13 23:02:43.626 W/JobServiceContext( 1728): Sending onNetworkChanged for a job that isn't started. JobStatus{3f83df9 #u0a184/1059 com.google.android.apps.photos/.backup.core.UriTriggeredBackupJob u=0 s=10184 NET URIS=[android.app.job.JobInfo$TriggerContentUri@8abd8844, android.app.job.JobInfo$TriggerContentUri@691cff99] READY}
07-13 23:02:43.627 I/AiAiEcho( 4108): (REDACTED) Predicting[%d]: %s
07-13 23:02:43.628 I/AiAiEcho( 4108): (REDACTED) EchoTargets: %s
07-13 23:02:43.628 I/AiAiEcho( 4108): Filtered by AiAi flag check: %s
07-13 23:02:43.628 I/AiAiEcho( 4108): (REDACTED) #tapActionTwiddler: keeps UiSurface.ALL TapAction for: %s in the surface: %s for the cardId: %s
07-13 23:02:43.628 I/AiAiEcho( 4108): (REDACTED) #weatherSubItemsTwiddler: Weather removes SubtitleSupplementalItem in surface: %s
07-13 23:02:43.628 I/AiAiEcho( 4108): #remoteViewsTwiddler: feature disabled.
07-13 23:02:43.629 I/AiAiEcho( 4108): (REDACTED) %s No tracked ambient data found for ID: %s; for event type: %d, skipping event processing.
07-13 23:02:43.622 W/composer@2.4-se(  556): type=1400 audit(0.0:17854): avc:  denied  { search } for  name="log" dev="dm-58" ino=236 scontext=u:r:hal_graphics_composer_default:s0 tcontext=u:object_r:vendor_log_file:s0 tclass=dir permissive=0
07-13 23:02:43.633 D/BaseActivity( 2792): Launcher flags updated: [state_started|state_resumed|state_deferred_resumed|state_window_focused|state_user_active] +[state_window_focused]
07-13 23:02:43.633 I/AiAiEcho( 4108): (REDACTED) #postPredictionTargets: Sending updates to UISurface %s with targets# %s (types=[%s])
07-13 23:02:43.635 I/ImeTracker( 1728): com.google.android.apps.nexuslauncher:16384199: onRequestHide at ORIGIN_SERVER reason HIDE_UNSPECIFIED_WINDOW fromUser false userId 0 displayId 0
07-13 23:02:43.636 D/InsetsController( 2792): hide(ime())
07-13 23:02:43.636 I/ImeTracker( 2792): com.google.android.apps.nexuslauncher:16384199: onCancelled at PHASE_CLIENT_ALREADY_HIDDEN
07-13 23:02:43.638 W/JobScheduler( 1728): Job didn't exist in JobStore: 438d03c #u0a184/1034 com.google.android.apps.photos/com.google.android.libraries.social.mediamonitor.MediaMonitorJobSchedulerService
07-13 23:02:43.638 I/GoogleInputMethodService( 4082): GoogleInputMethodService.onFinishInput():2276 
07-13 23:02:43.639 I/GoogleInputMethodService( 4082): GoogleInputMethodService.onStartInput():1460 onStartInput(EditorInfo{EditorInfo{packageName=com.google.android.apps.nexuslauncher, inputType=0, inputTypeString=NULL, enableLearning=false, autoCorrection=false, autoComplete=false, imeOptions=0, privateImeOptions=null, actionName=UNSPECIFIED, actionLabel=null, initialSelStart=-1, initialSelEnd=-1, initialCapsMode=0, label=null, fieldId=0, fieldName=null, extras=null, hintText=null, hintLocales=[]}}, false)
07-13 23:02:43.639 I/Module  ( 4082): DeviceLockedStatusModuleProvider$Module.updateDeviceLockedStatusInternal():129 repeatCheckTimes = 0, locked = false
07-13 23:02:43.639 I/LatinIMEBase( 4082): LatinIMEBase.updateInputViewCoverNavigation():317 Update input view padding, isNavbarOverInputWindow=true, bottom inset=126
07-13 23:02:43.640 I/ImeTracker( 1728): system_server:55107646: onRequestHide at ORIGIN_SERVER reason IME_REQUESTED_CHANGED_LISTENER fromUser false displayId 0
07-13 23:02:43.640 I/Module  ( 4082): DeviceLockedStatusModuleProvider$Module.updateDeviceLockedStatusInternal():129 repeatCheckTimes = 1, locked = false
07-13 23:02:43.640 W/PackageConfigPersister( 1728): App-specific configuration not found for packageName: com.google.android.apps.nexuslauncher and userId: 0
07-13 23:02:43.640 I/ImeTracker( 1728): system_server:55107646: onCancelled at PHASE_SERVER_SHOULD_HIDE
07-13 23:02:43.643 I/Finsky  ( 7214): [1011] SCH: Satisfied jobs for 9885 are: 12-1
07-13 23:02:43.644 W/System  ( 2792): A resource failed to call release. 
07-13 23:02:43.644 W/System  ( 2792): A resource failed to call release. 
07-13 23:02:43.644 W/System  ( 2792): A resource failed to call release. 
07-13 23:02:43.644 W/System  ( 2792): A resource failed to call HardwareBuffer.close. 
07-13 23:02:43.645 I/Finsky  ( 7214): [1010] SCH: Job 12-1 starting
07-13 23:02:43.646 I/Finsky  ( 7214): [2] WM::SCH: Logging work start for 12-1
07-13 23:02:43.647 I/Finsky  ( 7214): [2] [ContentSync] job started
07-13 23:02:43.663 I/ewat    ( 4106): (REDACTED) HDM. appOpsListener %s %s
07-13 23:02:43.663 I/ewat    ( 4106): (REDACTED) HDM. Ignoring irrelevant audio permission changes for package %s
07-13 23:02:43.670 W/UriGrantsManagerService( 1728): No permission grants found for com.google.android.apps.photos
07-13 23:02:43.670 W/UriGrantsManagerService( 1728): No permission grants found for com.google.android.apps.photos
07-13 23:02:43.675 W/JobInfo ( 1728): Job 'com.google.android.apps.photos/com.google.android.libraries.social.async.BackgroundTaskJobService#1043' has a deadline with no functional constraints. The deadline won't improve job execution latency. Consider removing the deadline.
07-13 23:02:43.675 D/SsBaseTemplateCard( 2792): No date view can be set up
07-13 23:02:43.675 I/SsBaseTemplateCard( 2792): setFormattedContentDescription: text=Sunny, iconDescription=Sunny, contentDescription=Sunny, Sunny
07-13 23:02:43.675 D/SsBaseTemplateCard( 2792): Passed-in item info is null
07-13 23:02:43.675 D/SsBaseTemplateCard( 2792): Passed-in item info is null
07-13 23:02:43.686 D/b/417220811( 2792): invalidateLoadedTasks - previous requestLoadId: -1
07-13 23:02:43.767 W/UriGrantsManagerService( 1728): No permission grants found for com.google.android.apps.photos
07-13 23:02:43.768 W/UriGrantsManagerService( 1728): No permission grants found for com.google.android.apps.photos
07-13 23:02:43.788 W/UriGrantsManagerService( 1728): No permission grants found for com.google.android.apps.photos
07-13 23:02:43.788 W/UriGrantsManagerService( 1728): No permission grants found for com.google.android.apps.photos
07-13 23:02:43.839 W/System  ( 2443): A resource failed to call release. 
07-13 23:02:43.839 W/System  ( 2443): A resource failed to call release. 
07-13 23:02:43.839 W/System  ( 2443): A resource failed to call release. 
07-13 23:02:43.839 W/System  ( 2443): A resource failed to call release. 
07-13 23:02:43.839 W/System  ( 2443): A resource failed to call release. 
07-13 23:02:43.839 W/System  ( 2443): A resource failed to call release. 
07-13 23:02:43.839 W/System  ( 2443): A resource failed to call release. 
07-13 23:02:43.842 W/Finsky  ( 7214): [2] STU: Failed to get storage stats for package 'com.google.android.uprobestats' (1601: Error getting stats: android.content.pm.PackageManager.NameNotFoundException)
07-13 23:02:43.845 D/ActivityManager( 1728): sync unfroze 8204 com.google.android.apps.photos:mediametadataservice for 6
07-13 23:02:43.860 E/MetadataRetrieverClient( 1470): offset (0) bigger than file size (0)
07-13 23:02:43.868 W/Finsky  ( 7214): [2] STU: Failed to get storage stats for package 'com.google.android.uwb' (1601: Error getting stats: android.content.pm.PackageManager.NameNotFoundException)
07-13 23:02:43.869 W/Finsky  ( 7214): [2] STU: Failed to get storage stats for package 'com.google.android.bt' (1601: Error getting stats: android.content.pm.PackageManager.NameNotFoundException)
07-13 23:02:43.869 W/Finsky  ( 7214): [2] STU: Failed to get storage stats for package 'com.google.android.widevine.nonupdatable' (1601: Error getting stats: android.content.pm.PackageManager.NameNotFoundException)
07-13 23:02:43.876 W/CAM_iic (21362): Ignoring metadata for file which is not an image /storage/emulated/0/DCIM/Snapchat/Snapchat-6212506.mp4
07-13 23:02:43.925 W/Finsky  ( 7214): [2] STU: Failed to get storage stats for package 'com.android.apex.cts.shim' (1601: Error getting stats: android.content.pm.PackageManager.NameNotFoundException)
07-13 23:02:43.942 D/WorkspaceRevealAnim( 2792): onAnimationEnd: workspace alpha = 1.0
07-13 23:02:43.943 V/WindowManagerShell( 2443): Received remote transition finished callback for (#277)
07-13 23:02:43.943 V/WindowManagerShell( 2443): Transition animation finished (aborted=false), notifying core (#277) android.os.BinderProxy@d96e5fd@0
07-13 23:02:43.949 W/Finsky  ( 7214): [2] STU: Failed to get storage stats for package 'com.google.android.appsearch' (1601: Error getting stats: android.content.pm.PackageManager.NameNotFoundException)
07-13 23:02:43.949 V/WindowManager( 1728): Finish Transition (#277): created at 07-13 23:02:43.581 collect-started=0.066ms request-sent=5.403ms started=6.8ms ready=15.23ms sent=17.038ms commit=7.869ms finished=367.687ms
07-13 23:02:43.950 D/VRI[MainActivity](15461): visibilityChanged oldVisibility=true newVisibility=false
07-13 23:02:43.952 V/WindowManagerShell( 2443): Track 0 became idle
07-13 23:02:43.952 V/WindowManagerShell( 2443): All active transition animations finished
07-13 23:02:43.954 W/ImageReader_JNI( 1728): Unable to acquire a buffer item, very likely client tried to acquire more than maxImages buffers
07-13 23:02:43.959 D/HintManagerService( 1728): Sent cleanup message for uid 10325
07-13 23:02:43.968 W/Finsky  ( 7214): [2] STU: Failed to get storage stats for package 'com.google.android.art' (1601: Error getting stats: android.content.pm.PackageManager.NameNotFoundException)
07-13 23:02:43.984 W/Finsky  ( 7214): [2] STU: Failed to get storage stats for package 'com.google.android.profiling' (1601: Error getting stats: android.content.pm.PackageManager.NameNotFoundException)
07-13 23:02:43.994 W/Finsky  ( 7214): [2] STU: Failed to get storage stats for package 'com.google.android.mediaprovider' (1601: Error getting stats: android.content.pm.PackageManager.NameNotFoundException)
07-13 23:02:43.996 D/BackgroundInstallControlService( 1728): Package event received: 0
07-13 23:02:44.004 W/Finsky  ( 7214): [2] STU: Failed to get storage stats for package 'com.google.pixel.camera.hal' (1601: Error getting stats: android.content.pm.PackageManager.NameNotFoundException)
07-13 23:02:44.005 W/Finsky  ( 7214): [2] STU: Failed to get storage stats for package 'com.google.android.crashrecovery' (1601: Error getting stats: android.content.pm.PackageManager.NameNotFoundException)
07-13 23:02:44.006 W/Finsky  ( 7214): [2] STU: Failed to get storage stats for package 'com.google.android.resolv' (1601: Error getting stats: android.content.pm.PackageManager.NameNotFoundException)
07-13 23:02:44.016 W/Finsky  ( 7214): [2] STU: Failed to get storage stats for package 'com.google.android.configinfrastructure' (1601: Error getting stats: android.content.pm.PackageManager.NameNotFoundException)
07-13 23:02:44.016 W/Finsky  ( 7214): [2] STU: Failed to get storage stats for package 'com.google.android.media' (1601: Error getting stats: android.content.pm.PackageManager.NameNotFoundException)
07-13 23:02:44.038 W/Finsky  ( 7214): [2] STU: Failed to get storage stats for package 'com.google.android.sdkext' (1601: Error getting stats: android.content.pm.PackageManager.NameNotFoundException)
07-13 23:02:44.047 W/Finsky  ( 7214): [2] STU: Failed to get storage stats for package 'com.android.hardware.biometrics.fingerprint.virtual' (1601: Error getting stats: android.content.pm.PackageManager.NameNotFoundException)
07-13 23:02:44.048 W/Finsky  ( 7214): [2] STU: Failed to get storage stats for package 'com.google.android.adservices' (1601: Error getting stats: android.content.pm.PackageManager.NameNotFoundException)
07-13 23:02:44.048 W/Finsky  ( 7214): [2] STU: Failed to get storage stats for package 'com.google.android.tethering' (1601: Error getting stats: android.content.pm.PackageManager.NameNotFoundException)
07-13 23:02:44.067 W/Finsky  ( 7214): [2] STU: Failed to get storage stats for package 'com.google.android.cellbroadcast' (1601: Error getting stats: android.content.pm.PackageManager.NameNotFoundException)
07-13 23:02:44.068 W/Finsky  ( 7214): [2] STU: Failed to get storage stats for package 'com.google.pixel.wifi.ext' (1601: Error getting stats: android.content.pm.PackageManager.NameNotFoundException)
07-13 23:02:44.074 W/Finsky  ( 7214): [2] STU: Failed to get storage stats for package 'com.google.android.rkpd' (1601: Error getting stats: android.content.pm.PackageManager.NameNotFoundException)
07-13 23:02:44.115 W/Finsky  ( 7214): [2] STU: Failed to get storage stats for package 'com.google.pixel.euicc.update' (1601: Error getting stats: android.content.pm.PackageManager.NameNotFoundException)
07-13 23:02:44.121 W/Finsky  ( 7214): [2] STU: Failed to get storage stats for package 'com.google.android.compos' (1601: Error getting stats: android.content.pm.PackageManager.NameNotFoundException)
07-13 23:02:44.122 W/Finsky  ( 7214): [2] STU: Failed to get storage stats for package 'com.google.android.tzdata6' (1601: Error getting stats: android.content.pm.PackageManager.NameNotFoundException)
07-13 23:02:44.128 W/Finsky  ( 7214): [2] STU: Failed to get storage stats for package 'com.google.android.permission' (1601: Error getting stats: android.content.pm.PackageManager.NameNotFoundException)
07-13 23:02:44.138 W/Finsky  ( 7214): [2] STU: Failed to get storage stats for package 'com.google.android.wifi' (1601: Error getting stats: android.content.pm.PackageManager.NameNotFoundException)
07-13 23:02:44.149 W/Finsky  ( 7214): [2] STU: Failed to get storage stats for package 'com.google.android.telephonycore' (1601: Error getting stats: android.content.pm.PackageManager.NameNotFoundException)
07-13 23:02:44.388 W/Finsky  ( 7214): [2] STU: Failed to get storage stats for package 'com.google.android.media.swcodec' (1601: Error getting stats: android.content.pm.PackageManager.NameNotFoundException)
07-13 23:02:44.445 W/Finsky  ( 7214): [2] STU: Failed to get storage stats for package 'com.google.android.adbd' (1601: Error getting stats: android.content.pm.PackageManager.NameNotFoundException)
07-13 23:02:44.458 W/Finsky  ( 7214): [2] STU: Failed to get storage stats for package 'com.android.i18n' (1601: Error getting stats: android.content.pm.PackageManager.NameNotFoundException)
07-13 23:02:44.470 W/Finsky  ( 7214): [2] STU: Failed to get storage stats for package 'com.google.android.conscrypt' (1601: Error getting stats: android.content.pm.PackageManager.NameNotFoundException)
07-13 23:02:44.497 W/Finsky  ( 7214): [2] STU: Failed to get storage stats for package 'com.google.android.neuralnetworks' (1601: Error getting stats: android.content.pm.PackageManager.NameNotFoundException)
07-13 23:02:44.502 W/Finsky  ( 7214): [2] STU: Failed to get storage stats for package 'com.google.android.runtime' (1601: Error getting stats: android.content.pm.PackageManager.NameNotFoundException)
07-13 23:02:44.505 W/Finsky  ( 7214): [2] STU: Failed to get storage stats for package 'com.google.android.ipsec' (1601: Error getting stats: android.content.pm.PackageManager.NameNotFoundException)
07-13 23:02:44.506 W/Finsky  ( 7214): [2] STU: Failed to get storage stats for package 'com.android.devicelock' (1601: Error getting stats: android.content.pm.PackageManager.NameNotFoundException)
07-13 23:02:44.521 W/Finsky  ( 7214): [2] STU: Failed to get storage stats for package 'com.google.android.ondevicepersonalization' (1601: Error getting stats: android.content.pm.PackageManager.NameNotFoundException)
07-13 23:02:44.530 W/Finsky  ( 7214): [2] STU: Failed to get storage stats for package 'com.google.android.healthfitness' (1601: Error getting stats: android.content.pm.PackageManager.NameNotFoundException)
07-13 23:02:44.592 W/Finsky  ( 7214): [2] STU: Failed to get storage stats for package 'com.google.android.extservices' (1601: Error getting stats: android.content.pm.PackageManager.NameNotFoundException)
07-13 23:02:44.598 W/Finsky  ( 7214): [2] STU: Failed to get storage stats for package 'com.google.android.virt' (1601: Error getting stats: android.content.pm.PackageManager.NameNotFoundException)
07-13 23:02:44.623 W/Finsky  ( 7214): [2] STU: Failed to get storage stats for package 'com.google.android.nfcservices' (1601: Error getting stats: android.content.pm.PackageManager.NameNotFoundException)
07-13 23:02:44.673 W/Finsky  ( 7214): [2] STU: Failed to get storage stats for package 'com.google.android.os.statsd' (1601: Error getting stats: android.content.pm.PackageManager.NameNotFoundException)
07-13 23:02:44.693 W/Finsky  ( 7214): [2] STU: Failed to get storage stats for package 'com.google.android.scheduling' (1601: Error getting stats: android.content.pm.PackageManager.NameNotFoundException)
07-13 23:02:44.701 W/Finsky  ( 7214): [2] STU: Failed to get storage stats for package 'com.android.hardware.biometrics.face.virtual' (1601: Error getting stats: android.content.pm.PackageManager.NameNotFoundException)
07-13 23:02:44.731 I/Finsky  ( 7214): [2] App states replicator found 44 unowned apps
07-13 23:02:44.787 D/BackgroundInstallControlService( 1728): Package event received: 0
07-13 23:02:44.815 E/AuthPII (11948): [RequestTokenManager] getToken() -> BAD_AUTHENTICATION. App: com.android.vending, Service: oauth2:https://www.googleapis.com/auth/googleplay
07-13 23:02:44.815 E/AuthPII (11948): bkli: Long live credential not available.
07-13 23:02:44.815 E/AuthPII (11948): 	at aiip.a(:com.google.android.gms@262561035@26.25.61 (260400-944464144):1347)
07-13 23:02:44.815 E/AuthPII (11948): 	at aiiw.b(:com.google.android.gms@262561035@26.25.61 (260400-944464144):26)
07-13 23:02:44.815 E/AuthPII (11948): 	at aiiu.a(:com.google.android.gms@262561035@26.25.61 (260400-944464144):661)
07-13 23:02:44.815 E/AuthPII (11948): 	at aiit.b(:com.google.android.gms@262561035@26.25.61 (260400-944464144):151)
07-13 23:02:44.815 E/AuthPII (11948): 	at abcj.d(:com.google.android.gms@262561035@26.25.61 (260400-944464144):829)
07-13 23:02:44.815 E/AuthPII (11948): 	at aicg.getAuthToken(:com.google.android.gms@262561035@26.25.61 (260400-944464144):408)
07-13 23:02:44.815 E/AuthPII (11948): 	at android.accounts.AbstractAccountAuthenticator$Transport.getAuthToken(AbstractAccountAuthenticator.java:248)
07-13 23:02:44.815 E/AuthPII (11948): 	at android.accounts.IAccountAuthenticator$Stub.onTransact(IAccountAuthenticator.java:254)
07-13 23:02:44.815 E/AuthPII (11948): 	at android.os.Binder.transact(Binder.java:1318)
07-13 23:02:44.815 E/AuthPII (11948): 	at cszx.onTransact(:com.google.android.gms@262561035@26.25.61 (260400-944464144):12)
07-13 23:02:44.815 E/AuthPII (11948): 	at android.os.Binder.transact(Binder.java:1318)
07-13 23:02:44.815 E/AuthPII (11948): 	at ceme.onTransact(:com.google.android.gms@262561035@26.25.61 (260400-944464144):169)
07-13 23:02:44.815 E/AuthPII (11948): 	at android.os.Binder.execTransactInternal(Binder.java:1471)
07-13 23:02:44.815 E/AuthPII (11948): 	at android.os.Binder.execTransact(Binder.java:1411)
07-13 23:02:44.815 E/AuthPII (11948): Message is Long live credential not available.
07-13 23:02:44.815 E/AuthPII (11948): bkli: Long live credential not available.
