07-13 23:02:44.815 E/AuthPII (11948): 	at aiip.a(:com.google.android.gms@262561035@26.25.61 (260400-944464144):1347)
07-13 23:02:44.815 E/AuthPII (11948): 	at aiiw.b(:com.google.android.gms@262561035@26.25.61 (260400-944464144):26)
07-13 23:02:44.815 E/AuthPII (11948): 	at aiiu.a(:com.google.android.gms@262561035@26.25.61 (260400-944464144):661)
07-13 23:02:44.815 E/AuthPII (11948): 	at aiit.b(:com.google.android.gms@262561035@26.25.61 (260400-944464144):151)
07-13 23:02:44.815 E/AuthPII (11948): 	at abcj.d(:com.google.android.gms@262561035@26.25.61 (260400-944464144):829)
07-13 23:02:44.815 E/AuthPII (11948): 	at aicg.getAuthToken(:com.google.android.gms@262561035@26.25.61 (260400-944464144):408)
07-13 23:02:44.815 E/AuthPII (11948): 	at android.accounts.AbstractAccountAuthenticator$Transport.getAuthToken(AbstractAccountAuthenticator.java:248)
07-13 23:02:44.815 E/AuthPII (11948): 	at android.accounts.IAccountAuthenticator$Stub.onTransact(IAccountAuthenticator.java:254)
07-13 23:02:44.815 E/AuthPII (11948): 	at android.os.Binder.transact(Binder.java:1318)
07-13 23:02:44.815 E/AuthPII (11948): 	at cszx.onTransact(:com.google.android.gms@262561035@26.25.61 (260400-944464144):12)
07-13 23:02:44.815 E/AuthPII (11948): 	at android.os.Binder.transact(Binder.java:1318)
07-13 23:02:44.815 E/AuthPII (11948): 	at ceme.onTransact(:com.google.android.gms@262561035@26.25.61 (260400-944464144):169)
07-13 23:02:44.815 E/AuthPII (11948): 	at android.os.Binder.execTransactInternal(Binder.java:1471)
07-13 23:02:44.815 E/AuthPII (11948): 	at android.os.Binder.execTransact(Binder.java:1411)
07-13 23:02:44.841 I/Auth    (11948): (REDACTED) [GetToken] GetToken failed for app=%s with userRecoverable status: %s 
07-13 23:02:44.843 W/Auth    (11948): [ChimeraGetToken] exception while trying to fetch auth tokens for app=com.google.android.gms, scope=oauth2:https://www.googleapis.com/auth/googleplay [CONTEXT service_id=153 ]
07-13 23:02:44.843 W/Auth    (11948): aiio: GetToken failed with status code and recovery intent: BadAuthentication
07-13 23:02:44.843 W/Auth    (11948): 	at aiit.b(:com.google.android.gms@262561035@26.25.61 (260400-944464144):352)
07-13 23:02:44.843 W/Auth    (11948): 	at abcj.d(:com.google.android.gms@262561035@26.25.61 (260400-944464144):829)
07-13 23:02:44.843 W/Auth    (11948): 	at aicg.getAuthToken(:com.google.android.gms@262561035@26.25.61 (260400-944464144):408)
07-13 23:02:44.843 W/Auth    (11948): 	at android.accounts.AbstractAccountAuthenticator$Transport.getAuthToken(AbstractAccountAuthenticator.java:248)
07-13 23:02:44.843 W/Auth    (11948): 	at android.accounts.IAccountAuthenticator$Stub.onTransact(IAccountAuthenticator.java:254)
07-13 23:02:44.843 W/Auth    (11948): 	at android.os.Binder.transact(Binder.java:1318)
07-13 23:02:44.843 W/Auth    (11948): 	at cszx.onTransact(:com.google.android.gms@262561035@26.25.61 (260400-944464144):12)
07-13 23:02:44.843 W/Auth    (11948): 	at android.os.Binder.transact(Binder.java:1318)
07-13 23:02:44.843 W/Auth    (11948): 	at ceme.onTransact(:com.google.android.gms@262561035@26.25.61 (260400-944464144):169)
07-13 23:02:44.843 W/Auth    (11948): 	at android.os.Binder.execTransactInternal(Binder.java:1471)
07-13 23:02:44.843 W/Auth    (11948): 	at android.os.Binder.execTransact(Binder.java:1411)
07-13 23:02:44.843 W/GLSActivity(11948): [GmsAccountAuthenticatorImpl] error status while fetching token:BadAuthentication
07-13 23:02:44.855 I/Finsky  ( 7214): [1028] Completed 1 account content syncs with 0 successful.
07-13 23:02:44.856 I/Finsky  ( 7214): [2] [ContentSync] Installation state replication failed, parameters=Id: 12-1, CT: 1784001702633, Constraints: [{ L: 40000, D: 86400000, C: CHARGING_NONE, I: IDLE_NONE, N: NET_ANY, B: BATTERY_ANY }].
07-13 23:02:44.856 I/Finsky  ( 7214): [2] [ContentSync] Scheduling replication attempt 2.
07-13 23:02:44.857 I/Finsky  ( 7214): [2] SCH: jobFinished: 12-1. TimeElapsed: 1212ms.
07-13 23:02:44.858 I/Finsky  ( 7214): [2] WM::SCH: Logging work end for 12-1
07-13 23:02:44.865 I/Finsky  ( 7214): [1011] SCH: Attempting to reschedule job: Id: 12-1, Constraints: [{ L: 60000, D: 86400000, C: CHARGING_NONE, I: IDLE_NONE, N: NET_ANY, B: BATTERY_ANY }]
07-13 23:02:44.888 I/Finsky  ( 7214): [71] SCH: Scheduling phonesky job Id: 1-1337, CT: 1784001421337, Constraints: [{ L: 43174146, D: 86374146, C: CHARGING_NONE, I: IDLE_NONE, N: NET_ANY, B: BATTERY_ANY }]
07-13 23:02:44.888 I/Finsky  ( 7214): [71] SCH: Scheduling phonesky job Id: 10-4, CT: 1784001421290, Constraints: [{ L: 1200000, D: 86400000, C: CHARGING_NONE, I: IDLE_NONE, N: NET_ANY, B: BATTERY_ANY }]
07-13 23:02:44.888 I/Finsky  ( 7214): [71] SCH: Scheduling phonesky job Id: 10-11, CT: 1784001421295, Constraints: [{ L: 600000, D: 86400000, C: CHARGING_NONE, I: IDLE_NONE, N: NET_ANY, B: BATTERY_ANY }]
07-13 23:02:44.888 I/Finsky  ( 7214): [71] SCH: Scheduling phonesky job Id: 10-26, CT: 1784001421297, Constraints: [{ L: 600000, D: 86400000, C: CHARGING_NONE, I: IDLE_NONE, N: NET_ANY, B: BATTERY_ANY }]
07-13 23:02:44.889 I/Finsky  ( 7214): [71] SCH: Scheduling phonesky job Id: 10-123, CT: 1784001421309, Constraints: [{ L: 600000, D: 86400000, C: CHARGING_NONE, I: IDLE_NONE, N: NET_ANY, B: BATTERY_ANY }]
07-13 23:02:44.889 I/Finsky  ( 7214): [71] SCH: Scheduling phonesky job Id: 34-2196, CT: 1784001424074, Constraints: [{ L: 604800000, D: 2465510041, C: CHARGING_NONE, I: IDLE_NONE, N: NET_ANY, B: BATTERY_ANY }]
07-13 23:02:44.889 I/Finsky  ( 7214): [71] SCH: Scheduling phonesky job Id: 34-2200, CT: 1784001424074, Constraints: [{ L: 604800000, D: 2555630640, C: CHARGING_NONE, I: IDLE_NONE, N: NET_ANY, B: BATTERY_ANY }]
07-13 23:02:44.889 I/Finsky  ( 7214): [71] SCH: Scheduling phonesky job Id: 34-2203, CT: 1784001424074, Constraints: [{ L: 42830166, D: 1338830166, C: CHARGING_NONE, I: IDLE_NONE, N: NET_ANY, B: BATTERY_ANY }]
07-13 23:02:44.898 I/Finsky  ( 7214): [70] SCH: Scheduling 1 system job(s)
07-13 23:02:44.898 W/JobScheduler( 1728): Job didn't exist in JobStore: 45e0578 {androidx.work.systemjobscheduler} #u0a119/3737 #TikTokWorker#com.google.android.apps.nbu.files.mediastore.MediaStoreContentChangeListenerWorker#@androidx.work.systemjobscheduler@com.google.android.apps.nbu.files/androidx.work.impl.background.systemjob.SystemJobService
07-13 23:02:44.899 I/Finsky  ( 7214): [70] SCH: Scheduling system job Id: 9894, L: 256397, D: 86030585, C: false, I: false, N: 1
07-13 23:02:44.910 I/Finsky  ( 7214): [1010] SCH: job service finished with id 9885.
07-13 23:02:44.925 W/JobInfo ( 1077): Requested important-while-foreground flag for job3738 is ignored and takes no effect
07-13 23:02:44.928 I/Finsky  ( 7214): [2] Memory trim requested to level 40
07-13 23:02:44.928 I/Finsky  ( 7214): [2] Flushing in-memory image cache
07-13 23:02:44.931 I/Finsky:background( 7264): [2] Memory trim requested to level 40
07-13 23:02:44.963 D/HintManagerService( 1728): Starts cleaning for 10325
07-13 23:02:45.037 I/Finsky  ( 7214): [67] WM::SCH: Logging work initialize for 12-1
07-13 23:02:45.043 I/Finsky  ( 7214): [72] SCH: Scheduling phonesky job Id: 12-1, CT: 1784001764866, Constraints: [{ L: 60000, D: 86400000, C: CHARGING_NONE, I: IDLE_NONE, N: NET_ANY, B: BATTERY_ANY }]
07-13 23:02:45.046 I/Finsky  ( 7214): [70] SCH: Scheduling 1 system job(s)
07-13 23:02:45.046 I/Finsky  ( 7214): [70] SCH: Scheduling system job Id: 9894, L: 59820, D: 86030437, C: false, I: false, N: 1
07-13 23:02:45.069 I/pixel-thermal( 2026): VIRTUAL-USB-UI:0 raw data: VIRTUAL-USB-UI:0 
07-13 23:02:45.070 I/pixel-thermal( 2026): VIRTUAL-USB-THROTTLING:0 raw data: USB2-MINUS-CHG:-3228 VIRTUAL-USB-THROTTLING:0 usb_pwr_therm2:30080 
07-13 23:02:45.070 I/pixel-thermal( 2026): neutral_therm:30.949 raw data: neutral_therm:30949 
07-13 23:02:45.070 I/pixel-thermal( 2026): Power rails total power: 657.78 mW for 60025 ms
07-13 23:02:45.070 I/pixel-thermal( 2026): Power rails [L8S_UFS_VCCQ: 73.19 mW] [S2S_VDD_G3D: 5.56 mW] [S10S_VDD2L: 18.17 mW] [S5S_VDDQ_MEM: 7.61 mW] [S4S_VDD2H_MEM: 36.69 mW] [S9S_VDD_AOC: 21.45 mW] 
07-13 23:02:45.070 I/pixel-thermal( 2026): Power rails [S10M_VDD_TPU: 13.52 mW] [L2S_VDD_AOC_RET: 7.69 mW] [L9S_GNSS_CORE: 0.56 mW] [S1M_VDD_MIF: 46.62 mW] [S5M_VDD_INT: 28.79 mW] [S4M_VDD_CPUCL0: 92.23 mW] 
07-13 23:02:45.070 I/pixel-thermal( 2026): Power rails [S2M_VDD_CPUCL2: 123.24 mW] [S3M_VDD_CPUCL1: 42.51 mW] [L15M_VDD_SLC_M: 13.82 mW] [VSYS_PWR_DISPLAY: 126.13 mW] 
07-13 23:02:45.070 I/pixel-thermal( 2026): CDEV log usbc-port state:0 fcc state:0 thermal-cpufreq-1 state:0 tpu_cooling state:0 thermal-gpufreq-0 state:0 thermal-cpufreq-2 state:0 thermal-cpufreq-0 state:0 
07-13 23:02:45.838 I/adbd    (17380): adbd service requested 'shell,v2,TERM=dumb,raw:am start -n com.gunnchos.archiveoflife/.MainActivity'
07-13 23:02:45.882 W/ActivityTaskManager( 1728): callingPackage for (uid=2000, pid=15908) has no WPC
07-13 23:02:45.883 V/GrammaticalInflectionUtils( 1728): AttributionSource: android.content.AttributionSource@dd545533 does not have READ_SYSTEM_GRAMMATICAL_GENDER permission.
07-13 23:02:45.887 D/Bubbles ( 2443): BubbleTaskStackListener.onTaskMovedToFront(): taskId=152
07-13 23:02:45.888 V/ActivityTaskManager( 1728): TaskLaunchParamsModifier: phase=3 task=Task{d71db5a #152 type=standard A=10325:com.gunnchos.archiveoflife} activity=ActivityRecord{98288500 u0 com.gunnchos.archiveoflife/.MainActivity t-1} display-from-task=0 display-id=0 task-display-area-windowing-mode=1 suggested-display-area=DefaultTaskDisplayArea@173798792 inherit-from-task=fullscreen non-freeform-task-display-area display-area=DefaultTaskDisplayArea@173798792 default-portrait freeform-size-mismatch=Rect(276, 694 - 804, 1774)
07-13 23:02:45.888 I/ActivityTaskManager( 1728): START u0 {flg=0x10000000 xflg=0x5 cmp=com.gunnchos.archiveoflife/.MainActivity} with LAUNCH_SINGLE_TASK from uid 2000 (com.android.shell) (BAL_ALLOW_PERMISSION) result code=2
07-13 23:02:45.888 D/WindowManagerShell( 2443): onActivityRestartAttempt: topActivity=ComponentInfo{com.gunnchos.archiveoflife/com.gunnchos.archiveoflife.MainActivity}, wasVisible=false, displayId=0, pipDisplayLayoutState#displayId=0
07-13 23:02:45.888 I/libbinder.BpBinder(  552): onLastStrongRef automatically unlinking death recipients for binder (0xb40000719f121930) with descriptor: '(not cached)'
07-13 23:02:45.888 D/b/417220811( 2792): invalidateLoadedTasks - previous requestLoadId: -1
07-13 23:02:45.888 D/BaseActivity( 2792): Launcher flags updated: [state_started|state_resumed|state_deferred_resumed|state_window_focused|state_user_active] -[]
07-13 23:02:45.889 D/BaseActivity( 2792): Launcher flags updated: [state_started|state_resumed|state_deferred_resumed|state_window_focused] -[state_user_active]
07-13 23:02:45.889 D/BaseActivity( 2792): Launcher flags updated: [state_started|state_window_focused] -[state_resumed|state_deferred_resumed]
07-13 23:02:45.889 W/SplitSelectStateCtor( 2792): Missing session instanceIds
07-13 23:02:45.889 V/WindowManagerShell( 2443): Transition requested (#278): android.os.BinderProxy@3902e4a TransitionRequestInfo { type = OPEN, triggerTask = TaskInfo{userId=0 taskId=152 effectiveUid=10325 displayId=0 isRunning=true baseIntent=Intent { flg=0x10000000 cmp=com.gunnchos.archiveoflife/.MainActivity } baseActivity=ComponentInfo{com.gunnchos.archiveoflife/com.gunnchos.archiveoflife.MainActivity} topActivity=ComponentInfo{com.gunnchos.archiveoflife/com.gunnchos.archiveoflife.MainActivity} origActivity=null realActivity=ComponentInfo{com.gunnchos.archiveoflife/com.gunnchos.archiveoflife.MainActivity} realActivityIsAppLockEnabled=false numActivities=1 lastActiveTime=210960847 supportsMultiWindow=true resizeMode=1 isResizeable=true minWidth=-1 minHeight=-1 defaultMinSize=220 token=WCT{android.os.BinderProxy@bf553a6} topActivityType=1 pictureInPictureParams=null shouldDockBigOverlays=false launchIntoPipHostTaskId=-1 lastParentTaskIdBeforePip=-1 displayCutoutSafeInsets=Rect(0, 132 - 0, 0) topActivityInfo=ActivityInfo{9ba71bb com.gunnchos.archiveoflife.MainActivity} launchCookies=[] positionInParent=Point(0, 0) parentTaskId=-1 isFocused=false isVisible=false isVisibleRequested=false isTopActivityNoDisplay=false isSleeping=false locusId=null displayAreaFeatureId=1 isTopActivityTransparent=false isActivityStackTransparent=false lastNonFullscreenBounds=Rect(276, 694 - 804, 1774) leafTaskBoundsFromOptions= false capturedLink=null capturedLinkTimestamp=0 requestedVisibleTypes=503 topActivityRequestOpenInBrowserEducationTimestamp=0 appCompatTaskInfo=AppCompatTaskInfo { topActivityInSizeCompat=false isLeafTask= true eligibleForLetterboxEducation= false isLetterboxEducationEnabled= false isLetterboxDoubleTapEnabled= false eligibleForUserAspectRatioButton= false topActivityBoundsLetterboxed= false isFromLetterboxDoubleTap= false topActivityLetterboxVerticalPosition= -1 topActivityLetterboxHorizontalPosition= -1 topActivityLetterboxWidth=-1 topActivityLetterboxHeight=-1 topActivityAppBounds=Rect(0, 132 - 1080, 2337) isUserFullscreenOverrideEnabled=false isSystemFullscreenOverrideEnabled=false hasMinAspectRatioOverride=false topActivityLetterboxBounds=null topNonResizableActivityAspectRatio=-1.0} topActivityMainWindowFrame=null isAppBubble=false}, pipChange = null, remoteTransitionInfo = null, displayChange = null, requestedLocation = null, userChange = null, windowingLayerChange = null, fullscreenRequestChange = null, flags = 0, debugId = 278 }
07-13 23:02:45.889 D/StatsLog( 2792): LAUNCHER_SPLIT_SELECTION_EXIT_INTERRUPTED
07-13 23:02:45.889 W/DisplayDisconnectTransitionHandler( 2443): No disconnect change found in the transition, not handling request.
07-13 23:02:45.889 D/ShellSplitScreen( 2443): logExit: no-op, mLoggerSessionId is null
07-13 23:02:45.890 D/WindowManagerShell( 2443): setLauncherKeepClearAreaHeight: visible=false, height=495
07-13 23:02:45.892 D/BackgroundInstallControlService( 1728): Package event received: 0
07-13 23:02:45.894 V/WindowManager( 1728): Defer transition id=278 for TaskFragmentTransaction=android.os.Binder@caba2e0
07-13 23:02:45.894 W/powerhal-libperfmgr(  692): Sess(558), cannot resume, already active
07-13 23:02:45.895 D/BackgroundInstallControlService( 1728): Package event received: 0
07-13 23:02:45.896 D/BackgroundInstallControlService( 1728): Package event received: 0
07-13 23:02:45.896 D/BackgroundInstallControlService( 1728): Package event received: 0
07-13 23:02:45.896 D/BackgroundInstallControlService( 1728): Package event received: 0
07-13 23:02:45.896 W/WindowOnBackDispatcher(15461): OnBackInvokedCallback is not enabled for the application.
07-13 23:02:45.896 W/WindowOnBackDispatcher(15461): Set 'android:enableOnBackInvokedCallback="true"' in the application manifest.
07-13 23:02:45.896 V/WindowManager( 1728): Continue transition id=278 for TaskFragmentTransaction=android.os.Binder@caba2e0
07-13 23:02:45.899 V/SnapshotDrawerUtils( 2443): Drawing snapshot surface sizeMismatch=true
07-13 23:02:45.900 I/pixel-thermal( 2026): VIRTUAL-SKIN:31.6764 raw data: VIRTUAL-NEUTRAL:31676.4 VIRTUAL-NEUTRAL-SKIN2:31483 VIRTUAL-QUIET-NEUTRAL:30372.2 VIRTUAL-SKIN:31676.4 disp_therm:30169 gnss_tcxo_therm:32128 neutral_therm:30949 quiet_therm:30125 skin_therm1:32462 skin_therm2:32729 
07-13 23:02:45.900 I/pixel-thermal( 2026): neutral_therm:30.949 raw data: neutral_therm:30949 
07-13 23:02:45.900 I/pixel-thermal( 2026): cellular-emergency:31.6764 raw data: VIRTUAL-SKIN:31676.4 cellular-emergency:31676.4 
07-13 23:02:45.900 I/pixel-thermal( 2026): usb_pwr_therm2:30.103 raw data: usb_pwr_therm2:30103 
07-13 23:02:45.900 I/pixel-thermal( 2026): VIRTUAL-USB-UI:0 raw data: USB2-MINUS-CHG:-3762 VIRTUAL-USB-UI:0 charger_skin_therm:33865 usb_pwr_therm2:30103 
07-13 23:02:45.901 I/pixel-thermal( 2026): VIRTUAL-SKIN:31.6764 raw data: VIRTUAL-SKIN:31676.4 
07-13 23:02:45.902 V/WindowManager( 1728): Sent Transition (#278) createdAt=07-13 23:02:45.884 via request=TransitionRequestInfo { type = OPEN, triggerTask = TaskInfo{userId=0 taskId=152 effectiveUid=10325 displayId=0 isRunning=true baseIntent=Intent { flg=0x10000000 cmp=com.gunnchos.archiveoflife/.MainActivity } baseActivity=ComponentInfo{com.gunnchos.archiveoflife/com.gunnchos.archiveoflife.MainActivity} topActivity=ComponentInfo{com.gunnchos.archiveoflife/com.gunnchos.archiveoflife.MainActivity} origActivity=null realActivity=ComponentInfo{com.gunnchos.archiveoflife/com.gunnchos.archiveoflife.MainActivity} realActivityIsAppLockEnabled=false numActivities=1 lastActiveTime=210960847 supportsMultiWindow=true resizeMode=1 isResizeable=true minWidth=-1 minHeight=-1 defaultMinSize=220 token=WCT{RemoteToken{689bad3 Task{d71db5a #152 type=standard A=10325:com.gunnchos.archiveoflife}}} topActivityType=1 pictureInPictureParams=null shouldDockBigOverlays=false launchIntoPipHostTaskId=-1 lastParentTaskIdBeforePip=-1 displayCutoutSafeInsets=Rect(0, 132 - 0, 0) topActivityInfo=ActivityInfo{1c30610 com.gunnchos.archiveoflife.MainActivity} launchCookies=[] positionInParent=Point(0, 0) parentTaskId=-1 isFocused=false isVisible=false isVisibleRequested=false isTopActivityNoDisplay=false isSleeping=false locusId=null displayAreaFeatureId=1 isTopActivityTransparent=false isActivityStackTransparent=false lastNonFullscreenBounds=Rect(276, 694 - 804, 1774) leafTaskBoundsFromOptions= false capturedLink=null capturedLinkTimestamp=0 requestedVisibleTypes=503 topActivityRequestOpenInBrowserEducationTimestamp=0 appCompatTaskInfo=AppCompatTaskInfo { topActivityInSizeCompat=false isLeafTask= true eligibleForLetterboxEducation= false isLetterboxEducationEnabled= false isLetterboxDoubleTapEnabled= false eligibleForUserAspectRatioButton= false topActivityBoundsLetterboxed= false isFromLetterboxDoubleTap= false topActivityLetterboxVerticalPosition= -1 topActivityLetterboxHorizontalPosition= -1 topActivityLetterboxWidth=-1 topActivityLetterboxHeight=-1 topActivityAppBounds=Rect(0, 132 - 1080, 2337) isUserFullscreenOverrideEnabled=false isSystemFullscreenOverrideEnabled=false hasMinAspectRatioOverride=false topActivityLetterboxBounds=null topNonResizableActivityAspectRatio=-1.0} topActivityMainWindowFrame=null isAppBubble=false}, pipChange = null, remoteTransitionInfo = null, displayChange = null, requestedLocation = null, userChange = null, windowingLayerChange = null, fullscreenRequestChange = null, flags = 0, debugId = 278 }
07-13 23:02:45.902 V/WindowManager( 1728):     startWCT=WindowContainerTransaction { changes= {} hops= [] flags= 0 errorCallbackToken=null taskFragmentOrganizer=null }
07-13 23:02:45.902 V/WindowManager( 1728):     info={id=278 t=OPEN f=0x0 trk=0 r=[0@Point(0, 0)] c=[
07-13 23:02:45.902 V/WindowManager( 1728):         {WCT{RemoteToken{689bad3 Task{d71db5a #152 type=standard A=10325:com.gunnchos.archiveoflife}}} m=TO_FRONT f=MOVE_TO_TOP leash=Surface(name=Task=152#3894)/@0xc3a765e sb=Rect(0, 0 - 1080, 2400) eb=Rect(0, 0 - 1080, 2400) epz=Point(1080, 2400) d=0 taskParent=-1 winMode=1 userId=0},
07-13 23:02:45.902 V/WindowManager( 1728):         {WCT{RemoteToken{cded9da Task{9e01e91 #1 type=home}}} m=TO_BACK f=SHOW_WALLPAPER leash=Surface(name=Task=1#44)/@0x7713059 sb=Rect(0, 0 - 1080, 2400) eb=Rect(0, 0 - 1080, 2400) epz=Point(1080, 2400) d=0 taskParent=-1 winMode=1 userId=0},
07-13 23:02:45.902 V/WindowManager( 1728):         {m=TO_BACK f=IS_WALLPAPER leash=Surface(name=WallpaperWindowToken{b8ed41d}#61)/@0x823d8c7 sb=Rect(0, 0 - 1080, 2400) eb=Rect(0, 0 - 1080, 2400) epz=Point(1080, 2400) d=0}
07-13 23:02:45.902 V/WindowManager( 1728):     ]}
07-13 23:02:45.902 V/WindowManagerShell( 2443): onTransitionReady(transaction=7421703542214)
07-13 23:02:45.902 V/WindowManagerShell( 2443): onTransitionReady (#278) android.os.BinderProxy@3902e4a: {id=278 t=OPEN f=0x0 trk=0 r=[0@Point(0, 0)] c=[
07-13 23:02:45.902 V/WindowManagerShell( 2443):         {m=TO_FRONT f=MOVE_TO_TOP leash=Surface(name=Task=152#3894)/@0xeaf4884 sb=Rect(0, 0 - 1080, 2400) eb=Rect(0, 0 - 1080, 2400) epz=Point(1080, 2400) d=0 taskParent=-1 winMode=1 userId=0},
07-13 23:02:45.902 V/WindowManagerShell( 2443):         {m=TO_BACK f=SHOW_WALLPAPER leash=Surface(name=Task=1#44)/@0x2d2486d sb=Rect(0, 0 - 1080, 2400) eb=Rect(0, 0 - 1080, 2400) epz=Point(1080, 2400) d=0 taskParent=-1 winMode=1 userId=0},
07-13 23:02:45.902 V/WindowManagerShell( 2443):         {m=TO_BACK f=IS_WALLPAPER leash=Surface(name=WallpaperWindowToken{b8ed41d}#61)/@0x6e83ca2 sb=Rect(0, 0 - 1080, 2400) eb=Rect(0, 0 - 1080, 2400) epz=Point(1080, 2400) d=0}
07-13 23:02:45.902 V/WindowManagerShell( 2443):     ]}
07-13 23:02:45.903 V/WindowManagerShell( 2443): Playing animation for (#278) android.os.BinderProxy@3902e4a@0
07-13 23:02:45.903 D/ShellSplitScreen( 2443): startAnimation: transition=278 isSplitActive=false
07-13 23:02:45.903 V/ShellRecents( 2443): RecentsTransitionHandler.startAnimation: no controller found
07-13 23:02:45.903 V/WindowManagerShell( 2443): Transition doesn't have explicit remote, search filters for match for {id=278 t=OPEN f=0x0 trk=0 r=[0@Point(0, 0)] c=[{m=TO_FRONT f=MOVE_TO_TOP leash=Surface(name=Task=152#3894)/@0xeaf4884 sb=Rect(0, 0 - 1080, 2400) eb=Rect(0, 0 - 1080, 2400) epz=Point(1080, 2400) d=0 taskParent=-1 winMode=1 userId=0},{m=TO_BACK f=SHOW_WALLPAPER leash=Surface(name=Task=1#44)/@0x2d2486d sb=Rect(0, 0 - 1080, 2400) eb=Rect(0, 0 - 1080, 2400) epz=Point(1080, 2400) d=0 taskParent=-1 winMode=1 userId=0},{m=TO_BACK f=IS_WALLPAPER leash=Surface(name=WallpaperWindowToken{b8ed41d}#61)/@0x6e83ca2 sb=Rect(0, 0 - 1080, 2400) eb=Rect(0, 0 - 1080, 2400) epz=Point(1080, 2400) d=0}]}
07-13 23:02:45.903 V/WindowManagerShell( 2443):  Checking filter Pair{{types=[] flags=0x0] notFlags=0x0 checks=[{atype=undefined independent=true modes=[CLOSE,TO_BACK] flags=IN_TASK_WITH_EMBEDDED_ACTIVITY mustBeTask=false order=ANY topActivity=null launchCookie=null taskFragmentToken=android.os.BinderProxy@b0efafe windowingMode=undefined isCrossDisplayMove=false}]} RemoteTransition { remoteTransition = android.window.IRemoteTransition$Stub$Proxy@44e725f, appThread = android.app.IApplicationThread$Stub$Proxy@b9d4ac, debugName = overlayBackTransition, filter = null }}
07-13 23:02:45.903 V/WindowManagerShell( 2443):  Checking filter Pair{{types=[] flags=0x0] notFlags=0x0 checks=[{atype=dream independent=true modes=[OPEN,TO_FRONT] flags=NONE mustBeTask=false order=ANY topActivity=null launchCookie=null windowingMode=undefined isCrossDisplayMove=false},{atype=home independent=true modes=[CLOSE,TO_BACK] flags=NONE mustBeTask=false order=ANY topActivity=null launchCookie=null windowingMode=undefined isCrossDisplayMove=false}]} RemoteTransition { remoteTransition = android.window.IRemoteTransition$Stub$Proxy@6dbc90a, appThread = android.app.IApplicationThread$Stub$Proxy@a91d57b, debugName = LauncherToDream, filter = null }}
07-13 23:02:45.903 V/WindowManagerShell( 2443):  Checking filter Pair{{types=[] flags=0x0] notFlags=0x0 checks=[{atype=standard independent=false modes=[CHANGE] flags=NONE mustBeTask=true order=ANY topActivity=null launchCookie=null windowingMode=undefined isCrossDisplayMove=true}]} RemoteTransition { remoteTransition = android.window.IRemoteTransition$Stub$Proxy@1eea3f1, appThread = android.app.IApplicationThread$Stub$Proxy@5f56bd6, debugName = QuickstepDisplayMove, filter = null }}
07-13 23:02:45.903 V/WindowManagerShell( 2443):  Checking filter Pair{{types=[] flags=0x0] notFlags=0x100 checks=[{atype=home independent=true modes=[OPEN,TO_FRONT] flags=NONE mustBeTask=false order=ANY topActivity=ComponentInfo{com.google.android.apps.nexuslauncher/com.google.android.apps.nexuslauncher.NexusLauncherActivity} launchCookie=null windowingMode=undefined isCrossDisplayMove=false},{atype=standard independent=true modes=[CLOSE,TO_BACK] flags=NONE mustBeTask=false order=ANY topActivity=null launchCookie=null windowingMode=undefined isCrossDisplayMove=false},{NOT atype=undefined independent=true modes=[] flags=NONE mustBeTask=true order=ANY topActivity=null launchCookie=null customAnim=true windowingMode=undefined isCrossDisplayMove=false}]} RemoteTransition { remoteTransition = android.window.IRemoteTransition$Stub$Proxy@7346f62, appThread = android.app.IApplicationThread$Stub$Proxy@30f78f3, debugName = QuickstepLaunchHome, filter = null }}
07-13 23:02:45.903 V/WindowManagerShell( 2443):  Delegate animation for (#278) to null
07-13 23:02:45.903 V/WindowManagerShell( 2443): start default transition animation, info = {id=278 t=OPEN f=0x0 trk=0 r=[0@Point(0, 0)] c=[{m=TO_FRONT f=MOVE_TO_TOP leash=Surface(name=Task=152#3894)/@0xeaf4884 sb=Rect(0, 0 - 1080, 2400) eb=Rect(0, 0 - 1080, 2400) epz=Point(1080, 2400) d=0 taskParent=-1 winMode=1 userId=0},{m=TO_BACK f=SHOW_WALLPAPER leash=Surface(name=Task=1#44)/@0x2d2486d sb=Rect(0, 0 - 1080, 2400) eb=Rect(0, 0 - 1080, 2400) epz=Point(1080, 2400) d=0 taskParent=-1 winMode=1 userId=0},{m=TO_BACK f=IS_WALLPAPER leash=Surface(name=WallpaperWindowToken{b8ed41d}#61)/@0x6e83ca2 sb=Rect(0, 0 - 1080, 2400) eb=Rect(0, 0 - 1080, 2400) epz=Point(1080, 2400) d=0}]}
07-13 23:02:45.903 V/WindowManagerShell( 2443): loadAnimation: anim=android.view.animation.AnimationSet@1a68f0 animAttr=0x13 type=OPEN isEntrance=false
07-13 23:02:45.903 V/WindowManagerShell( 2443): loadAnimation: anim=android.view.animation.AnimationSet@d7fe69 animAttr=0x12 type=OPEN isEntrance=true
07-13 23:02:45.904 V/WindowManagerShell( 2443):  animated by com.android.wm.shell.transition.DefaultTransitionHandler@cb2a6a6
07-13 23:02:45.916 D/BaseActivity( 2792): Launcher flags updated: [state_started] -[state_window_focused]
07-13 23:02:45.923 D/CompatChangeReporter( 1728): Compat change id reported: 161145287; UID 10325; state: ENABLED
07-13 23:02:45.923 I/cr_A11yState(15461): Enabled accessibility services list updated. []
07-13 23:02:45.923 I/cr_A11yState(15461): Informing listeners of changes.
07-13 23:02:45.924 I/cr_A11yState(15461): New AccessibilityState: State{isComplexUserInteractionServiceEnabled=false, isTouchExplorationEnabled=false, isPerformGesturesEnabled=false, isAnyAccessibilityServiceEnabled=false, isAccessibilityToolPresent=false, isTextShowPasswordEnabled=true, isOnlyAutofillRunning=false, isOnlyPasswordManagersEnabled=false, isKnownScreenReaderEnabled=false}
07-13 23:02:45.927 E/ashmem  (15535): readlink(/proc/self/fd/78) failed: Operation not permitted
07-13 23:02:45.927 E/ashmem  (15535): readlink(/proc/self/fd/101) failed: Operation not permitted
07-13 23:02:45.934 E/ashmem  (15535): readlink(/proc/self/fd/99) failed: Operation not permitted
07-13 23:02:45.958 I/ImeTracker( 1728): com.gunnchos.archiveoflife:b73a6b0f: onRequestHide at ORIGIN_SERVER reason HIDE_UNSPECIFIED_WINDOW fromUser false userId 0 displayId 0
07-13 23:02:45.958 D/InsetsController(15461): hide(ime())
07-13 23:02:45.958 I/ImeTracker(15461): com.gunnchos.archiveoflife:b73a6b0f: onCancelled at PHASE_CLIENT_ALREADY_HIDDEN
07-13 23:02:45.960 I/GoogleInputMethodService( 4082): GoogleInputMethodService.onFinishInput():2276 
07-13 23:02:45.961 I/Module  ( 4082): DeviceLockedStatusModuleProvider$Module.updateDeviceLockedStatusInternal():129 repeatCheckTimes = 0, locked = false
07-13 23:02:45.963 I/ImeTracker( 1728): system_server:e7fba6c2: onRequestHide at ORIGIN_SERVER reason IME_REQUESTED_CHANGED_LISTENER fromUser false displayId 0
07-13 23:02:45.964 I/GoogleInputMethodService( 4082): GoogleInputMethodService.onStartInput():1460 onStartInput(EditorInfo{EditorInfo{packageName=com.gunnchos.archiveoflife, inputType=0, inputTypeString=NULL, enableLearning=false, autoCorrection=false, autoComplete=false, imeOptions=12000000, privateImeOptions=null, actionName=UNSPECIFIED, actionLabel=null, initialSelStart=-1, initialSelEnd=-1, initialCapsMode=0, label=null, fieldId=0, fieldName=null, extras=null, hintText=null, hintLocales=[]}}, false)
07-13 23:02:45.964 I/ImeTracker( 1728): system_server:e7fba6c2: onCancelled at PHASE_SERVER_SHOULD_HIDE
07-13 23:02:45.964 I/LatinIMEBase( 4082): LatinIMEBase.updateInputViewCoverNavigation():317 Update input view padding, isNavbarOverInputWindow=true, bottom inset=126
07-13 23:02:45.965 I/Module  ( 4082): DeviceLockedStatusModuleProvider$Module.updateDeviceLockedStatusInternal():129 repeatCheckTimes = 1, locked = false
07-13 23:02:45.965 W/PackageConfigPersister( 1728): App-specific configuration not found for packageName: com.gunnchos.archiveoflife and userId: 0
07-13 23:02:45.994 D/b/417220811( 2792): invalidateLoadedTasks - previous requestLoadId: -1
07-13 23:02:46.077 I/WifiHAL ( 1334): Creating message to get link statistics; iface = 47
07-13 23:02:46.166 D/WifiHAL ( 1334): Start debug command: mType GET_FEATURE
07-13 23:02:46.167 I/WifiHAL ( 1334): CreateRequest mType = GET_FEATURE
07-13 23:02:46.167 D/WifiHAL ( 1334): In DebugCommand::handleResponse, mType:GET_FEATURE
07-13 23:02:46.167 D/WifiHAL ( 1334): len = 4, expected len = 4
07-13 23:02:46.210 V/WindowManagerShell( 2443): Transition animation finished (aborted=false), notifying core (#278) android.os.BinderProxy@3902e4a@0
07-13 23:02:46.215 V/WindowManager( 1728): Finish Transition (#278): created at 07-13 23:02:45.884 collect-started=0.081ms request-sent=3.628ms started=5.193ms ready=12.578ms sent=16.577ms commit=10.607ms finished=330.958ms
07-13 23:02:46.217 D/VRI[NexusLauncherActivity]( 2792): visibilityChanged oldVisibility=true newVisibility=false
07-13 23:02:46.218 V/WindowManagerShell( 2443): Track 0 became idle
07-13 23:02:46.218 V/WindowManagerShell( 2443): All active transition animations finished
07-13 23:02:46.218 D/WallpaperService( 2443): onVisibilityChanged(false): com.android.systemui.wallpapers.ImageWallpaper$CanvasEngine@be0edaa
07-13 23:02:46.227 D/NexusLauncherModelDelegate( 2792): notifySmartspaceEvent: SmartspaceTargetEvent{mSmartspaceTarget=null, mSmartspaceActionId='null', mEventType=7}
07-13 23:02:46.228 I/AiAiEcho( 4108): (REDACTED) %s No tracked ambient data found for ID: %s; for event type: %d, skipping event processing.
07-13 23:02:46.229 D/Bubbles ( 2443): BubbleData.onLocusVisibilityChanged() locusId=Overview|DISABLED visible=false taskId=1
07-13 23:02:46.233 D/BaseActivity( 2792): Launcher flags updated: [] -[state_started]
07-13 23:02:46.233 D/BaseDepthController( 2792): setSurface:
07-13 23:02:46.233 D/BaseDepthController( 2792): 	mWaitingOnSurfaceValidity: false
07-13 23:02:46.233 D/BaseDepthController( 2792): 	mBaseSurface: null
07-13 23:02:46.233 D/BaseDepthController( 2792): mSurface is null and mCurrentBlur is: 0
07-13 23:02:46.233 D/LauncherStateManager( 2792): StateManager.goToState: fromState: Normal, toState: Normal, partial trace:
07-13 23:02:46.233 D/LauncherStateManager( 2792): 	at com.android.launcher3.statemanager.StateManager.moveToRestState(go/retraceme e7cd309963814d9065d6a536389605fbebe82217e83d1c01d8c604122a56f12e:27)
07-13 23:02:46.233 D/LauncherStateManager( 2792): 	at com.android.launcher3.statemanager.StateManager.moveToRestState(go/retraceme e7cd309963814d9065d6a536389605fbebe82217e83d1c01d8c604122a56f12e:36)
07-13 23:02:46.233 D/LauncherStateManager( 2792): 	at com.android.launcher3.statemanager.StatefulActivity.onStop(go/retraceme e7cd309963814d9065d6a536389605fbebe82217e83d1c01d8c604122a56f12e:32)
07-13 23:02:46.233 D/LauncherStateManager( 2792): StateManager.onRepeatStateSetAborted: state: Normal
07-13 23:02:46.233 D/KeyboardStateManager( 2792): hideKeyboard
07-13 23:02:46.233 D/KeyboardStateManager( 2792): isImeShown: false
07-13 23:02:46.233 D/StatsLog( 2792): LAUNCHER_ONSTOP
07-13 23:02:46.234 D/StatsLog( 2792): LAUNCHER_GOOGLE_SEARCH_RESTORE_LIST_SIZE_AFTER_ACTIVITY_RESTART
07-13 23:02:46.246 D/BackgroundInstallControlService( 1728): Package event received: 0
07-13 23:02:46.251 I/WPKTRT  ( 1446): process_address_event: 2601:243:e186:2200:5c8f:ffff:fee2:91ed added to wlan0
07-13 23:02:46.251 I/WPKTRT  ( 1446): process_address_event: 2601:243:e186:2200:2361:9bc4:fc65:b773 added to wlan0
07-13 23:02:46.251 D/IpClient/wlan0( 2555): addressUpdated: 2601:243:e186:2200:5c8f:ffff:fee2:91ed/64 on ifindex 47 flags 0x00000100 scope 0
07-13 23:02:46.252 D/IpClient/wlan0( 2555): addressUpdated: 2601:243:e186:2200:2361:9bc4:fc65:b773/64 on ifindex 47 flags 0x00000001 scope 0
07-13 23:02:46.252 W/AlarmManager( 2555): Unrecognized alarm listener com.android.networkstack.android.net.ip.IpClientLinkObserver$Dhcp6PdPreferredPrefixAlarmListener@e6d19e8
07-13 23:02:46.252 D/ApfFilter( 2555): (wlan0): Ignoring RA RA fe80::eea8:1fff:fe03:27a -> ff02::1 180s 2601:243:e186:2200::/64 3834s/3834s DNS 180s 2001:558:feed::1 2001:558:feed::2 RIO 180s ::/0  which matches RA fe80::eea8:1fff:fe03:27a -> ff02::1 180s 2601:243:e186:2200::/64 3834s/3834s DNS 180s 2001:558:feed::1 2001:558:feed::2 RIO 180s ::/0 
07-13 23:02:47.931 I/adbd    (17380): adbd service requested 'exec:screencap '-p''
07-13 23:02:48.025 W/libbinder.BackendUnifiedServiceManager(15919): Thread Pool max thread count is 0. Cannot cache binder as linkToDeath cannot be implemented. serviceName: SurfaceFlingerAIDL
07-13 23:02:48.025 W/libbinder.BpBinder(15919): Linking to death on android.gui.ISurfaceComposer but there are no threads (yet?) listening to incoming transactions. See ProcessState::startThreadPool and ProcessState::setThreadPoolMaxThreadCount. Generally you should setup the binder threadpool before other initialization steps.
07-13 23:02:48.025 W/libbinder.ProcessState(15919): Extra binder thread started, but 0 threads requested. Do not use *startThreadPool when zero threads are requested.
07-13 23:02:48.376 I/adbd    (17380): adbd service requested 'shell,v2,TERM=dumb,raw:input keyevent KEYCODE_BACK'
07-13 23:02:48.456 I/StylusModule( 4082): StylusModule.onUpdateToolType():774 Update tool type = 0
07-13 23:02:49.176 I/WifiHAL ( 1334): Creating message to get link statistics; iface = 47
07-13 23:02:49.302 D/WifiHAL ( 1334): Start debug command: mType GET_FEATURE
07-13 23:02:49.302 I/WifiHAL ( 1334): CreateRequest mType = GET_FEATURE
07-13 23:02:49.303 D/WifiHAL ( 1334): In DebugCommand::handleResponse, mType:GET_FEATURE
07-13 23:02:49.303 D/WifiHAL ( 1334): len = 4, expected len = 4
07-13 23:02:49.505 I/adbd    (17380): adbd service requested 'exec:screencap '-p''
07-13 23:02:49.528 D/IpClient/wlan0( 2555): addressUpdated: 2601:243:e186:2200:5c8f:ffff:fee2:91ed/64 on ifindex 47 flags 0x00000100 scope 0
07-13 23:02:49.528 D/IpClient/wlan0( 2555): addressUpdated: 2601:243:e186:2200:2361:9bc4:fc65:b773/64 on ifindex 47 flags 0x00000001 scope 0
07-13 23:02:49.529 I/WPKTRT  ( 1446): process_address_event: 2601:243:e186:2200:5c8f:ffff:fee2:91ed added to wlan0
07-13 23:02:49.529 I/WPKTRT  ( 1446): process_address_event: 2601:243:e186:2200:2361:9bc4:fc65:b773 added to wlan0
07-13 23:02:49.532 W/AlarmManager( 2555): Unrecognized alarm listener com.android.networkstack.android.net.ip.IpClientLinkObserver$Dhcp6PdPreferredPrefixAlarmListener@e6d19e8
07-13 23:02:49.532 D/ApfFilter( 2555): (wlan0): Adding RA fe80::eea8:1fff:fe03:27a -> ff02::1 180s 2601:243:e186:2200::/64 3834s/3834s DNS 180s 2001:558:feed::1 2001:558:feed::2 RIO 180s ::/0 
07-13 23:02:49.533 E/WifiHAL ( 1334): Setting APF program, halHandle = 0xb400007d8c68b650
07-13 23:02:49.533 E/WifiHAL ( 1334): Set apf filter for iface = wlan0
07-13 23:02:49.533 I/WifiHAL ( 1334): createRequest: APF set program request
07-13 23:02:49.533 I/WifiHAL ( 1334): mProgramLen : 678
07-13 23:02:49.598 W/libbinder.BackendUnifiedServiceManager(15929): Thread Pool max thread count is 0. Cannot cache binder as linkToDeath cannot be implemented. serviceName: SurfaceFlingerAIDL
07-13 23:02:49.598 W/libbinder.BpBinder(15929): Linking to death on android.gui.ISurfaceComposer but there are no threads (yet?) listening to incoming transactions. See ProcessState::startThreadPool and ProcessState::setThreadPoolMaxThreadCount. Generally you should setup the binder threadpool before other initialization steps.
07-13 23:02:49.598 W/libbinder.ProcessState(15929): Extra binder thread started, but 0 threads requested. Do not use *startThreadPool when zero threads are requested.
07-13 23:02:49.905 D/InetDiagMessage( 1728): Destroyed 0 sockets, proto=IPPROTO_TCP, family=AF_INET, states=14
07-13 23:02:49.907 D/InetDiagMessage( 1728): Destroyed 0 sockets, proto=IPPROTO_TCP, family=AF_INET6, states=14
07-13 23:02:49.907 D/InetDiagMessage( 1728): Destroyed live tcp sockets for uids={10119} in 3ms
07-13 23:02:49.908 D/InetDiagMessage( 1728): Destroyed 0 sockets, proto=IPPROTO_TCP, family=AF_INET, states=14
07-13 23:02:49.909 D/InetDiagMessage( 1728): Destroyed 0 sockets, proto=IPPROTO_TCP, family=AF_INET6, states=14
07-13 23:02:49.909 D/InetDiagMessage( 1728): Destroyed live tcp sockets for uids={20119} in 3ms
07-13 23:02:50.893 I/ewat    ( 4106): (REDACTED) HDM. appOpsListener %s %s
07-13 23:02:50.893 I/ewat    ( 4106): (REDACTED) HDM. Ignoring irrelevant audio permission changes for package %s
07-13 23:02:51.508 D/ActivityManager( 1728): freezing 11973 com.google.android.gms
07-13 23:02:51.734 I/pixelstats: MmMetrics( 3357): kernel: old PSI sysfs node.
07-13 23:02:52.314 I/WifiHAL ( 1334): Creating message to get link statistics; iface = 47
07-13 23:02:52.396 I/WPKTRT  ( 1446): process_address_event: 2601:243:e186:2200:5c8f:ffff:fee2:91ed added to wlan0
07-13 23:02:52.396 I/WPKTRT  ( 1446): process_address_event: 2601:243:e186:2200:2361:9bc4:fc65:b773 added to wlan0
07-13 23:02:52.403 D/IpClient/wlan0( 2555): addressUpdated: 2601:243:e186:2200:5c8f:ffff:fee2:91ed/64 on ifindex 47 flags 0x00000100 scope 0
07-13 23:02:52.403 D/IpClient/wlan0( 2555): addressUpdated: 2601:243:e186:2200:2361:9bc4:fc65:b773/64 on ifindex 47 flags 0x00000001 scope 0
07-13 23:02:52.406 W/AlarmManager( 2555): Unrecognized alarm listener com.android.networkstack.android.net.ip.IpClientLinkObserver$Dhcp6PdPreferredPrefixAlarmListener@e6d19e8
07-13 23:02:52.408 D/ApfFilter( 2555): (wlan0): Ignoring RA RA fe80::eea8:1fff:fe03:27a -> ff02::1 180s 2601:243:e186:2200::/64 3834s/3834s DNS 180s 2001:558:feed::1 2001:558:feed::2 RIO 180s ::/0  which matches RA fe80::eea8:1fff:fe03:27a -> ff02::1 180s 2601:243:e186:2200::/64 3834s/3834s DNS 180s 2001:558:feed::1 2001:558:feed::2 RIO 180s ::/0 
07-13 23:02:52.444 D/WifiHAL ( 1334): Start debug command: mType GET_FEATURE
07-13 23:02:52.444 I/WifiHAL ( 1334): CreateRequest mType = GET_FEATURE
07-13 23:02:52.444 D/WifiHAL ( 1334): In DebugCommand::handleResponse, mType:GET_FEATURE
07-13 23:02:52.444 D/WifiHAL ( 1334): len = 4, expected len = 4
07-13 23:02:52.626 D/AidlBufferPool( 1320): bufferpool2 0xb400007e4ba5c8e8 : 5(19441280 size) total buffers - 4(15553024 size) used buffers - 118/124 (recycle/alloc) - 21/119 (fetch/transfer)
07-13 23:02:52.626 D/AidlBufferPoolAcc( 1320): evictor expired: 1, evicted: 1
07-13 23:02:52.892 D/TemperatureStateSource( 2628): sequence=5945 actualDelay=10002
07-13 23:02:52.894 D/TemperatureStateSource( 2628): Reading temperature: sequence=5946
07-13 23:02:52.902 I/pixel-thermal( 2026): VIRTUAL-SKIN:31.7276 raw data: VIRTUAL-NEUTRAL:31727.6 VIRTUAL-NEUTRAL-SKIN2:31540.5 VIRTUAL-QUIET-NEUTRAL:30432.3 VIRTUAL-SKIN:31727.6 disp_therm:30169 gnss_tcxo_therm:32262 neutral_therm:30993 quiet_therm:30192 skin_therm1:32440 skin_therm2:32818 
07-13 23:02:52.904 D/TemperatureStateSource( 2628): getDeviceTemperatures: sequence=5946 deviceTemperatureType=3 temperatureSource=0 temperatures=[31.727554]
07-13 23:02:52.904 D/BusinessScope( 2628): Enqueuing the block
07-13 23:02:52.905 D/TemperatureStateSource( 2628): sequence=5946 waitTime=10000
07-13 23:02:52.905 D/BusinessScope( 2628): Start running the #12270 block
07-13 23:02:52.906 D/BusinessScope( 2628): Enqueuing the block
07-13 23:02:52.906 D/ImpulseStateSource( 2628): Notify clients: 6133
07-13 23:02:52.906 D/BusinessScope( 2628): Finish running the #12270 block
07-13 23:02:52.907 D/BusinessScope( 2628): Start running the #12271 block
07-13 23:02:52.908 D/BusinessScope( 2628): Finish running the #12271 block
07-13 23:02:53.873 D/ActivityManager( 1728): freezing 8204 com.google.android.apps.photos:mediametadataservice
