--------- beginning of main
07-13 23:02:15.740 D/QuickstepModelDelegate( 2792): notifyAppTargetEvent action=1 launchLocation=workspace/1/[-1,-1]/[1,1]
07-13 23:02:15.741 D/ImsResolver( 2762): maybeAddedImsService, packageName: com.gunnchos.archiveoflife
07-13 23:02:15.741 V/ImsResolver( 2762): searchForImsServices: package=com.gunnchos.archiveoflife, users=[UserHandle{0}]
07-13 23:02:15.742 W/VvmPkgInstalledRcvr( 2762): carrierVvmPkgAdded: carrier vvm packages doesn't contain com.gunnchos.archiveoflife
07-13 23:02:15.744 I/Finsky:background( 7264): [425] Wrote row to frosting DB: 43344
07-13 23:02:15.745 D/EuiccConnector( 2762): handleMessage: E msg.what=1
07-13 23:02:15.745 D/EuiccConnector( 2762): processMsg: DisconnectedState
07-13 23:02:15.745 D/EuiccConnector( 2762): handleMessage: X
07-13 23:02:15.746 V/ImsResolver( 2762): searchForImsServices: package=com.gunnchos.archiveoflife, users=[UserHandle{0}]
07-13 23:02:15.746 D/BaseActivity( 2792): Launcher flags updated: [state_started|state_resumed|state_deferred_resumed|state_window_focused|state_user_active] +[state_window_focused]
07-13 23:02:15.748 I/ImeTracker( 1728): com.google.android.apps.nexuslauncher:9563bd7d: onRequestHide at ORIGIN_SERVER reason HIDE_UNSPECIFIED_WINDOW fromUser false userId 0 displayId 0
07-13 23:02:15.748 I/Finsky  ( 7214): [2] akvm - Deduping intent android.intent.action.PACKAGE_ADDED
07-13 23:02:15.748 I/ImeTracker( 2792): com.google.android.apps.nexuslauncher:9563bd7d: onCancelled at PHASE_CLIENT_ALREADY_HIDDEN
07-13 23:02:15.748 I/Finsky  ( 7214): [57] RECEIVER_PACKAGE_MONITOR#logWorkEndAndFinishGoAsync: SUCCESS
07-13 23:02:15.749 I/GoogleInputMethodService( 4082): GoogleInputMethodService.onFinishInput():2276 
07-13 23:02:15.750 I/Module  ( 4082): DeviceLockedStatusModuleProvider$Module.updateDeviceLockedStatusInternal():129 repeatCheckTimes = 0, locked = false
07-13 23:02:15.750 I/GoogleInputMethodService( 4082): GoogleInputMethodService.onStartInput():1460 onStartInput(EditorInfo{EditorInfo{packageName=com.google.android.apps.nexuslauncher, inputType=0, inputTypeString=NULL, enableLearning=false, autoCorrection=false, autoComplete=false, imeOptions=0, privateImeOptions=null, actionName=UNSPECIFIED, actionLabel=null, initialSelStart=-1, initialSelEnd=-1, initialCapsMode=0, label=null, fieldId=0, fieldName=null, extras=null, hintText=null, hintLocales=[]}}, false)
07-13 23:02:15.750 I/LatinIMEBase( 4082): LatinIMEBase.updateInputViewCoverNavigation():317 Update input view padding, isNavbarOverInputWindow=true, bottom inset=126
07-13 23:02:15.750 I/ImeTracker( 1728): system_server:9afe7b0c: onRequestHide at ORIGIN_SERVER reason IME_REQUESTED_CHANGED_LISTENER fromUser false displayId 0
07-13 23:02:15.750 I/Module  ( 4082): DeviceLockedStatusModuleProvider$Module.updateDeviceLockedStatusInternal():129 repeatCheckTimes = 1, locked = false
07-13 23:02:15.753 I/adbd    (17380): adbd service requested 'shell,v2,TERM=dumb:export ANDROID_LOG_TAGS=''; exec logcat '-c''
07-13 23:02:15.753 I/ImeTracker( 1728): system_server:9afe7b0c: onCancelled at PHASE_SERVER_SHOULD_HIDE
07-13 23:02:15.754 D/SatelliteController( 2762): packageStateChanged: package:com.gunnchos.archiveoflife defaultSmsPackageName: com.google.android.apps.messaging satelliteGatewayServicePackageName: 
07-13 23:02:15.756 I/Finsky  ( 7214): [70] AIM: AppInfoManager-Perf > ItemModel > CacheSize=95, cacheHitCount=0, cacheMissCount=0, total appsWithNoServerDataCount=4. Missed  in cache (limit 10) : []
07-13 23:02:15.760 E/hwc-display(  556): [PrimaryDisplay] resetColorMappingInfoForClientComp:: resetColorMappingInfo() idx=2 error(-22)
07-13 23:02:15.761 E/hwc-display(  556): Fail to open file /data/vendor/log/hwc/PrimaryDisplay_hwc_error_log0.txt, error: Permission denied
07-13 23:02:15.761 E/hwc-display(  556): Fail to open file /data/log/PrimaryDisplay_hwc_error_log0.txt, error: No such file or directory
07-13 23:02:15.761 E/hwc-display(  556): Unable to open log file for PrimaryDisplay_hwc_error_log0.txt
07-13 23:02:15.773 D/EuiccConnector( 2762): handleMessage: E msg.what=4
07-13 23:02:15.773 D/CarrierSvcBindHelper( 2762): onHandleForceStop: [com.gunnchos.beatlinkparty]
07-13 23:02:15.773 D/EuiccConnector( 2762): processMsg: DisconnectedState
07-13 23:02:15.773 D/EuiccConnector( 2762): transitionTo: destState=ConnectedState
07-13 23:02:15.773 D/EuiccConnector( 2762): handleMessage: new destination call exit/enter
07-13 23:02:15.773 D/EuiccConnector( 2762): setupTempStateStackWithStatesToEnter: X mTempStateStackCount=1,curStateInfo: state=DisconnectedState,active=true,parent=null
07-13 23:02:15.773 D/EuiccConnector( 2762): moveTempStackToStateStack: i=0,j=1
07-13 23:02:15.773 D/EuiccConnector( 2762): moveTempStackToStateStack: X mStateStackTop=1,startingIndex=1,Top=ConnectedState
07-13 23:02:15.773 D/EuiccConnector( 2762): invokeEnterMethods: ConnectedState
07-13 23:02:15.773 D/EuiccConnector( 2762): moveDeferredMessageAtFrontOfQueue; what=103
07-13 23:02:15.773 D/EuiccConnector( 2762): handleMessage: X
07-13 23:02:15.773 D/EuiccConnector( 2762): handleMessage: E msg.what=103
07-13 23:02:15.773 D/EuiccConnector( 2762): processMsg: ConnectedState
07-13 23:02:15.774 D/CarrierSvcBindHelper( 2762): No carrier app for: 0
07-13 23:02:15.776 D/CarrierSvcBindHelper( 2762): onHandleForceStop: [com.gunnchos.archiveoflife]
07-13 23:02:15.778 D/EuiccConnector( 2762): handleMessage: X
07-13 23:02:15.781 I/EuiccGoogle(13162): [207] EuiccServiceImpl.onGetEuiccProfileInfoList: onGetEuiccProfileInfoList: slotId = -1
07-13 23:02:15.783 D/CarrierSvcBindHelper( 2762): No carrier app for: 0
07-13 23:02:15.786 I/Finsky  ( 7214): [69] AIM: AppInfoManager-Perf > ItemModel > CacheSize=94, cacheHitCount=0, cacheMissCount=0, total appsWithNoServerDataCount=4. Missed  in cache (limit 10) : []
07-13 23:02:15.786 I/Finsky  ( 7214): [69] AIM: AppInfoManager-Perf > ItemModel > CacheSize=94, cacheHitCount=0, cacheMissCount=0, total appsWithNoServerDataCount=4. Missed  in cache (limit 10) : []
07-13 23:02:15.788 W/EuiccGoogle(13162): [207] EuiccServiceImpl.onGetEuiccProfileInfoList: slotId=-1. No eUICC is active. Return null.
07-13 23:02:15.793 D/EuiccConnector( 2762): handleMessage: E msg.what=6
07-13 23:02:15.793 D/EuiccConnector( 2762): processMsg: ConnectedState
07-13 23:02:15.793 D/EuiccConnector( 2762): handleMessage: X
07-13 23:02:15.795 I/Finsky  ( 7214): [70] AIM: AppInfoManager-Perf > ItemModel > CacheSize=94, cacheHitCount=0, cacheMissCount=0, total appsWithNoServerDataCount=4. Missed  in cache (limit 10) : []
07-13 23:02:15.796 I/Finsky  ( 7214): [70] AIM: AppInfoManager-Perf > getApps > data collection finished
07-13 23:02:15.796 I/Finsky  ( 7214): [70] AIM: AppInfoManager-Perf > maybeDestroyAppInfoManager is called. actives = 4
07-13 23:02:15.796 I/Finsky  ( 7214): [70] AIM: AppInfoManager-Perf > getApps > data collection finished
07-13 23:02:15.796 W/JobInfo (27302): Requested important-while-foreground flag for job555005373 is ignored and takes no effect
07-13 23:02:15.796 I/Finsky  ( 7214): [70] AIM: AppInfoManager-Perf > maybeDestroyAppInfoManager is called. actives = 3
07-13 23:02:15.797 W/JobInfo ( 1728): Job 'com.google.android.apps.photos/com.google.android.libraries.social.async.BackgroundTaskJobService#1043' has a deadline with no functional constraints. The deadline won't improve job execution latency. Consider removing the deadline.
07-13 23:02:15.801 I/AiAiEcho( 4108): (REDACTED) Predicting[%d]: %s
07-13 23:02:15.801 I/AiAiEcho( 4108): (REDACTED) EchoTargets: %s
07-13 23:02:15.801 I/AiAiEcho( 4108): Filtered by AiAi flag check: %s
07-13 23:02:15.801 I/AiAiEcho( 4108): (REDACTED) #tapActionTwiddler: keeps UiSurface.ALL TapAction for: %s in the surface: %s for the cardId: %s
07-13 23:02:15.801 I/AiAiEcho( 4108): (REDACTED) #weatherSubItemsTwiddler: Weather removes SubtitleSupplementalItem in surface: %s
07-13 23:02:15.801 I/AiAiEcho( 4108): #remoteViewsTwiddler: feature disabled.
07-13 23:02:15.802 I/AiAiEcho( 4108): (REDACTED) %s No tracked ambient data found for ID: %s; for event type: %d, skipping event processing.
07-13 23:02:15.803 D/EuiccConnector( 2762): handleMessage: E msg.what=103
07-13 23:02:15.803 D/EuiccConnector( 2762): processMsg: ConnectedState
07-13 23:02:15.803 D/EuiccConnector( 2762): handleMessage: X
07-13 23:02:15.807 I/Finsky:background( 7264): [425] Wrote row to frosting DB: 43345
07-13 23:02:15.807 I/AiAiEcho( 4108): (REDACTED) #postPredictionTargets: Sending updates to UISurface %s with targets# %s (types=[%s])
07-13 23:02:15.809 W/SignedPackage( 1728): Cannot get ApplicationInfo for package: com.google.android.devicelockcontroller
07-13 23:02:15.811 I/EuiccGoogle(13162): [208] EuiccServiceImpl.onGetEuiccProfileInfoList: onGetEuiccProfileInfoList: slotId = -1
07-13 23:02:15.813 W/EuiccGoogle(13162): [208] EuiccServiceImpl.onGetEuiccProfileInfoList: slotId=-1. No eUICC is active. Return null.
07-13 23:02:15.814 D/EuiccConnector( 2762): handleMessage: E msg.what=6
07-13 23:02:15.814 D/EuiccConnector( 2762): processMsg: ConnectedState
07-13 23:02:15.814 D/EuiccConnector( 2762): handleMessage: X
07-13 23:02:15.815 I/cbi     (21236): Potential packages: 30, blocklist size: 6106, allowlist size: 9, latency: PT0.091S
07-13 23:02:15.816 I/bvc     (21236): Starting work type: HANDLE_PACKAGES_CHANGED using foreground service, isShort: false
07-13 23:02:15.818 I/WorkService(21236): Work service created
07-13 23:02:15.819 I/cng     (21236): Started coroutine watchdog: work-service, duration: PT3M
07-13 23:02:15.821 D/ConnectivityService( 1728): requestNetwork for uid/pid:10184/27302 activeRequest: null callbackRequest: 2362 [NetworkRequest [ REQUEST id=2363, [ Capabilities: INTERNET&NOT_RESTRICTED&TRUSTED&NOT_VCN_MANAGED&NOT_BANDWIDTH_CONSTRAINED Uid: 10184 RequestorUid: 10184 RequestorPkg: com.google.android.apps.photos UnderlyingNetworks: Null] ]] callback flags: 0 order: 2147483647 isUidTracked: false declaredMethods: AVAIL|LOST|NC|BLK
07-13 23:02:15.822 D/WifiNetworkFactory( 1728): got request NetworkRequest [ REQUEST id=2363, [ Capabilities: INTERNET&NOT_RESTRICTED&TRUSTED&NOT_VCN_MANAGED&NOT_BANDWIDTH_CONSTRAINED Uid: 10184 RequestorUid: 10184 RequestorPkg: com.google.android.apps.photos UnderlyingNetworks: Null] ]
07-13 23:02:15.822 D/UntrustedWifiNetworkFactory( 1728): got request NetworkRequest [ REQUEST id=2363, [ Capabilities: INTERNET&NOT_RESTRICTED&TRUSTED&NOT_VCN_MANAGED&NOT_BANDWIDTH_CONSTRAINED Uid: 10184 RequestorUid: 10184 RequestorPkg: com.google.android.apps.photos UnderlyingNetworks: Null] ]
07-13 23:02:15.822 D/OemPaidWifiNetworkFactory( 1728): got request NetworkRequest [ REQUEST id=2363, [ Capabilities: INTERNET&NOT_RESTRICTED&TRUSTED&NOT_VCN_MANAGED&NOT_BANDWIDTH_CONSTRAINED Uid: 10184 RequestorUid: 10184 RequestorPkg: com.google.android.apps.photos UnderlyingNetworks: Null] ]
07-13 23:02:15.822 D/ConnectivityService( 1728): NetReassign [2363 : null → 110] [c 0] [a 0] [i 1]
07-13 23:02:15.822 D/MultiInternetWifiNetworkFactory( 1728): got request NetworkRequest [ REQUEST id=2363, [ Capabilities: INTERNET&NOT_RESTRICTED&TRUSTED&NOT_VCN_MANAGED&NOT_BANDWIDTH_CONSTRAINED Uid: 10184 RequestorUid: 10184 RequestorPkg: com.google.android.apps.photos UnderlyingNetworks: Null] ]
07-13 23:02:15.825 D/SsBaseTemplateCard( 2792): No date view can be set up
07-13 23:02:15.825 I/SsBaseTemplateCard( 2792): setFormattedContentDescription: text=Sunny, iconDescription=Sunny, contentDescription=Sunny, Sunny
07-13 23:02:15.825 D/SsBaseTemplateCard( 2792): Passed-in item info is null
07-13 23:02:15.825 D/SsBaseTemplateCard( 2792): Passed-in item info is null
07-13 23:02:15.832 I/WorkService(21236): Moved work service to foreground
07-13 23:02:15.832 I/bvc     (21236): Starting the handler for work type: HANDLE_PACKAGES_CHANGED
07-13 23:02:15.832 I/WorkService(21236): Work service returning from onStartCommand, work count: 1
07-13 23:02:15.833 E/AppSearchAppIndxrImpl( 1728): Certificate not found for package: org.chromium.webapk.aeae4497b2726de89_v2
07-13 23:02:15.833 E/AppSearchAppIndxrImpl( 1728): Certificate not found for package: org.chromium.webapk.a41509de86a5c1d96_v2
07-13 23:02:15.836 I/buq     (21236): No reboot detected, boot count: 102
07-13 23:02:15.838 I/Finsky:background( 7264): [425] Wrote row to frosting DB: 43346
--------- beginning of system
07-13 23:02:15.849 D/ActivityThread(27302): Package [com.gunnchos.archiveoflife] reported as REPLACED, but missing application info. Assuming REMOVED.
07-13 23:02:15.850 D/ActivityThread(27302): Package [com.gunnchos.archiveoflife] reported as REPLACED, but missing application info. Assuming REMOVED.
07-13 23:02:15.853 I/buq     (21236): Found: 1 changed packages for sequence number: 250, new sequence number: 251
07-13 23:02:15.857 V/Configuration( 1728): Updating configuration, locales updated from [en_US] to [af]
07-13 23:02:15.858 V/Configuration( 1728): Updating configuration, locales updated from [en_US] to [af_ZA]
07-13 23:02:15.859 V/Configuration( 1728): Updating configuration, locales updated from [en_US] to [am]
07-13 23:02:15.860 V/Configuration( 1728): Updating configuration, locales updated from [en_US] to [am_ET]
07-13 23:02:15.861 V/Configuration( 1728): Updating configuration, locales updated from [en_US] to [ar]
07-13 23:02:15.861 V/Configuration( 1728): Updating configuration, locales updated from [en_US] to [ar_EG]
07-13 23:02:15.863 I/Finsky:background( 7264): [425] Wrote row to frosting DB: 43347
07-13 23:02:15.864 V/Configuration( 1728): Updating configuration, locales updated from [en_US] to [ar_XB]
07-13 23:02:15.865 V/Configuration( 1728): Updating configuration, locales updated from [en_US] to [as]
07-13 23:02:15.865 V/Configuration( 1728): Updating configuration, locales updated from [en_US] to [az]
07-13 23:02:15.866 V/Configuration( 1728): Updating configuration, locales updated from [en_US] to [be]
07-13 23:02:15.867 V/Configuration( 1728): Updating configuration, locales updated from [en_US] to [bg]
07-13 23:02:15.869 V/Configuration( 1728): Updating configuration, locales updated from [en_US] to [bg_BG]
07-13 23:02:15.870 V/Configuration( 1728): Updating configuration, locales updated from [en_US] to [bn]
07-13 23:02:15.870 V/Configuration( 1728): Updating configuration, locales updated from [en_US] to [bs]
07-13 23:02:15.870 V/Configuration( 1728): Updating configuration, locales updated from [en_US] to [ca]
07-13 23:02:15.871 V/Configuration( 1728): Updating configuration, locales updated from [en_US] to [ca_ES]
07-13 23:02:15.871 V/Configuration( 1728): Updating configuration, locales updated from [en_US] to [cs]
07-13 23:02:15.871 V/Configuration( 1728): Updating configuration, locales updated from [en_US] to [cs_CZ]
07-13 23:02:15.872 V/Configuration( 1728): Updating configuration, locales updated from [en_US] to [da]
07-13 23:02:15.872 V/SafetySourceDataValidat( 1728): Package: com.android.vending has expected signature
07-13 23:02:15.872 V/Configuration( 1728): Updating configuration, locales updated from [en_US] to [da_DK]
07-13 23:02:15.872 V/SafetySourceDataValidat( 1728): Package: com.android.vending has expected signature
07-13 23:02:15.872 V/Configuration( 1728): Updating configuration, locales updated from [en_US] to [de]
07-13 23:02:15.872 V/Configuration( 1728): Updating configuration, locales updated from [en_US] to [de_DE]
07-13 23:02:15.873 V/Configuration( 1728): Updating configuration, locales updated from [en_US] to [el]
07-13 23:02:15.873 V/Configuration( 1728): Updating configuration, locales updated from [en_US] to [el_GR]
07-13 23:02:15.873 V/Configuration( 1728): Updating configuration, locales updated from [en_US] to [en]
07-13 23:02:15.873 V/Configuration( 1728): Updating configuration, locales updated from [en_US] to [en_AU]
07-13 23:02:15.874 V/Configuration( 1728): Updating configuration, locales updated from [en_US] to [en_CA]
07-13 23:02:15.880 V/Configuration( 1728): Updating configuration, locales updated from [en_US] to [en_GB]
07-13 23:02:15.880 V/Configuration( 1728): Updating configuration, locales updated from [en_US] to [en_IN]
07-13 23:02:15.881 V/Configuration( 1728): Updating configuration, locales updated from [en_US] to [en_XA]
07-13 23:02:15.881 V/Configuration( 1728): Updating configuration, locales updated from [en_US] to [en_XC]
07-13 23:02:15.881 V/Configuration( 1728): Updating configuration, locales updated from [en_US] to [es]
07-13 23:02:15.881 V/Configuration( 1728): Updating configuration, locales updated from [en_US] to [es_ES]
07-13 23:02:15.881 V/Configuration( 1728): Updating configuration, locales updated from [en_US] to [es_US]
07-13 23:02:15.882 V/Configuration( 1728): Updating configuration, locales updated from [en_US] to [et]
07-13 23:02:15.882 V/Configuration( 1728): Updating configuration, locales updated from [en_US] to [et_EE]
07-13 23:02:15.882 V/Configuration( 1728): Updating configuration, locales updated from [en_US] to [eu]
07-13 23:02:15.882 V/Configuration( 1728): Updating configuration, locales updated from [en_US] to [fa]
07-13 23:02:15.883 V/Configuration( 1728): Updating configuration, locales updated from [en_US] to [fa_IR]
07-13 23:02:15.883 V/Configuration( 1728): Updating configuration, locales updated from [en_US] to [fi]
07-13 23:02:15.883 V/Configuration( 1728): Updating configuration, locales updated from [en_US] to [fi_FI]
07-13 23:02:15.883 V/Configuration( 1728): Updating configuration, locales updated from [en_US] to [fil]
07-13 23:02:15.884 V/Configuration( 1728): Updating configuration, locales updated from [en_US] to [fil_PH]
07-13 23:02:15.884 V/Configuration( 1728): Updating configuration, locales updated from [en_US] to [fr]
07-13 23:02:15.884 V/Configuration( 1728): Updating configuration, locales updated from [en_US] to [fr_CA]
07-13 23:02:15.884 V/Configuration( 1728): Updating configuration, locales updated from [en_US] to [fr_FR]
07-13 23:02:15.885 V/Configuration( 1728): Updating configuration, locales updated from [en_US] to [gl]
07-13 23:02:15.888 V/Configuration( 1728): Updating configuration, locales updated from [en_US] to [gu]
07-13 23:02:15.889 V/Configuration( 1728): Updating configuration, locales updated from [en_US] to [hi]
07-13 23:02:15.889 V/Configuration( 1728): Updating configuration, locales updated from [en_US] to [hi_IN]
07-13 23:02:15.890 V/Configuration( 1728): Updating configuration, locales updated from [en_US] to [hr]
07-13 23:02:15.890 V/Configuration( 1728): Updating configuration, locales updated from [en_US] to [hr_HR]
07-13 23:02:15.890 V/Configuration( 1728): Updating configuration, locales updated from [en_US] to [hu]
07-13 23:02:15.891 V/Configuration( 1728): Updating configuration, locales updated from [en_US] to [hu_HU]
07-13 23:02:15.891 V/Configuration( 1728): Updating configuration, locales updated from [en_US] to [hy]
07-13 23:02:15.891 V/Configuration( 1728): Updating configuration, locales updated from [en_US] to [id]
07-13 23:02:15.891 V/Configuration( 1728): Updating configuration, locales updated from [en_US] to [id_ID]
07-13 23:02:15.892 V/Configuration( 1728): Updating configuration, locales updated from [en_US] to [is]
07-13 23:02:15.892 V/Configuration( 1728): Updating configuration, locales updated from [en_US] to [it]
07-13 23:02:15.892 V/Configuration( 1728): Updating configuration, locales updated from [en_US] to [it_IT]
07-13 23:02:15.892 V/Configuration( 1728): Updating configuration, locales updated from [en_US] to [he]
07-13 23:02:15.893 V/Configuration( 1728): Updating configuration, locales updated from [en_US] to [he_IL]
07-13 23:02:15.893 V/Configuration( 1728): Updating configuration, locales updated from [en_US] to [ja]
07-13 23:02:15.893 V/Configuration( 1728): Updating configuration, locales updated from [en_US] to [ja_JP]
07-13 23:02:15.893 V/Configuration( 1728): Updating configuration, locales updated from [en_US] to [ka]
07-13 23:02:15.894 V/Configuration( 1728): Updating configuration, locales updated from [en_US] to [kk]
07-13 23:02:15.894 V/Configuration( 1728): Updating configuration, locales updated from [en_US] to [km]
07-13 23:02:15.894 V/Configuration( 1728): Updating configuration, locales updated from [en_US] to [kn]
07-13 23:02:15.895 V/Configuration( 1728): Updating configuration, locales updated from [en_US] to [ko]
07-13 23:02:15.896 V/Configuration( 1728): Updating configuration, locales updated from [en_US] to [ko_KR]
07-13 23:02:15.896 V/Configuration( 1728): Updating configuration, locales updated from [en_US] to [ky]
07-13 23:02:15.896 V/Configuration( 1728): Updating configuration, locales updated from [en_US] to [lo]
07-13 23:02:15.897 V/Configuration( 1728): Updating configuration, locales updated from [en_US] to [lt]
07-13 23:02:15.897 V/Configuration( 1728): Updating configuration, locales updated from [en_US] to [lt_LT]
07-13 23:02:15.897 V/Configuration( 1728): Updating configuration, locales updated from [en_US] to [lv]
07-13 23:02:15.897 V/Configuration( 1728): Updating configuration, locales updated from [en_US] to [lv_LV]
07-13 23:02:15.898 V/Configuration( 1728): Updating configuration, locales updated from [en_US] to [mk]
07-13 23:02:15.898 V/Configuration( 1728): Updating configuration, locales updated from [en_US] to [ml]
07-13 23:02:15.898 V/Configuration( 1728): Updating configuration, locales updated from [en_US] to [mn]
07-13 23:02:15.899 V/Configuration( 1728): Updating configuration, locales updated from [en_US] to [mr]
07-13 23:02:15.901 V/Configuration( 1728): Updating configuration, locales updated from [en_US] to [ms]
07-13 23:02:15.901 V/Configuration( 1728): Updating configuration, locales updated from [en_US] to [ms_MY]
07-13 23:02:15.902 V/Configuration( 1728): Updating configuration, locales updated from [en_US] to [my]
07-13 23:02:15.902 V/Configuration( 1728): Updating configuration, locales updated from [en_US] to [nb]
07-13 23:02:15.902 V/Configuration( 1728): Updating configuration, locales updated from [en_US] to [nb_NO]
07-13 23:02:15.902 V/Configuration( 1728): Updating configuration, locales updated from [en_US] to [ne]
07-13 23:02:15.903 V/Configuration( 1728): Updating configuration, locales updated from [en_US] to [nl]
07-13 23:02:15.903 V/Configuration( 1728): Updating configuration, locales updated from [en_US] to [nl_NL]
07-13 23:02:15.903 V/Configuration( 1728): Updating configuration, locales updated from [en_US] to [or]
07-13 23:02:15.903 V/Configuration( 1728): Updating configuration, locales updated from [en_US] to [pa]
07-13 23:02:15.904 V/Configuration( 1728): Updating configuration, locales updated from [en_US] to [pl]
07-13 23:02:15.904 V/Configuration( 1728): Updating configuration, locales updated from [en_US] to [pl_PL]
07-13 23:02:15.904 V/Configuration( 1728): Updating configuration, locales updated from [en_US] to [pt]
07-13 23:02:15.904 V/Configuration( 1728): Updating configuration, locales updated from [en_US] to [pt_BR]
07-13 23:02:15.905 V/Configuration( 1728): Updating configuration, locales updated from [en_US] to [pt_PT]
07-13 23:02:15.905 V/Configuration( 1728): Updating configuration, locales updated from [en_US] to [ro]
07-13 23:02:15.905 V/Configuration( 1728): Updating configuration, locales updated from [en_US] to [ro_RO]
07-13 23:02:15.905 V/Configuration( 1728): Updating configuration, locales updated from [en_US] to [ru]
07-13 23:02:15.906 I/buq     (21236): Handling installed or updated package: com.gunnchos.archiveoflife
07-13 23:02:15.906 I/cna     (21236): Attempting to classify package: com.gunnchos.archiveoflife using model: bll_1
07-13 23:02:15.906 V/Configuration( 1728): Updating configuration, locales updated from [en_US] to [ru_RU]
07-13 23:02:15.906 V/Configuration( 1728): Updating configuration, locales updated from [en_US] to [si]
07-13 23:02:15.906 V/Configuration( 1728): Updating configuration, locales updated from [en_US] to [sk]
07-13 23:02:15.907 W/JobScheduler( 1728): Job didn't exist in JobStore: 288e340 #u0a184/1034 com.google.android.apps.photos/com.google.android.libraries.social.mediamonitor.MediaMonitorJobSchedulerService
07-13 23:02:15.907 V/Configuration( 1728): Updating configuration, locales updated from [en_US] to [sk_SK]
07-13 23:02:15.907 V/Configuration( 1728): Updating configuration, locales updated from [en_US] to [sl]
07-13 23:02:15.907 V/Configuration( 1728): Updating configuration, locales updated from [en_US] to [sl_SI]
07-13 23:02:15.908 V/Configuration( 1728): Updating configuration, locales updated from [en_US] to [sq]
07-13 23:02:15.908 V/Configuration( 1728): Updating configuration, locales updated from [en_US] to [sr]
07-13 23:02:15.908 V/Configuration( 1728): Updating configuration, locales updated from [en_US] to [sr__#Latn]
07-13 23:02:15.908 V/Configuration( 1728): Updating configuration, locales updated from [en_US] to [sr_RS]
07-13 23:02:15.909 V/Configuration( 1728): Updating configuration, locales updated from [en_US] to [sv]
07-13 23:02:15.909 V/Configuration( 1728): Updating configuration, locales updated from [en_US] to [sv_SE]
07-13 23:02:15.909 V/Configuration( 1728): Updating configuration, locales updated from [en_US] to [sw]
07-13 23:02:15.910 V/Configuration( 1728): Updating configuration, locales updated from [en_US] to [sw_TZ]
07-13 23:02:15.910 V/Configuration( 1728): Updating configuration, locales updated from [en_US] to [ta]
07-13 23:02:15.910 V/Configuration( 1728): Updating configuration, locales updated from [en_US] to [te]
07-13 23:02:15.910 V/Configuration( 1728): Updating configuration, locales updated from [en_US] to [th]
07-13 23:02:15.911 V/Configuration( 1728): Updating configuration, locales updated from [en_US] to [th_TH]
07-13 23:02:15.911 V/Configuration( 1728): Updating configuration, locales updated from [en_US] to [tr]
07-13 23:02:15.911 V/Configuration( 1728): Updating configuration, locales updated from [en_US] to [tr_TR]
07-13 23:02:15.911 V/Configuration( 1728): Updating configuration, locales updated from [en_US] to [uk]
07-13 23:02:15.912 V/Configuration( 1728): Updating configuration, locales updated from [en_US] to [uk_UA]
07-13 23:02:15.912 V/Configuration( 1728): Updating configuration, locales updated from [en_US] to [ur]
07-13 23:02:15.915 V/Configuration( 1728): Updating configuration, locales updated from [en_US] to [uz]
07-13 23:02:15.915 V/Configuration( 1728): Updating configuration, locales updated from [en_US] to [vi]
07-13 23:02:15.915 V/Configuration( 1728): Updating configuration, locales updated from [en_US] to [vi_VN]
07-13 23:02:15.916 V/Configuration( 1728): Updating configuration, locales updated from [en_US] to [zh_CN]
07-13 23:02:15.916 V/Configuration( 1728): Updating configuration, locales updated from [en_US] to [zh_HK]
07-13 23:02:15.916 V/Configuration( 1728): Updating configuration, locales updated from [en_US] to [zh_TW]
07-13 23:02:15.916 V/Configuration( 1728): Updating configuration, locales updated from [en_US] to [zu]
07-13 23:02:15.917 V/Configuration( 1728): Updating configuration, locales updated from [en_US] to [zu_ZA]
07-13 23:02:15.939 V/AccessibilityUserState( 1728): updateShortcutTargets: type:accessibility_shortcut_target_service, current:{com.google.android.marvin.talkback/com.google.android.marvin.talkback.TalkBackService}, new:{com.google.android.marvin.talkback/com.google.android.marvin.talkback.TalkBackService}
07-13 23:02:15.939 V/AccessibilityUserState( 1728): updateShortcutTargets: type:accessibility_qs_targets, current:{}, new:{}
07-13 23:02:15.939 V/AccessibilityUserState( 1728): updateShortcutTargets: type:accessibility_button_targets, current:{}, new:{}
07-13 23:02:15.939 V/AccessibilityUserState( 1728): updateShortcutTargets: type:accessibility_gesture_targets, current:{}, new:{}
07-13 23:02:15.939 V/AccessibilityUserState( 1728): updateShortcutTargets: type:accessibility_key_gesture_targets, current:{}, new:{}
07-13 23:02:15.939 V/AccessibilityManagerService( 1728): onUserStateChangedLocked for userId: 0, forceUpdate: false
07-13 23:02:15.942 V/AccessibilityUserState( 1728): updateShortcutTargets: type:accessibility_shortcut_target_service, current:{com.google.android.marvin.talkback/com.google.android.marvin.talkback.TalkBackService}, new:{com.google.android.marvin.talkback/com.google.android.marvin.talkback.TalkBackService}
07-13 23:02:15.942 V/AccessibilityUserState( 1728): updateShortcutTargets: type:accessibility_button_targets, current:{}, new:{}
07-13 23:02:15.943 V/AccessibilityUserState( 1728): updateShortcutTargets: type:accessibility_gesture_targets, current:{}, new:{}
07-13 23:02:15.943 V/AccessibilityUserState( 1728): updateShortcutTargets: type:accessibility_qs_targets, current:{}, new:{}
07-13 23:02:15.943 V/AccessibilityUserState( 1728): updateShortcutTargets: type:accessibility_key_gesture_targets, current:{}, new:{}
07-13 23:02:15.944 W/MagnificationConnectionManager( 1728): requestConnection duplicated request: connect=false, mConnectionState=DISCONNECTED
07-13 23:02:15.944 V/AccessibilityUserState( 1728): updateShortcutTargets: type:accessibility_button_targets, current:{}, new:{}
07-13 23:02:15.944 V/AccessibilityUserState( 1728): updateShortcutTargets: type:accessibility_qs_targets, current:{}, new:{}
07-13 23:02:15.957 W/android.vending( 7214): Missing inline cache for java.lang.Object qny.apply(java.lang.Object)
07-13 23:02:15.962 W/android.vending( 7214): Missing inline cache for java.lang.Object qny.apply(java.lang.Object)
07-13 23:02:15.962 W/android.vending( 7214): Missing inline cache for java.lang.Object qny.apply(java.lang.Object)
07-13 23:02:15.962 W/android.vending( 7214): Missing inline cache for java.lang.Object qny.apply(java.lang.Object)
07-13 23:02:15.963 W/android.vending( 7214): Missing inline cache for java.lang.Object qny.apply(java.lang.Object)
07-13 23:02:15.963 W/android.vending( 7214): Missing inline cache for java.lang.Object qny.apply(java.lang.Object)
07-13 23:02:15.964 W/ParceledListSlice( 1728): Element #339 is 23460 bytes.
07-13 23:02:15.964 W/ParceledListSlice( 1728): Element #340 is 24376 bytes.
07-13 23:02:15.964 W/ParceledListSlice( 1728): Overly large reply size: 83336
07-13 23:02:15.966 V/AccessibilityUserState( 1728): updateShortcutTargets: type:accessibility_shortcut_target_service, current:{com.google.android.marvin.talkback/com.google.android.marvin.talkback.TalkBackService}, new:{com.google.android.marvin.talkback/com.google.android.marvin.talkback.TalkBackService}
07-13 23:02:15.966 V/AccessibilityUserState( 1728): updateShortcutTargets: type:accessibility_qs_targets, current:{}, new:{}
07-13 23:02:15.966 V/AccessibilityUserState( 1728): updateShortcutTargets: type:accessibility_button_targets, current:{}, new:{}
07-13 23:02:15.966 V/AccessibilityUserState( 1728): updateShortcutTargets: type:accessibility_gesture_targets, current:{}, new:{}
07-13 23:02:15.966 V/AccessibilityUserState( 1728): updateShortcutTargets: type:accessibility_key_gesture_targets, current:{}, new:{}
07-13 23:02:15.966 V/AccessibilityManagerService( 1728): onUserStateChangedLocked for userId: 0, forceUpdate: false
07-13 23:02:15.969 V/AccessibilityUserState( 1728): updateShortcutTargets: type:accessibility_shortcut_target_service, current:{com.google.android.marvin.talkback/com.google.android.marvin.talkback.TalkBackService}, new:{com.google.android.marvin.talkback/com.google.android.marvin.talkback.TalkBackService}
07-13 23:02:15.969 V/AccessibilityUserState( 1728): updateShortcutTargets: type:accessibility_button_targets, current:{}, new:{}
07-13 23:02:15.969 V/AccessibilityUserState( 1728): updateShortcutTargets: type:accessibility_gesture_targets, current:{}, new:{}
07-13 23:02:15.969 V/AccessibilityUserState( 1728): updateShortcutTargets: type:accessibility_qs_targets, current:{}, new:{}
07-13 23:02:15.969 V/AccessibilityUserState( 1728): updateShortcutTargets: type:accessibility_key_gesture_targets, current:{}, new:{}
07-13 23:02:15.969 W/MagnificationConnectionManager( 1728): requestConnection duplicated request: connect=false, mConnectionState=DISCONNECTED
07-13 23:02:15.972 I/adbd    (17380): adbd service requested 'shell,v2,TERM=dumb,raw:rm -f /sdcard/archive-pixel-final.mp4'
07-13 23:02:15.972 I/ewat    ( 4106): (REDACTED) HDM. appOpsListener %s %s
07-13 23:02:15.972 I/ewat    ( 4106): (REDACTED) HDM. Ignoring irrelevant audio permission changes for package %s
07-13 23:02:15.976 I/adbd    (17380): adbd service requested 'shell,v2,TERM=dumb:export ANDROID_LOG_TAGS=''; exec logcat '-v' 'time''
07-13 23:02:15.989 W/UriGrantsManagerService( 1728): No permission grants found for com.google.android.apps.photos
07-13 23:02:15.990 E/AppSearchAppIndxrImpl( 1728): Certificate not found for package: org.chromium.webapk.a41509de86a5c1d96_v2
07-13 23:02:15.991 E/AppSearchAppIndxrImpl( 1728): Certificate not found for package: org.chromium.webapk.aeae4497b2726de89_v2
07-13 23:02:15.991 W/UriGrantsManagerService( 1728): No permission grants found for com.google.android.apps.photos
07-13 23:02:15.999 I/MediaProvider( 4081): Deleted 0 0 0 1 0 0 0 items on external_primary due to com.android.shell
07-13 23:02:16.008 W/MediaProvider( 4081): WorkProfileOwnerApps cache is empty
07-13 23:02:16.008 D/PickerSyncLockManager( 4081): Trying to acquire lock com.android.providers.media.photopicker.sync.CloseableReentrantLock@d184d0c[Unlocked]. Lock Name = CLOUD_PROVIDER_LOCK. Threads that may be waiting to acquire this lock = []
07-13 23:02:16.008 D/CloseableReentrantLock( 4081): Successfully acquired lock com.android.providers.media.photopicker.sync.CloseableReentrantLock@d184d0c[Locked by thread main]. Lock Name = CLOUD_PROVIDER_LOCK. Threads that may be waiting to acquire this lock = []
07-13 23:02:16.008 D/CloseableReentrantLock( 4081): Successfully released lock com.android.providers.media.photopicker.sync.CloseableReentrantLock@d184d0c[Unlocked]. Lock Name = CLOUD_PROVIDER_LOCK. Threads that may be waiting to acquire this lock = []
07-13 23:02:16.013 D/WM-SystemJobScheduler( 4081): Scheduling work ID 38e454dc-93b9-4fff-ad17-9c97cea31bd5Job ID 1151
07-13 23:02:16.014 I/alst    ( 4106): (REDACTED) Invalidating %s caches for %s
07-13 23:02:16.014 I/edjw    ( 4106): (REDACTED) maybeUpdateCacheDataForAddedPackage %s
07-13 23:02:16.014 I/ebky    ( 4106): (REDACTED) Invalidation request: %s
07-13 23:02:16.014 I/alst    ( 4106): (REDACTED) Invalidating %s caches for %s
07-13 23:02:16.014 I/ebky    ( 4106): (REDACTED) Invalidation request: %s
07-13 23:02:16.016 I/ejpv    ( 4106): (REDACTED) Invalidated ContextKey: %s for %s.
07-13 23:02:16.016 I/ejqe    ( 4106): (REDACTED) Fetching context keys %s. %s
07-13 23:02:16.017 I/ejqe    ( 4106): (REDACTED) Fetching ContextResult for ContextKey: %s. %s
07-13 23:02:16.017 I/ejqe    ( 4106): (REDACTED) Fetching ContextResult for ContextKey: %s. %s
07-13 23:02:16.019 I/ejpv    ( 4106): (REDACTED) Invalidated ContextKey: %s for %s.
07-13 23:02:16.019 I/ebmb    ( 4106): (REDACTED) GetContext(%s, %s): %s from synchronized cache (status: %s)
07-13 23:02:16.020 I/ebjk    ( 4106): (REDACTED) GetContext(%s, %s): Fetching from provider
07-13 23:02:16.020 I/ejqe    ( 4106): (REDACTED) Fetching context keys %s. %s
07-13 23:02:16.020 I/ejqe    ( 4106): (REDACTED) ContextResult succeeded for ContextKey: %s. %s
07-13 23:02:16.020 I/ejlo    ( 4106): (REDACTED) getting App Capabilities from InstalledAppsCache %s
07-13 23:02:16.020 I/ejpy    ( 4106): (REDACTED) Primary Locale: %s and preferred locales: %s, returned from Context API. %s
07-13 23:02:16.020 I/ejqe    ( 4106): (REDACTED) Fetching ContextResult for ContextKey: %s. %s
07-13 23:02:16.020 I/ejqe    ( 4106): (REDACTED) Fetching ContextResult for ContextKey: %s. %s
07-13 23:02:16.023 I/adbd    (17380): adbd service requested 'shell,v2,TERM=dumb,raw:am start -n com.gunnchos.archiveoflife/.MainActivity'
07-13 23:02:16.024 I/ebmb    ( 4106): (REDACTED) GetContext(%s, %s): %s from synchronized cache (status: %s)
07-13 23:02:16.026 I/ejqe    ( 4106): (REDACTED) ContextResult succeeded for ContextKey: %s. %s
07-13 23:02:16.026 I/adbd    (17380): adbd service requested 'shell,v2,TERM=dumb,raw:screenrecord --time-limit 180 /sdcard/archive-pixel-final.mp4'
07-13 23:02:16.027 I/ejpy    ( 4106): (REDACTED) Primary Locale: %s and preferred locales: %s, returned from Context API. %s
07-13 23:02:16.028 D/WM-GreedyScheduler( 4081): Ignoring {WorkSpec: a1bd5279-af9b-4a2b-85cd-e6ca87f1d7cd}. Requires device idle.
07-13 23:02:16.028 D/WM-GreedyScheduler( 4081): Ignoring {WorkSpec: ffa069c5-97fc-4906-8f6a-37a03d31ffc2}. Requires device idle.
07-13 23:02:16.028 D/WM-GreedyScheduler( 4081): Ignoring {WorkSpec: 0d9584f5-a858-4989-8780-6b2f73e70476}. Requires device idle.
07-13 23:02:16.028 D/WM-GreedyScheduler( 4081): Ignoring {WorkSpec: 67754875-fa97-4e2a-850e-374770ec509b}. Requires device idle.
07-13 23:02:16.030 I/ebmb    ( 4106): (REDACTED) GetContext(%s, %s): %s from synchronized cache (status: %s)
07-13 23:02:16.041 W/ActivityTaskManager( 1728): callingPackage for (uid=2000, pid=15447) has no WPC
07-13 23:02:16.042 V/GrammaticalInflectionUtils( 1728): AttributionSource: android.content.AttributionSource@dd545533 does not have READ_SYSTEM_GRAMMATICAL_GENDER permission.
07-13 23:02:16.045 D/RecentsView( 2792): onTaskDisplayChanged: 152, new displayId = 0
07-13 23:02:16.046 I/libbinder.BpBinder(  552): onLastStrongRef automatically unlinking death recipients for binder (0xb40000719f128e10) with descriptor: '(not cached)'
07-13 23:02:16.048 I/AppBackupStateCleanupIO(11973): Backup state cleanup on uninstall is disabled. [CONTEXT service_id=229 ]
07-13 23:02:16.049 D/BaseActivity( 2792): Launcher flags updated: [state_started|state_resumed|state_deferred_resumed|state_window_focused|state_user_active] -[]
07-13 23:02:16.049 V/ActivityTaskManager( 1728): TaskLaunchParamsModifier: phase=3 task=Task{d71db5a #152 type=standard A=10325:com.gunnchos.archiveoflife} activity=ActivityRecord{139979388 u0 com.gunnchos.archiveoflife/.MainActivity t-1} display-from-task=0 display-id=0 task-display-area-windowing-mode=1 suggested-display-area=DefaultTaskDisplayArea@173798792 inherit-from-task=fullscreen non-freeform-task-display-area display-area=DefaultTaskDisplayArea@173798792 default-portrait freeform-size-mismatch=Rect(276, 694 - 804, 1774)
07-13 23:02:16.049 I/ActivityTaskManager( 1728): START u0 {flg=0x10000000 xflg=0x5 cmp=com.gunnchos.archiveoflife/.MainActivity} with LAUNCH_SINGLE_TASK from uid 2000 (com.android.shell) (BAL_ALLOW_PERMISSION) result code=0
07-13 23:02:16.049 D/BaseActivity( 2792): Launcher flags updated: [state_started|state_resumed|state_deferred_resumed|state_window_focused] -[state_user_active]
07-13 23:02:16.049 D/BaseActivity( 2792): Launcher flags updated: [state_started|state_window_focused] -[state_resumed|state_deferred_resumed]
07-13 23:02:16.049 W/SplitSelectStateCtor( 2792): Missing session instanceIds
07-13 23:02:16.049 D/StatsLog( 2792): LAUNCHER_SPLIT_SELECTION_EXIT_INTERRUPTED
07-13 23:02:16.049 V/WindowManagerShell( 2443): Transition requested (#276): android.os.BinderProxy@f010901 TransitionRequestInfo { type = OPEN, triggerTask = TaskInfo{userId=0 taskId=152 effectiveUid=10325 displayId=0 isRunning=true baseIntent=Intent { flg=0x10000000 cmp=com.gunnchos.archiveoflife/.MainActivity } baseActivity=ComponentInfo{com.gunnchos.archiveoflife/com.gunnchos.archiveoflife.MainActivity} topActivity=ComponentInfo{com.gunnchos.archiveoflife/com.gunnchos.archiveoflife.MainActivity} origActivity=null realActivity=ComponentInfo{com.gunnchos.archiveoflife/com.gunnchos.archiveoflife.MainActivity} realActivityIsAppLockEnabled=false numActivities=1 lastActiveTime=210933312 supportsMultiWindow=true resizeMode=1 isResizeable=true minWidth=-1 minHeight=-1 defaultMinSize=220 token=WCT{android.os.BinderProxy@bf553a6} topActivityType=1 pictureInPictureParams=null shouldDockBigOverlays=false launchIntoPipHostTaskId=-1 lastParentTaskIdBeforePip=-1 displayCutoutSafeInsets=Rect(0, 132 - 0, 0) topActivityInfo=ActivityInfo{f5561e7 com.gunnchos.archiveoflife.MainActivity} launchCookies=[] positionInParent=Point(0, 0) parentTaskId=-1 isFocused=false isVisible=false isVisibleRequested=false isTopActivityNoDisplay=false isSleeping=false locusId=null displayAreaFeatureId=1 isTopActivityTransparent=false isActivityStackTransparent=false lastNonFullscreenBounds=Rect(276, 694 - 804, 1774) leafTaskBoundsFromOptions= false capturedLink=null capturedLinkTimestamp=0 requestedVisibleTypes=503 topActivityRequestOpenInBrowserEducationTimestamp=0 appCompatTaskInfo=AppCompatTaskInfo { topActivityInSizeCompat=false isLeafTask= true eligibleForLetterboxEducation= false isLetterboxEducationEnabled= false isLetterboxDoubleTapEnabled= false eligibleForUserAspectRatioButton= false topActivityBoundsLetterboxed= false isFromLetterboxDoubleTap= false topActivityLetterboxVerticalPosition= -1 topActivityLetterboxHorizontalPosition= -1 topActivityLetterboxWidth=-1 topActivityLetterboxHeight=-1 topActivityAppBounds=Rect(0, 132 - 1080, 2337) isUserFullscreenOverrideEnabled=false isSystemFullscreenOverrideEnabled=false hasMinAspectRatioOverride=false topActivityLetterboxBounds=null topNonResizableActivityAspectRatio=-1.0} topActivityMainWindowFrame=null isAppBubble=false}, pipChange = null, remoteTransitionInfo = null, displayChange = null, requestedLocation = null, userChange = null, windowingLayerChange = null, fullscreenRequestChange = null, flags = 0, debugId = 276 }
07-13 23:02:16.049 W/DisplayDisconnectTransitionHandler( 2443): No disconnect change found in the transition, not handling request.
07-13 23:02:16.049 D/ShellSplitScreen( 2443): logExit: no-op, mLoggerSessionId is null
07-13 23:02:16.050 I/AppsFilter( 1728): interaction: PackageSetting{dbd289a com.example.domsapp/10232} -> PackageSetting{3a6d9bd com.gunnchos.archiveoflife/10325} BLOCKED
07-13 23:02:16.050 I/AppsFilter( 1728): interaction: PackageSetting{65261a8 com.gunnchos.animeaggressors/10309} -> PackageSetting{3a6d9bd com.gunnchos.archiveoflife/10325} BLOCKED
07-13 23:02:16.050 I/AppsFilter( 1728): interaction: PackageSetting{ac4f4c1 com.google.android.microdroid.empty_payload/10294} -> PackageSetting{3a6d9bd com.gunnchos.archiveoflife/10325} BLOCKED
07-13 23:02:16.050 I/AppsFilter( 1728): interaction: PackageSetting{6b53466 com.gunnchos.pedestrianpursuit/10319} -> PackageSetting{3a6d9bd com.gunnchos.archiveoflife/10325} BLOCKED
07-13 23:02:16.050 I/AppsFilter( 1728): interaction: PackageSetting{e0293a7 com.example.ghive/10231} -> PackageSetting{3a6d9bd com.gunnchos.archiveoflife/10325} BLOCKED
07-13 23:02:16.049 I/FraudProtectUtils(11973): Not in testing population, skipping local test bank apps. [CONTEXT service_id=469 ]
07-13 23:02:16.050 I/FraudProtectUtils(11973): (REDACTED) Latest bank app list size: %d, %s isBankApp: false
07-13 23:02:16.052 V/WindowManager( 1728): Defer transition id=276 for TaskFragmentTransaction=android.os.Binder@9907bb2
07-13 23:02:16.052 D/WindowManagerShell( 2443): setLauncherKeepClearAreaHeight: visible=false, height=495
07-13 23:02:16.053 D/Bubbles ( 2443): BubbleTaskStackListener.onTaskMovedToFront(): taskId=152
07-13 23:02:16.053 V/GrammaticalInflectionUtils( 1728): AttributionSource: android.content.AttributionSource@dd545533 does not have READ_SYSTEM_GRAMMATICAL_GENDER permission.
07-13 23:02:16.055 V/WindowManager( 1728): Continue transition id=276 for TaskFragmentTransaction=android.os.Binder@9907bb2
07-13 23:02:16.056 D/b/417220811( 2792): invalidateLoadedTasks - previous requestLoadId: -1
07-13 23:02:16.056 D/b/417220811( 2792): invalidateLoadedTasks - previous requestLoadId: -1
07-13 23:02:16.066 D/Zygote  ( 1259): Forked child process 15461
07-13 23:02:16.070 D/BackgroundInstallControlService( 1728): Package event received: 0
07-13 23:02:16.071 D/WindowOnBackDispatcher( 2443): setTopOnBackInvokedCallback (unwrapped): android.view.ViewRootImpl$$ExternalSyntheticLambda25@e59dfc7
07-13 23:02:16.073 I/ActivityManager( 1728): Start proc 15461:com.gunnchos.archiveoflife/u0a325 for next-top-activity {com.gunnchos.archiveoflife/com.gunnchos.archiveoflife.MainActivity}
07-13 23:02:16.073 D/CoreBackPreview( 1728): Window{886a0fe u0 Splash Screen com.gunnchos.archiveoflife}: Setting back callback OnBackInvokedCallbackInfo{mCallback=android.window.IOnBackInvokedCallback$Stub$Proxy@e16e1f1, mPriority=0, mIsAnimationCallback=false, mOverrideBehavior=0}
07-13 23:02:16.074 I/Zygote  (15461): Process 15461 created for com.gunnchos.archiveoflife
07-13 23:02:16.074 I/s.archiveoflife(15461): Using generational CollectorTypeCMC GC.
07-13 23:02:16.075 D/WorkspaceRevealAnim( 2792): onAnimationEnd: workspace alpha = 1.0
07-13 23:02:16.077 D/BaseActivity( 2792): Launcher flags updated: [state_started] -[state_window_focused]
07-13 23:02:16.077 V/WindowManagerShell( 2443): Received remote transition finished callback for (#275)
07-13 23:02:16.077 V/WindowManagerShell( 2443): Transition animation finished (aborted=false), notifying core (#275) android.os.BinderProxy@bcb3dcd@0
07-13 23:02:16.078 D/nativeloader(15461): Load libframework-connectivity-tiramisu-jni.so using APEX ns com_android_tethering for caller /apex/com.android.tethering/javalib/framework-connectivity-t.jar: ok
07-13 23:02:16.079 V/WindowManager( 1728): Finish Transition (#275): created at 07-13 23:02:15.675 collect-started=0.067ms request-sent=0.125ms started=11.335ms ready=31.224ms sent=39.243ms commit=44.027ms finished=403.59ms
07-13 23:02:16.079 E/libbinder.IPCThreadState( 1728): Binder transaction failure. id: 9249074, cmd: BR_DEAD_REPLY (29189), error: -22 (Invalid argument)
07-13 23:02:16.079 W/ActivityManager( 1728): pid 1728 system sent binder code 7 with flags 1 and got error -32
07-13 23:02:16.079 W/WindowManager( 1728): Exception thrown during dispatchAppVisibility Window{37187da u0 com.gunnchos.beatlinkparty/com.gunnchos.beatlinkparty.MainActivity EXITING}
07-13 23:02:16.079 W/WindowManager( 1728): android.os.DeadObjectException
07-13 23:02:16.079 W/WindowManager( 1728): 	at android.os.BinderProxy.transactNative(Native Method)
07-13 23:02:16.079 W/WindowManager( 1728): 	at android.os.BinderProxy.transact(BinderProxy.java:602)
07-13 23:02:16.079 W/WindowManager( 1728): 	at android.view.IWindow$Stub$Proxy.dispatchAppVisibility(IWindow.java:580)
07-13 23:02:16.079 W/WindowManager( 1728): 	at com.android.server.wm.WindowState.sendAppVisibilityToClients(WindowState.java:3292)
07-13 23:02:16.079 W/WindowManager( 1728): 	at com.android.server.wm.WindowContainer.sendAppVisibilityToClients(WindowContainer.java:1241)
07-13 23:02:16.079 W/WindowManager( 1728): 	at com.android.server.wm.WindowToken.setClientVisible(WindowToken.java:392)
07-13 23:02:16.079 W/WindowManager( 1728): 	at com.android.server.wm.ActivityRecord.commitVisibility(ActivityRecord.java:5572)
07-13 23:02:16.079 W/WindowManager( 1728): 	at com.android.server.wm.Transition.finishTransition(Transition.java:1544)
07-13 23:02:16.079 W/WindowManager( 1728): 	at com.android.server.wm.TransitionController.finishTransition(TransitionController.java:1140)
07-13 23:02:16.079 W/WindowManager( 1728): 	at com.android.server.wm.WindowOrganizerController.finishTransition(WindowOrganizerController.java:529)
07-13 23:02:16.079 W/WindowManager( 1728): 	at android.window.IWindowOrganizerController$Stub.onTransact(IWindowOrganizerController.java:270)
07-13 23:02:16.079 W/WindowManager( 1728): 	at com.android.server.wm.WindowOrganizerController.onTransact(WindowOrganizerController.java:239)
07-13 23:02:16.079 W/WindowManager( 1728): 	at android.os.Binder.execTransactInternal(Binder.java:1466)
07-13 23:02:16.079 W/WindowManager( 1728): 	at android.os.Binder.execTransact(Binder.java:1411)
07-13 23:02:16.079 W/Process ( 1728): Unable to open /proc/14612/status
07-13 23:02:16.080 I/Auth    (11973): (REDACTED) [SupervisedAccountIntentOperation] onHandleIntent: %s
07-13 23:02:16.082 V/WindowManagerShell( 2443): Track 0 became idle
07-13 23:02:16.082 W/AppInstallOperation(11973): FDL Migration::InstallIntentOperation by FDL Module [CONTEXT service_id=77 ]
07-13 23:02:16.084 V/ShellTaskOrganizer( 2443): Task vanished taskId=151
07-13 23:02:16.084 V/ShellTaskOrganizer( 2443): Fullscreen Task Vanished: #151
07-13 23:02:16.084 D/ShellDesktopMode( 2443): AppToWebRepository: Task 151 is vanishing. Removing task data from repository
07-13 23:02:16.084 V/AppCompat( 2443): SingleSurfaceLetterboxController: []
07-13 23:02:16.084 V/AppCompat( 2443): MultiSurfaceLetterboxController: []
07-13 23:02:16.084 V/AppCompat( 2443): LetterboxInputController: []
07-13 23:02:16.084 V/AppCompat( 2443): RoundedCornersLetterboxController: {}
07-13 23:02:16.086 V/ShellTaskOrganizer( 2443): Task appeared taskId=152 listener=FullscreenTaskListener
07-13 23:02:16.086 V/ShellTaskOrganizer( 2443): Fullscreen Task Appeared: #152
07-13 23:02:16.086 V/WindowManagerShell( 2443): onTransitionReady(transaction=7421703542088)
07-13 23:02:16.086 V/WindowManagerShell( 2443): onTransitionReady (#276) android.os.BinderProxy@f010901: {id=276 t=OPEN f=0x0 trk=1 r=[0@Point(0, 0)] c=[
07-13 23:02:16.086 V/WindowManagerShell( 2443):         {m=OPEN f=NONE leash=Surface(name=Task=152#3894)/@0x86d00bf sb=Rect(0, 0 - 1080, 2400) eb=Rect(0, 0 - 1080, 2400) epz=Point(1080, 2400) d=0 taskParent=-1 winMode=1 userId=0},
07-13 23:02:16.086 V/WindowManagerShell( 2443):         {m=TO_BACK f=SHOW_WALLPAPER leash=Surface(name=Task=1#44)/@0xf5db38c sb=Rect(0, 0 - 1080, 2400) eb=Rect(0, 0 - 1080, 2400) epz=Point(1080, 2400) d=0 taskParent=-1 winMode=1 userId=0},
07-13 23:02:16.086 V/WindowManagerShell( 2443):         {m=TO_BACK f=IS_WALLPAPER leash=Surface(name=WallpaperWindowToken{b8ed41d}#61)/@0x1e24ad5 sb=Rect(0, 0 - 1080, 2400) eb=Rect(0, 0 - 1080, 2400) epz=Point(1080, 2400) d=0}
07-13 23:02:16.086 V/WindowManagerShell( 2443):     ]}
07-13 23:02:16.087 V/WindowManagerShell( 2443): Playing animation for (#276) android.os.BinderProxy@f010901@1
