07-14 16:28:53.178 D/PersistedStoragePackageUninstalledReceiver( 2446): Received android.intent.action.PACKAGE_DATA_CLEARED for com.gunnchos.archiveoflife for u0
07-14 16:28:53.295 I/GoogleAuthUtil(25725): 	at ss2.a(chromium-TrichromeChromeGoogle6432.aab-stable-787111433:10)
07-14 16:28:53.295 I/GoogleAuthUtil(25725): 	at zza.b(chromium-TrichromeChromeGoogle6432.aab-stable-787111433:40)
07-14 16:28:53.295 I/GoogleAuthUtil(25725): 	at zza.h(chromium-TrichromeChromeGoogle6432.aab-stable-787111433:48)
07-14 16:28:53.295 I/GoogleAuthUtil(25725): 	at zza.d(chromium-TrichromeChromeGoogle6432.aab-stable-787111433:21)
07-14 16:28:53.295 I/GoogleAuthUtil(25725): 	at zb.b(chromium-TrichromeChromeGoogle6432.aab-stable-787111433:57)
07-14 16:28:53.295 I/GoogleAuthUtil(25725): 	at r61.call(chromium-TrichromeChromeGoogle6432.aab-stable-787111433:9)
07-14 16:28:53.295 I/GoogleAuthUtil(25725): 	at v61.run(chromium-TrichromeChromeGoogle6432.aab-stable-787111433:26)
07-14 16:28:53.295 I/GoogleAuthUtil(25725): 	at ivm.run(chromium-TrichromeChromeGoogle6432.aab-stable-787111433:8)
07-14 16:28:53.295 I/GoogleAuthUtil(25725): 	at org.chromium.base.task.TaskRunnerImpl.runTask(chromium-TrichromeChromeGoogle6432.aab-stable-787111433:31)
07-14 16:28:53.296 E/cr_Auth (25725): 	at zza.b(chromium-TrichromeChromeGoogle6432.aab-stable-787111433:65)
07-14 16:28:53.296 E/cr_Auth (25725): 	at zza.h(chromium-TrichromeChromeGoogle6432.aab-stable-787111433:48)
07-14 16:28:53.296 E/cr_Auth (25725): 	at zza.d(chromium-TrichromeChromeGoogle6432.aab-stable-787111433:21)
07-14 16:28:53.296 E/cr_Auth (25725): 	at zb.b(chromium-TrichromeChromeGoogle6432.aab-stable-787111433:57)
07-14 16:28:53.296 E/cr_Auth (25725): 	at r61.call(chromium-TrichromeChromeGoogle6432.aab-stable-787111433:9)
07-14 16:28:53.296 E/cr_Auth (25725): 	at v61.run(chromium-TrichromeChromeGoogle6432.aab-stable-787111433:26)
07-14 16:28:53.296 E/cr_Auth (25725): 	at ivm.run(chromium-TrichromeChromeGoogle6432.aab-stable-787111433:8)
07-14 16:28:53.296 E/cr_Auth (25725): 	at org.chromium.base.task.TaskRunnerImpl.runTask(chromium-TrichromeChromeGoogle6432.aab-stable-787111433:31)
07-14 16:28:53.296 E/cr_Auth (25725): 	at ss2.a(chromium-TrichromeChromeGoogle6432.aab-stable-787111433:10)
07-14 16:28:53.296 E/cr_Auth (25725): 	at zza.b(chromium-TrichromeChromeGoogle6432.aab-stable-787111433:40)
07-14 16:28:53.401 I/Icing   (30387): doRemovePackageData com.gunnchos.archiveoflife
07-14 16:28:53.456 W/chromium(25725): [WARNING:net/cert/ev_root_ca_metadata.cc:118] Not implemented
07-14 16:28:53.458 W/chromium(25725): [WARNING:net/cert/ev_root_ca_metadata.cc:118] Not implemented
07-14 16:28:53.463 W/chromium(25725): [WARNING:net/cert/ev_root_ca_metadata.cc:118] Not implemented
07-14 16:28:53.463 W/chromium(25725): [WARNING:net/cert/ev_root_ca_metadata.cc:118] Not implemented
07-14 16:28:53.489 W/chromium(25725): [WARNING:net/cert/ev_root_ca_metadata.cc:118] Not implemented
07-14 16:28:53.489 W/chromium(25725): [WARNING:net/cert/ev_root_ca_metadata.cc:118] Not implemented
07-14 16:28:53.595 W/chromium(25725): [WARNING:components/sync/engine/syncer_proto_util.cc:430] Error posting from syncer: Response Code (bogus on error): 401 Content-Length (bogus on error): 5 Server Status: SYNC_AUTH_ERROR
07-14 16:28:53.618 W/chromium(25725): [WARNING:net/cert/ev_root_ca_metadata.cc:118] Not implemented
07-14 16:28:53.694 I/cn_CronetUrlRequestContext(11948): destroyNativeStreamLocked org.chromium.net.impl.CronetBidirectionalStream@eb212ca
07-14 16:28:53.762 W/cr_AuthTaskRetry(25725): Failed to perform auth task: org.chromium.components.signin.AuthException: Error while getting token for scope 'oauth2:https://www.google.com/accounts/OAuthLogin'
07-14 16:28:53.851 W/chromium(25725): [WARNING:net/cert/ev_root_ca_metadata.cc:118] Not implemented
07-14 16:28:53.852 W/chromium(25725): [WARNING:net/cert/ev_root_ca_metadata.cc:118] Not implemented
07-14 16:28:53.900 W/chromium(25725): [WARNING:net/cert/ev_root_ca_metadata.cc:118] Not implemented
07-14 16:28:55.234 I/adbd    (17380): adbd service requested 'shell,v2,TERM=dumb,raw:am force-stop com.gunnchos.archiveoflife'
07-14 16:28:55.288 I/ActivityManager( 1728): Force stopping com.gunnchos.archiveoflife appid=10325 user=0: from pid 7544
07-14 16:28:55.291 I/AppsFilter( 1728): interaction: PackageSetting{7b0e11a com.example.domsapp/10232} -> PackageSetting{dfb6dff com.gunnchos.archiveoflife/10325} BLOCKED
07-14 16:28:55.291 I/AppsFilter( 1728): interaction: PackageSetting{9460e28 com.gunnchos.animeaggressors/10309} -> PackageSetting{dfb6dff com.gunnchos.archiveoflife/10325} BLOCKED
07-14 16:28:55.291 I/AppsFilter( 1728): interaction: PackageSetting{6146741 com.google.android.microdroid.empty_payload/10294} -> PackageSetting{dfb6dff com.gunnchos.archiveoflife/10325} BLOCKED
07-14 16:28:55.291 I/AppsFilter( 1728): interaction: PackageSetting{b6bf4e6 com.gunnchos.pedestrianpursuit/10319} -> PackageSetting{dfb6dff com.gunnchos.archiveoflife/10325} BLOCKED
07-14 16:28:55.291 I/AppsFilter( 1728): interaction: PackageSetting{1798a27 com.example.ghive/10231} -> PackageSetting{dfb6dff com.gunnchos.archiveoflife/10325} BLOCKED
07-14 16:28:55.298 D/CarrierSvcBindHelper( 2762): onHandleForceStop: [com.gunnchos.archiveoflife]
07-14 16:28:55.949 I/adbd    (17380): adbd service requested 'shell,v2,TERM=dumb,raw:am start -n com.gunnchos.archiveoflife/.MainActivity'
07-14 16:28:56.021 V/ActivityTaskManager( 1728): TaskLaunchParamsModifier: phase=3 task=Task{12a8c1e #185 type=standard A=10325:com.gunnchos.archiveoflife} activity=ActivityRecord{110000217 u0 com.gunnchos.archiveoflife/.MainActivity t-1} display-from-task=0 display-id=0 task-display-area-windowing-mode=1 suggested-display-area=DefaultTaskDisplayArea@173798792 inherit-from-task=fullscreen non-freeform-task-display-area display-area=DefaultTaskDisplayArea@173798792 default-portrait freeform-size-mismatch=Rect(276, 694 - 804, 1774)
07-14 16:28:56.021 I/ActivityTaskManager( 1728): START u0 {flg=0x10000000 xflg=0x5 cmp=com.gunnchos.archiveoflife/.MainActivity} with LAUNCH_SINGLE_TASK from uid 2000 (com.android.shell) (BAL_ALLOW_PERMISSION) result code=0
07-14 16:28:56.021 V/WindowManagerShell( 2443): Transition requested (#409): android.os.BinderProxy@e566394 TransitionRequestInfo { type = OPEN, triggerTask = TaskInfo{userId=0 taskId=185 effectiveUid=10325 displayId=0 isRunning=true baseIntent=Intent { flg=0x10000000 cmp=com.gunnchos.archiveoflife/.MainActivity } baseActivity=ComponentInfo{com.gunnchos.archiveoflife/com.gunnchos.archiveoflife.MainActivity} topActivity=ComponentInfo{com.gunnchos.archiveoflife/com.gunnchos.archiveoflife.MainActivity} origActivity=null realActivity=ComponentInfo{com.gunnchos.archiveoflife/com.gunnchos.archiveoflife.MainActivity} realActivityIsAppLockEnabled=false numActivities=1 lastActiveTime=273733284 supportsMultiWindow=true resizeMode=1 isResizeable=true minWidth=-1 minHeight=-1 defaultMinSize=220 token=WCT{android.os.BinderProxy@597ae3d} topActivityType=1 pictureInPictureParams=null shouldDockBigOverlays=false launchIntoPipHostTaskId=-1 lastParentTaskIdBeforePip=-1 displayCutoutSafeInsets=Rect(0, 132 - 0, 0) topActivityInfo=ActivityInfo{8d9f632 com.gunnchos.archiveoflife.MainActivity} launchCookies=[] positionInParent=Point(0, 0) parentTaskId=-1 isFocused=false isVisible=false isVisibleRequested=false isTopActivityNoDisplay=false isSleeping=false locusId=null displayAreaFeatureId=1 isTopActivityTransparent=false isActivityStackTransparent=false lastNonFullscreenBounds=Rect(276, 694 - 804, 1774) leafTaskBoundsFromOptions= false capturedLink=null capturedLinkTimestamp=0 requestedVisibleTypes=503 topActivityRequestOpenInBrowserEducationTimestamp=0 appCompatTaskInfo=AppCompatTaskInfo { topActivityInSizeCompat=false isLeafTask= true eligibleForLetterboxEducation= false isLetterboxEducationEnabled= false isLetterboxDoubleTapEnabled= false eligibleForUserAspectRatioButton= false topActivityBoundsLetterboxed= false isFromLetterboxDoubleTap= false topActivityLetterboxVerticalPosition= -1 topActivityLetterboxHorizontalPosition= -1 topActivityLetterboxWidth=-1 topActivityLetterboxHeight=-1 topActivityAppBounds=Rect(0, 132 - 1080, 2337) isUserFullscreenOverrideEnabled=false isSystemFullscreenOverrideEnabled=false hasMinAspectRatioOverride=false topActivityLetterboxBounds=null topNonResizableActivityAspectRatio=-1.0} topActivityMainWindowFrame=null isAppBubble=false}, pipChange = null, remoteTransitionInfo = null, displayChange = null, requestedLocation = null, userChange = null, windowingLayerChange = null, fullscreenRequestChange = null, flags = 0, debugId = 409 }
07-14 16:28:56.022 I/AppsFilter( 1728): interaction: PackageSetting{7b0e11a com.example.domsapp/10232} -> PackageSetting{26f4c2a com.gunnchos.archiveoflife/10325} BLOCKED
07-14 16:28:56.022 I/AppsFilter( 1728): interaction: PackageSetting{9460e28 com.gunnchos.animeaggressors/10309} -> PackageSetting{26f4c2a com.gunnchos.archiveoflife/10325} BLOCKED
07-14 16:28:56.022 I/AppsFilter( 1728): interaction: PackageSetting{6146741 com.google.android.microdroid.empty_payload/10294} -> PackageSetting{26f4c2a com.gunnchos.archiveoflife/10325} BLOCKED
07-14 16:28:56.022 I/AppsFilter( 1728): interaction: PackageSetting{b6bf4e6 com.gunnchos.pedestrianpursuit/10319} -> PackageSetting{26f4c2a com.gunnchos.archiveoflife/10325} BLOCKED
07-14 16:28:56.022 I/AppsFilter( 1728): interaction: PackageSetting{1798a27 com.example.ghive/10231} -> PackageSetting{26f4c2a com.gunnchos.archiveoflife/10325} BLOCKED
07-14 16:28:56.035 D/CoreBackPreview( 1728): Window{ba038ce u0 Splash Screen com.gunnchos.archiveoflife}: Setting back callback OnBackInvokedCallbackInfo{mCallback=android.window.IOnBackInvokedCallback$Stub$Proxy@4fda1e7, mPriority=0, mIsAnimationCallback=false, mOverrideBehavior=0}
07-14 16:28:56.036 I/ActivityManager( 1728): Start proc 7567:com.gunnchos.archiveoflife/u0a325 for next-top-activity {com.gunnchos.archiveoflife/com.gunnchos.archiveoflife.MainActivity}
07-14 16:28:56.045 I/Zygote  ( 7567): Process 7567 created for com.gunnchos.archiveoflife
07-14 16:28:56.045 I/s.archiveoflife( 7567): Using generational CollectorTypeCMC GC.
07-14 16:28:56.046 V/WindowManager( 1728): Sent Transition (#409) createdAt=07-14 16:28:56.013 via request=TransitionRequestInfo { type = OPEN, triggerTask = TaskInfo{userId=0 taskId=185 effectiveUid=10325 displayId=0 isRunning=true baseIntent=Intent { flg=0x10000000 cmp=com.gunnchos.archiveoflife/.MainActivity } baseActivity=ComponentInfo{com.gunnchos.archiveoflife/com.gunnchos.archiveoflife.MainActivity} topActivity=ComponentInfo{com.gunnchos.archiveoflife/com.gunnchos.archiveoflife.MainActivity} origActivity=null realActivity=ComponentInfo{com.gunnchos.archiveoflife/com.gunnchos.archiveoflife.MainActivity} realActivityIsAppLockEnabled=false numActivities=1 lastActiveTime=273733284 supportsMultiWindow=true resizeMode=1 isResizeable=true minWidth=-1 minHeight=-1 defaultMinSize=220 token=WCT{RemoteToken{bf87583 Task{12a8c1e #185 type=standard A=10325:com.gunnchos.archiveoflife}}} topActivityType=1 pictureInPictureParams=null shouldDockBigOverlays=false launchIntoPipHostTaskId=-1 lastParentTaskIdBeforePip=-1 displayCutoutSafeInsets=Rect(0, 132 - 0, 0) topActivityInfo=ActivityInfo{2ea2300 com.gunnchos.archiveoflife.MainActivity} launchCookies=[] positionInParent=Point(0, 0) parentTaskId=-1 isFocused=false isVisible=false isVisibleRequested=false isTopActivityNoDisplay=false isSleeping=false locusId=null displayAreaFeatureId=1 isTopActivityTransparent=false isActivityStackTransparent=false lastNonFullscreenBounds=Rect(276, 694 - 804, 1774) leafTaskBoundsFromOptions= false capturedLink=null capturedLinkTimestamp=0 requestedVisibleTypes=503 topActivityRequestOpenInBrowserEducationTimestamp=0 appCompatTaskInfo=AppCompatTaskInfo { topActivityInSizeCompat=false isLeafTask= true eligibleForLetterboxEducation= false isLetterboxEducationEnabled= false isLetterboxDoubleTapEnabled= false eligibleForUserAspectRatioButton= false topActivityBoundsLetterboxed= false isFromLetterboxDoubleTap= false topActivityLetterboxVerticalPosition= -1 topActivityLetterboxHorizontalPosition= -1 topActivityLetterboxWidth=-1 topActivityLetterboxHeight=-1 topActivityAppBounds=Rect(0, 132 - 1080, 2337) isUserFullscreenOverrideEnabled=false isSystemFullscreenOverrideEnabled=false hasMinAspectRatioOverride=false topActivityLetterboxBounds=null topNonResizableActivityAspectRatio=-1.0} topActivityMainWindowFrame=null isAppBubble=false}, pipChange = null, remoteTransitionInfo = null, displayChange = null, requestedLocation = null, userChange = null, windowingLayerChange = null, fullscreenRequestChange = null, flags = 0, debugId = 409 }
07-14 16:28:56.046 V/WindowManager( 1728):         {WCT{RemoteToken{bf87583 Task{12a8c1e #185 type=standard A=10325:com.gunnchos.archiveoflife}}} m=OPEN f=NONE leash=Surface(name=Task=185#5594)/@0x576743d sb=Rect(0, 0 - 1080, 2400) eb=Rect(0, 0 - 1080, 2400) epz=Point(1080, 2400) d=0 taskParent=-1 winMode=1 userId=0},
07-14 16:28:56.061 D/nativeloader( 7567): Configuring clns-9 for other apk /data/app/~~M1QwJksk6K1EsxlFsvBQWg==/com.gunnchos.archiveoflife-CcfXpBlAgbFkpXcB-2NiDw==/base.apk. target_sdk_version=34, uses_libraries=, library_path=/data/app/~~M1QwJksk6K1EsxlFsvBQWg==/com.gunnchos.archiveoflife-CcfXpBlAgbFkpXcB-2NiDw==/lib/arm64, permitted_path=/data:/mnt/expand:/data/user/0/com.gunnchos.archiveoflife
07-14 16:28:56.071 V/GraphicsEnvironment( 7567): com.gunnchos.archiveoflife is not listed in per-application setting
07-14 16:28:56.120 D/nativeloader( 7567): Load /data/app/~~VBuSZEL7qpc8x2tz7Iej-Q==/com.google.android.webview-VHa3pLtKqOnkIQI5DWJ7uQ==/base.apk!/lib/arm64-v8a/libwebviewchromium.so using class loader ns clns-10 (caller=/data/app/~~VBuSZEL7qpc8x2tz7Iej-Q==/com.google.android.webview-VHa3pLtKqOnkIQI5DWJ7uQ==/base.apk): ok
07-14 16:28:56.121 D/nativeloader( 7567): Load /system/lib64/libwebviewchromium_plat_support.so using class loader ns clns-10 (caller=/data/app/~~VBuSZEL7qpc8x2tz7Iej-Q==/com.google.android.webview-VHa3pLtKqOnkIQI5DWJ7uQ==/base.apk): ok
07-14 16:28:56.122 I/chromium( 7567): [0714/162856.122327:INFO:android_webview/browser/variations/variations_seed_loader.cc:67] Failed to open file for reading.: No such file or directory (2)
07-14 16:28:56.122 I/chromium( 7567): [0714/162856.122579:INFO:android_webview/browser/variations/variations_seed_loader.cc:67] Failed to open file for reading.: No such file or directory (2)
07-14 16:28:56.145 I/ActivityManager( 1728): Start proc 7601:com.google.android.webview:sandboxed_process0:org.chromium.content.app.SandboxedProcessService0:0/u0i96 for  {com.gunnchos.archiveoflife/org.chromium.content.app.SandboxedProcessService0:0}
07-14 16:28:56.153 W/chromium( 7567): [WARNING:net/dns/dns_config_service_android.cc:69] Failed to read DnsConfig.
07-14 16:28:56.155 I/Zygote  ( 7601): Process 7601 created for com.google.android.webview:sandboxed_process0:org.chromium.content.app.SandboxedProcessService0:0
07-14 16:28:56.159 W/chromium( 7567): [WARNING:android_webview/browser/network_service/net_helpers.cc:137] HTTP Cache size is: 40451341
07-14 16:28:56.189 I/cr_WebViewApkApp( 7601): version=149.0.7827.160 (782716003) minSdkVersion=29 processName=com.google.android.webview:sandboxed_process0:org.chromium.content.app.SandboxedProcessService0:0 splits=<none>
07-14 16:28:56.206 D/Capacitor( 7567): Starting BridgeActivity
07-14 16:28:56.226 W/chromium( 7601): [WARNING:content/app/android/content_main_android.cc:82] android_setCpu already initialized
07-14 16:28:56.239 W/chromium( 7601): [WARNING:content/child/runtime_features.cc:546] Fenced frames cannot be enabled in this configuration. Use --enable-features=FencedFrames instead.
07-14 16:28:56.239 W/chromium( 7601): [WARNING:content/child/runtime_features.cc:571] Topics cannot be enabled in this configuration. Use --enable-features=BrowsingTopics in addition.
07-14 16:28:56.239 W/chromium( 7601): [WARNING:content/child/runtime_features.cc:592] SharedStorage cannot be enabled in this configuration. Use --enable-features=SharedStorageAPI in addition.
07-14 16:28:56.242 D/CoreBackPreview( 1728): Window{e3b1ab4 u0 com.gunnchos.archiveoflife/com.gunnchos.archiveoflife.MainActivity}: Setting back callback OnBackInvokedCallbackInfo{mCallback=android.window.IOnBackInvokedCallback$Stub$Proxy@eb39495, mPriority=0, mIsAnimationCallback=false, mOverrideBehavior=0}
07-14 16:28:56.305 I/ActivityTaskManager( 1728): Displayed com.gunnchos.archiveoflife/.MainActivity for user 0: +296ms
07-14 16:28:56.341 I/ImeTracker( 1728): com.gunnchos.archiveoflife:ec9a6f11: onRequestHide at ORIGIN_SERVER reason HIDE_UNSPECIFIED_WINDOW fromUser false userId 0 displayId 0
07-14 16:28:56.342 I/ImeTracker( 7567): com.gunnchos.archiveoflife:ec9a6f11: onCancelled at PHASE_CLIENT_ALREADY_HIDDEN
07-14 16:28:56.344 I/GoogleInputMethodService( 4082): GoogleInputMethodService.onStartInput():1460 onStartInput(EditorInfo{EditorInfo{packageName=com.gunnchos.archiveoflife, inputType=0, inputTypeString=NULL, enableLearning=false, autoCorrection=false, autoComplete=false, imeOptions=12000000, privateImeOptions=null, actionName=UNSPECIFIED, actionLabel=null, initialSelStart=-1, initialSelEnd=-1, initialCapsMode=0, label=null, fieldId=0, fieldName=null, extras=null, hintText=null, hintLocales=[]}}, false)
07-14 16:28:56.347 W/PackageConfigPersister( 1728): App-specific configuration not found for packageName: com.gunnchos.archiveoflife and userId: 0
07-14 16:28:56.693 D/CoreBackPreview( 1728): Window{ba038ce u0 Splash Screen com.gunnchos.archiveoflife EXITING}: Setting back callback null
07-14 16:28:58.649 D/ActivityThread(32099): Package [com.gunnchos.archiveoflife] reported as REPLACED, but missing application info. Assuming REMOVED.
07-14 16:28:58.649 D/ActivityThread(32099): Package [com.gunnchos.archiveoflife] reported as REPLACED, but missing application info. Assuming REMOVED.
07-14 16:28:59.243 I/adbd    (17380): adbd service requested 'shell,v2,TERM=dumb,raw:am broadcast -a com.gunnchos.archiveoflife.ACCEPT_NAV -n com.gunnchos.archiveoflife/.AcceptNavReceiver --es action start'
07-14 16:28:59.299 I/ActivityManager( 1728): Broadcasting: Intent { act=com.gunnchos.archiveoflife.ACCEPT_NAV flg=0x400000 cmp=com.gunnchos.archiveoflife/.AcceptNavReceiver (has extras) }
07-14 16:28:59.300 I/ActivityManager( 1728): Enqueued broadcast Intent { act=com.gunnchos.archiveoflife.ACCEPT_NAV flg=0x400000 cmp=com.gunnchos.archiveoflife/.AcceptNavReceiver (has extras) }: 0
07-14 16:29:01.268 D/ProfileInstaller( 7567): Installing profile for com.gunnchos.archiveoflife
07-14 16:29:03.756 I/adbd    (17380): adbd service requested 'shell,v2,TERM=dumb,raw:am broadcast -a com.gunnchos.archiveoflife.ACCEPT_NAV -n com.gunnchos.archiveoflife/.AcceptNavReceiver --es action travel --es arg savanna'
07-14 16:29:03.800 I/ActivityManager( 1728): Broadcasting: Intent { act=com.gunnchos.archiveoflife.ACCEPT_NAV flg=0x400000 cmp=com.gunnchos.archiveoflife/.AcceptNavReceiver (has extras) }
07-14 16:29:03.800 I/ActivityManager( 1728): Enqueued broadcast Intent { act=com.gunnchos.archiveoflife.ACCEPT_NAV flg=0x400000 cmp=com.gunnchos.archiveoflife/.AcceptNavReceiver (has extras) }: 0
07-14 16:29:06.397 I/adbd    (17380): adbd service requested 'shell,v2,TERM=dumb,raw:am broadcast -a com.gunnchos.archiveoflife.ACCEPT_NAV -n com.gunnchos.archiveoflife/.AcceptNavReceiver --es action move --es arg species'
07-14 16:29:06.429 I/ActivityManager( 1728): Broadcasting: Intent { act=com.gunnchos.archiveoflife.ACCEPT_NAV flg=0x400000 cmp=com.gunnchos.archiveoflife/.AcceptNavReceiver (has extras) }
07-14 16:29:06.430 I/ActivityManager( 1728): Enqueued broadcast Intent { act=com.gunnchos.archiveoflife.ACCEPT_NAV flg=0x400000 cmp=com.gunnchos.archiveoflife/.AcceptNavReceiver (has extras) }: 0
07-14 16:29:06.984 D/ActivityThread(10656): Package [com.gunnchos.archiveoflife] reported as REPLACED, but missing application info. Assuming REMOVED.
07-14 16:29:06.985 D/ActivityThread(10656): Package [com.gunnchos.archiveoflife] reported as REPLACED, but missing application info. Assuming REMOVED.
07-14 16:29:07.262 I/adbd    (17380): adbd service requested 'shell,v2,TERM=dumb,raw:am broadcast -a com.gunnchos.archiveoflife.ACCEPT_NAV -n com.gunnchos.archiveoflife/.AcceptNavReceiver --es action interact'
07-14 16:29:07.312 I/ActivityManager( 1728): Broadcasting: Intent { act=com.gunnchos.archiveoflife.ACCEPT_NAV flg=0x400000 cmp=com.gunnchos.archiveoflife/.AcceptNavReceiver (has extras) }
07-14 16:29:07.313 I/ActivityManager( 1728): Enqueued broadcast Intent { act=com.gunnchos.archiveoflife.ACCEPT_NAV flg=0x400000 cmp=com.gunnchos.archiveoflife/.AcceptNavReceiver (has extras) }: 0
07-14 16:29:09.194 I/adbd    (17380): adbd service requested 'shell,v2,TERM=dumb,raw:am broadcast -a com.gunnchos.archiveoflife.ACCEPT_NAV -n com.gunnchos.archiveoflife/.AcceptNavReceiver --es action hold --es arg 1'
07-14 16:29:09.241 I/ActivityManager( 1728): Broadcasting: Intent { act=com.gunnchos.archiveoflife.ACCEPT_NAV flg=0x400000 cmp=com.gunnchos.archiveoflife/.AcceptNavReceiver (has extras) }
07-14 16:29:09.242 I/ActivityManager( 1728): Enqueued broadcast Intent { act=com.gunnchos.archiveoflife.ACCEPT_NAV flg=0x400000 cmp=com.gunnchos.archiveoflife/.AcceptNavReceiver (has extras) }: 0
07-14 16:29:13.799 I/adbd    (17380): adbd service requested 'shell,v2,TERM=dumb,raw:am broadcast -a com.gunnchos.archiveoflife.ACCEPT_NAV -n com.gunnchos.archiveoflife/.AcceptNavReceiver --es action hold --es arg 0'
07-14 16:29:13.848 I/ActivityManager( 1728): Broadcasting: Intent { act=com.gunnchos.archiveoflife.ACCEPT_NAV flg=0x400000 cmp=com.gunnchos.archiveoflife/.AcceptNavReceiver (has extras) }
07-14 16:29:13.849 I/ActivityManager( 1728): Enqueued broadcast Intent { act=com.gunnchos.archiveoflife.ACCEPT_NAV flg=0x400000 cmp=com.gunnchos.archiveoflife/.AcceptNavReceiver (has extras) }: 0
07-14 16:29:16.750 I/adbd    (17380): adbd service requested 'shell,v2,TERM=dumb,raw:am broadcast -a com.gunnchos.archiveoflife.ACCEPT_NAV -n com.gunnchos.archiveoflife/.AcceptNavReceiver --es js_b64 KCgpPT57Y29uc3QgZWw9ZG9jdW1lbnQucXVlcnlTZWxlY3RvcignI3VubG9jay1ldmlkZW5jZS1tb3VudCcpfHxkb2N1bWVudC5xdWVyeVNlbGVjdG9yKCcuZXZpZGVuY2UtcGFuZWwnKTtjb25zdCBzdD1lbCYmZWwuZGF0YXNldD9lbC5kYXRhc2V0LmV2aWRlbmNlU3RhdGU6bnVsbDtjb25zdCBsb2FkaW5nPSEhZG9jdW1lbnQucXVlcnlTZWxlY3RvcignLmV2aWRlbmNlLWxvYWRpbmcnKTtjb25zb2xlLmxvZygnW0FDQ0VQVF9FVl0nLEpTT04uc3RyaW5naWZ5KHtzdCxsb2FkaW5nLHRleHQ6KGVsJiZlbC5pbm5lclRleHR8fCcnKS5zbGljZSgwLDEyMCl9KSk7cmV0dXJuIHtzdCxsb2FkaW5nfTt9KSgp'
07-14 16:29:16.783 I/ActivityManager( 1728): Broadcasting: Intent { act=com.gunnchos.archiveoflife.ACCEPT_NAV flg=0x400000 cmp=com.gunnchos.archiveoflife/.AcceptNavReceiver (has extras) }
07-14 16:29:16.784 I/ActivityManager( 1728): Enqueued broadcast Intent { act=com.gunnchos.archiveoflife.ACCEPT_NAV flg=0x400000 cmp=com.gunnchos.archiveoflife/.AcceptNavReceiver (has extras) }: 0
07-14 16:29:17.828 I/adbd    (17380): adbd service requested 'shell,v2,TERM=dumb,raw:am broadcast -a com.gunnchos.archiveoflife.ACCEPT_NAV -n com.gunnchos.archiveoflife/.AcceptNavReceiver --es js_b64 KCgpPT57Y29uc3QgZWw9ZG9jdW1lbnQucXVlcnlTZWxlY3RvcignI3VubG9jay1ldmlkZW5jZS1tb3VudCcpfHxkb2N1bWVudC5xdWVyeVNlbGVjdG9yKCcuZXZpZGVuY2UtcGFuZWwnKTtjb25zdCBzdD1lbCYmZWwuZGF0YXNldD9lbC5kYXRhc2V0LmV2aWRlbmNlU3RhdGU6bnVsbDtjb25zdCBsb2FkaW5nPSEhZG9jdW1lbnQucXVlcnlTZWxlY3RvcignLmV2aWRlbmNlLWxvYWRpbmcnKTtjb25zb2xlLmxvZygnW0FDQ0VQVF9FVl0nLEpTT04uc3RyaW5naWZ5KHtzdCxsb2FkaW5nLHRleHQ6KGVsJiZlbC5pbm5lclRleHR8fCcnKS5zbGljZSgwLDEyMCl9KSk7cmV0dXJuIHtzdCxsb2FkaW5nfTt9KSgp'
07-14 16:29:17.878 I/ActivityManager( 1728): Broadcasting: Intent { act=com.gunnchos.archiveoflife.ACCEPT_NAV flg=0x400000 cmp=com.gunnchos.archiveoflife/.AcceptNavReceiver (has extras) }
07-14 16:29:17.879 I/ActivityManager( 1728): Enqueued broadcast Intent { act=com.gunnchos.archiveoflife.ACCEPT_NAV flg=0x400000 cmp=com.gunnchos.archiveoflife/.AcceptNavReceiver (has extras) }: 0
07-14 16:29:19.442 I/adbd    (17380): adbd service requested 'shell,v2,TERM=dumb,raw:am broadcast -a com.gunnchos.archiveoflife.ACCEPT_NAV -n com.gunnchos.archiveoflife/.AcceptNavReceiver --es js_b64 KCgpPT57Y29uc3QgZWw9ZG9jdW1lbnQucXVlcnlTZWxlY3RvcignI3VubG9jay1ldmlkZW5jZS1tb3VudCcpfHxkb2N1bWVudC5xdWVyeVNlbGVjdG9yKCcuZXZpZGVuY2UtcGFuZWwnKTtjb25zdCBzdD1lbCYmZWwuZGF0YXNldD9lbC5kYXRhc2V0LmV2aWRlbmNlU3RhdGU6bnVsbDtjb25zdCBsb2FkaW5nPSEhZG9jdW1lbnQucXVlcnlTZWxlY3RvcignLmV2aWRlbmNlLWxvYWRpbmcnKTtjb25zb2xlLmxvZygnW0FDQ0VQVF9FVl0nLEpTT04uc3RyaW5naWZ5KHtzdCxsb2FkaW5nLHRleHQ6KGVsJiZlbC5pbm5lclRleHR8fCcnKS5zbGljZSgwLDEyMCl9KSk7cmV0dXJuIHtzdCxsb2FkaW5nfTt9KSgp'
07-14 16:29:19.467 I/ActivityManager( 1728): Broadcasting: Intent { act=com.gunnchos.archiveoflife.ACCEPT_NAV flg=0x400000 cmp=com.gunnchos.archiveoflife/.AcceptNavReceiver (has extras) }
07-14 16:29:19.468 I/ActivityManager( 1728): Enqueued broadcast Intent { act=com.gunnchos.archiveoflife.ACCEPT_NAV flg=0x400000 cmp=com.gunnchos.archiveoflife/.AcceptNavReceiver (has extras) }: 0
07-14 16:29:20.669 I/adbd    (17380): adbd service requested 'shell,v2,TERM=dumb,raw:am broadcast -a com.gunnchos.archiveoflife.ACCEPT_NAV -n com.gunnchos.archiveoflife/.AcceptNavReceiver --es js_b64 KCgpPT57Y29uc3QgZWw9ZG9jdW1lbnQucXVlcnlTZWxlY3RvcignI3VubG9jay1ldmlkZW5jZS1tb3VudCcpfHxkb2N1bWVudC5xdWVyeVNlbGVjdG9yKCcuZXZpZGVuY2UtcGFuZWwnKTtjb25zdCBzdD1lbCYmZWwuZGF0YXNldD9lbC5kYXRhc2V0LmV2aWRlbmNlU3RhdGU6bnVsbDtjb25zdCBsb2FkaW5nPSEhZG9jdW1lbnQucXVlcnlTZWxlY3RvcignLmV2aWRlbmNlLWxvYWRpbmcnKTtjb25zb2xlLmxvZygnW0FDQ0VQVF9FVl0nLEpTT04uc3RyaW5naWZ5KHtzdCxsb2FkaW5nLHRleHQ6KGVsJiZlbC5pbm5lclRleHR8fCcnKS5zbGljZSgwLDEyMCl9KSk7cmV0dXJuIHtzdCxsb2FkaW5nfTt9KSgp'
07-14 16:29:20.706 I/ActivityManager( 1728): Broadcasting: Intent { act=com.gunnchos.archiveoflife.ACCEPT_NAV flg=0x400000 cmp=com.gunnchos.archiveoflife/.AcceptNavReceiver (has extras) }
07-14 16:29:20.707 I/ActivityManager( 1728): Enqueued broadcast Intent { act=com.gunnchos.archiveoflife.ACCEPT_NAV flg=0x400000 cmp=com.gunnchos.archiveoflife/.AcceptNavReceiver (has extras) }: 0
07-14 16:29:21.760 I/adbd    (17380): adbd service requested 'shell,v2,TERM=dumb,raw:am broadcast -a com.gunnchos.archiveoflife.ACCEPT_NAV -n com.gunnchos.archiveoflife/.AcceptNavReceiver --es js_b64 KCgpPT57Y29uc3QgZWw9ZG9jdW1lbnQucXVlcnlTZWxlY3RvcignI3VubG9jay1ldmlkZW5jZS1tb3VudCcpfHxkb2N1bWVudC5xdWVyeVNlbGVjdG9yKCcuZXZpZGVuY2UtcGFuZWwnKTtjb25zdCBzdD1lbCYmZWwuZGF0YXNldD9lbC5kYXRhc2V0LmV2aWRlbmNlU3RhdGU6bnVsbDtjb25zdCBsb2FkaW5nPSEhZG9jdW1lbnQucXVlcnlTZWxlY3RvcignLmV2aWRlbmNlLWxvYWRpbmcnKTtjb25zb2xlLmxvZygnW0FDQ0VQVF9FVl0nLEpTT04uc3RyaW5naWZ5KHtzdCxsb2FkaW5nLHRleHQ6KGVsJiZlbC5pbm5lclRleHR8fCcnKS5zbGljZSgwLDEyMCl9KSk7cmV0dXJuIHtzdCxsb2FkaW5nfTt9KSgp'
07-14 16:29:21.803 I/ActivityManager( 1728): Broadcasting: Intent { act=com.gunnchos.archiveoflife.ACCEPT_NAV flg=0x400000 cmp=com.gunnchos.archiveoflife/.AcceptNavReceiver (has extras) }
07-14 16:29:21.804 I/ActivityManager( 1728): Enqueued broadcast Intent { act=com.gunnchos.archiveoflife.ACCEPT_NAV flg=0x400000 cmp=com.gunnchos.archiveoflife/.AcceptNavReceiver (has extras) }: 0
07-14 16:29:22.844 I/adbd    (17380): adbd service requested 'shell,v2,TERM=dumb,raw:am broadcast -a com.gunnchos.archiveoflife.ACCEPT_NAV -n com.gunnchos.archiveoflife/.AcceptNavReceiver --es js_b64 KCgpPT57Y29uc3QgZWw9ZG9jdW1lbnQucXVlcnlTZWxlY3RvcignI3VubG9jay1ldmlkZW5jZS1tb3VudCcpfHxkb2N1bWVudC5xdWVyeVNlbGVjdG9yKCcuZXZpZGVuY2UtcGFuZWwnKTtjb25zdCBzdD1lbCYmZWwuZGF0YXNldD9lbC5kYXRhc2V0LmV2aWRlbmNlU3RhdGU6bnVsbDtjb25zdCBsb2FkaW5nPSEhZG9jdW1lbnQucXVlcnlTZWxlY3RvcignLmV2aWRlbmNlLWxvYWRpbmcnKTtjb25zb2xlLmxvZygnW0FDQ0VQVF9FVl0nLEpTT04uc3RyaW5naWZ5KHtzdCxsb2FkaW5nLHRleHQ6KGVsJiZlbC5pbm5lclRleHR8fCcnKS5zbGljZSgwLDEyMCl9KSk7cmV0dXJuIHtzdCxsb2FkaW5nfTt9KSgp'
07-14 16:29:22.889 I/ActivityManager( 1728): Broadcasting: Intent { act=com.gunnchos.archiveoflife.ACCEPT_NAV flg=0x400000 cmp=com.gunnchos.archiveoflife/.AcceptNavReceiver (has extras) }
07-14 16:29:22.890 I/ActivityManager( 1728): Enqueued broadcast Intent { act=com.gunnchos.archiveoflife.ACCEPT_NAV flg=0x400000 cmp=com.gunnchos.archiveoflife/.AcceptNavReceiver (has extras) }: 0
07-14 16:29:23.949 I/adbd    (17380): adbd service requested 'shell,v2,TERM=dumb,raw:am broadcast -a com.gunnchos.archiveoflife.ACCEPT_NAV -n com.gunnchos.archiveoflife/.AcceptNavReceiver --es js_b64 KCgpPT57Y29uc3QgZWw9ZG9jdW1lbnQucXVlcnlTZWxlY3RvcignI3VubG9jay1ldmlkZW5jZS1tb3VudCcpfHxkb2N1bWVudC5xdWVyeVNlbGVjdG9yKCcuZXZpZGVuY2UtcGFuZWwnKTtjb25zdCBzdD1lbCYmZWwuZGF0YXNldD9lbC5kYXRhc2V0LmV2aWRlbmNlU3RhdGU6bnVsbDtjb25zdCBsb2FkaW5nPSEhZG9jdW1lbnQucXVlcnlTZWxlY3RvcignLmV2aWRlbmNlLWxvYWRpbmcnKTtjb25zb2xlLmxvZygnW0FDQ0VQVF9FVl0nLEpTT04uc3RyaW5naWZ5KHtzdCxsb2FkaW5nLHRleHQ6KGVsJiZlbC5pbm5lclRleHR8fCcnKS5zbGljZSgwLDEyMCl9KSk7cmV0dXJuIHtzdCxsb2FkaW5nfTt9KSgp'
07-14 16:29:23.991 I/ActivityManager( 1728): Broadcasting: Intent { act=com.gunnchos.archiveoflife.ACCEPT_NAV flg=0x400000 cmp=com.gunnchos.archiveoflife/.AcceptNavReceiver (has extras) }
07-14 16:29:23.992 I/ActivityManager( 1728): Enqueued broadcast Intent { act=com.gunnchos.archiveoflife.ACCEPT_NAV flg=0x400000 cmp=com.gunnchos.archiveoflife/.AcceptNavReceiver (has extras) }: 0
07-14 16:29:25.044 I/adbd    (17380): adbd service requested 'shell,v2,TERM=dumb,raw:am broadcast -a com.gunnchos.archiveoflife.ACCEPT_NAV -n com.gunnchos.archiveoflife/.AcceptNavReceiver --es js_b64 KCgpPT57Y29uc3QgZWw9ZG9jdW1lbnQucXVlcnlTZWxlY3RvcignI3VubG9jay1ldmlkZW5jZS1tb3VudCcpfHxkb2N1bWVudC5xdWVyeVNlbGVjdG9yKCcuZXZpZGVuY2UtcGFuZWwnKTtjb25zdCBzdD1lbCYmZWwuZGF0YXNldD9lbC5kYXRhc2V0LmV2aWRlbmNlU3RhdGU6bnVsbDtjb25zdCBsb2FkaW5nPSEhZG9jdW1lbnQucXVlcnlTZWxlY3RvcignLmV2aWRlbmNlLWxvYWRpbmcnKTtjb25zb2xlLmxvZygnW0FDQ0VQVF9FVl0nLEpTT04uc3RyaW5naWZ5KHtzdCxsb2FkaW5nLHRleHQ6KGVsJiZlbC5pbm5lclRleHR8fCcnKS5zbGljZSgwLDEyMCl9KSk7cmV0dXJuIHtzdCxsb2FkaW5nfTt9KSgp'
07-14 16:29:25.087 I/ActivityManager( 1728): Broadcasting: Intent { act=com.gunnchos.archiveoflife.ACCEPT_NAV flg=0x400000 cmp=com.gunnchos.archiveoflife/.AcceptNavReceiver (has extras) }
07-14 16:29:25.088 I/ActivityManager( 1728): Enqueued broadcast Intent { act=com.gunnchos.archiveoflife.ACCEPT_NAV flg=0x400000 cmp=com.gunnchos.archiveoflife/.AcceptNavReceiver (has extras) }: 0
07-14 16:29:26.143 I/adbd    (17380): adbd service requested 'shell,v2,TERM=dumb,raw:am broadcast -a com.gunnchos.archiveoflife.ACCEPT_NAV -n com.gunnchos.archiveoflife/.AcceptNavReceiver --es js_b64 KCgpPT57Y29uc3QgZWw9ZG9jdW1lbnQucXVlcnlTZWxlY3RvcignI3VubG9jay1ldmlkZW5jZS1tb3VudCcpfHxkb2N1bWVudC5xdWVyeVNlbGVjdG9yKCcuZXZpZGVuY2UtcGFuZWwnKTtjb25zdCBzdD1lbCYmZWwuZGF0YXNldD9lbC5kYXRhc2V0LmV2aWRlbmNlU3RhdGU6bnVsbDtjb25zdCBsb2FkaW5nPSEhZG9jdW1lbnQucXVlcnlTZWxlY3RvcignLmV2aWRlbmNlLWxvYWRpbmcnKTtjb25zb2xlLmxvZygnW0FDQ0VQVF9FVl0nLEpTT04uc3RyaW5naWZ5KHtzdCxsb2FkaW5nLHRleHQ6KGVsJiZlbC5pbm5lclRleHR8fCcnKS5zbGljZSgwLDEyMCl9KSk7cmV0dXJuIHtzdCxsb2FkaW5nfTt9KSgp'
07-14 16:29:26.180 I/ActivityManager( 1728): Broadcasting: Intent { act=com.gunnchos.archiveoflife.ACCEPT_NAV flg=0x400000 cmp=com.gunnchos.archiveoflife/.AcceptNavReceiver (has extras) }
07-14 16:29:26.181 I/ActivityManager( 1728): Enqueued broadcast Intent { act=com.gunnchos.archiveoflife.ACCEPT_NAV flg=0x400000 cmp=com.gunnchos.archiveoflife/.AcceptNavReceiver (has extras) }: 0
07-14 16:29:27.237 I/adbd    (17380): adbd service requested 'shell,v2,TERM=dumb,raw:am broadcast -a com.gunnchos.archiveoflife.ACCEPT_NAV -n com.gunnchos.archiveoflife/.AcceptNavReceiver --es js_b64 KCgpPT57Y29uc3QgZWw9ZG9jdW1lbnQucXVlcnlTZWxlY3RvcignI3VubG9jay1ldmlkZW5jZS1tb3VudCcpfHxkb2N1bWVudC5xdWVyeVNlbGVjdG9yKCcuZXZpZGVuY2UtcGFuZWwnKTtjb25zdCBzdD1lbCYmZWwuZGF0YXNldD9lbC5kYXRhc2V0LmV2aWRlbmNlU3RhdGU6bnVsbDtjb25zdCBsb2FkaW5nPSEhZG9jdW1lbnQucXVlcnlTZWxlY3RvcignLmV2aWRlbmNlLWxvYWRpbmcnKTtjb25zb2xlLmxvZygnW0FDQ0VQVF9FVl0nLEpTT04uc3RyaW5naWZ5KHtzdCxsb2FkaW5nLHRleHQ6KGVsJiZlbC5pbm5lclRleHR8fCcnKS5zbGljZSgwLDEyMCl9KSk7cmV0dXJuIHtzdCxsb2FkaW5nfTt9KSgp'
07-14 16:29:27.285 I/ActivityManager( 1728): Broadcasting: Intent { act=com.gunnchos.archiveoflife.ACCEPT_NAV flg=0x400000 cmp=com.gunnchos.archiveoflife/.AcceptNavReceiver (has extras) }
07-14 16:29:27.286 I/ActivityManager( 1728): Enqueued broadcast Intent { act=com.gunnchos.archiveoflife.ACCEPT_NAV flg=0x400000 cmp=com.gunnchos.archiveoflife/.AcceptNavReceiver (has extras) }: 0
07-14 16:29:28.337 I/adbd    (17380): adbd service requested 'shell,v2,TERM=dumb,raw:am broadcast -a com.gunnchos.archiveoflife.ACCEPT_NAV -n com.gunnchos.archiveoflife/.AcceptNavReceiver --es js_b64 KCgpPT57Y29uc3QgZWw9ZG9jdW1lbnQucXVlcnlTZWxlY3RvcignI3VubG9jay1ldmlkZW5jZS1tb3VudCcpfHxkb2N1bWVudC5xdWVyeVNlbGVjdG9yKCcuZXZpZGVuY2UtcGFuZWwnKTtjb25zdCBzdD1lbCYmZWwuZGF0YXNldD9lbC5kYXRhc2V0LmV2aWRlbmNlU3RhdGU6bnVsbDtjb25zdCBsb2FkaW5nPSEhZG9jdW1lbnQucXVlcnlTZWxlY3RvcignLmV2aWRlbmNlLWxvYWRpbmcnKTtjb25zb2xlLmxvZygnW0FDQ0VQVF9FVl0nLEpTT04uc3RyaW5naWZ5KHtzdCxsb2FkaW5nLHRleHQ6KGVsJiZlbC5pbm5lclRleHR8fCcnKS5zbGljZSgwLDEyMCl9KSk7cmV0dXJuIHtzdCxsb2FkaW5nfTt9KSgp'
07-14 16:29:28.385 I/ActivityManager( 1728): Broadcasting: Intent { act=com.gunnchos.archiveoflife.ACCEPT_NAV flg=0x400000 cmp=com.gunnchos.archiveoflife/.AcceptNavReceiver (has extras) }
07-14 16:29:28.385 I/ActivityManager( 1728): Enqueued broadcast Intent { act=com.gunnchos.archiveoflife.ACCEPT_NAV flg=0x400000 cmp=com.gunnchos.archiveoflife/.AcceptNavReceiver (has extras) }: 0
07-14 16:29:29.437 I/adbd    (17380): adbd service requested 'shell,v2,TERM=dumb,raw:am broadcast -a com.gunnchos.archiveoflife.ACCEPT_NAV -n com.gunnchos.archiveoflife/.AcceptNavReceiver --es js_b64 KCgpPT57Y29uc3QgZWw9ZG9jdW1lbnQucXVlcnlTZWxlY3RvcignI3VubG9jay1ldmlkZW5jZS1tb3VudCcpfHxkb2N1bWVudC5xdWVyeVNlbGVjdG9yKCcuZXZpZGVuY2UtcGFuZWwnKTtjb25zdCBzdD1lbCYmZWwuZGF0YXNldD9lbC5kYXRhc2V0LmV2aWRlbmNlU3RhdGU6bnVsbDtjb25zdCBsb2FkaW5nPSEhZG9jdW1lbnQucXVlcnlTZWxlY3RvcignLmV2aWRlbmNlLWxvYWRpbmcnKTtjb25zb2xlLmxvZygnW0FDQ0VQVF9FVl0nLEpTT04uc3RyaW5naWZ5KHtzdCxsb2FkaW5nLHRleHQ6KGVsJiZlbC5pbm5lclRleHR8fCcnKS5zbGljZSgwLDEyMCl9KSk7cmV0dXJuIHtzdCxsb2FkaW5nfTt9KSgp'
07-14 16:29:29.489 I/ActivityManager( 1728): Broadcasting: Intent { act=com.gunnchos.archiveoflife.ACCEPT_NAV flg=0x400000 cmp=com.gunnchos.archiveoflife/.AcceptNavReceiver (has extras) }
07-14 16:29:29.490 I/ActivityManager( 1728): Enqueued broadcast Intent { act=com.gunnchos.archiveoflife.ACCEPT_NAV flg=0x400000 cmp=com.gunnchos.archiveoflife/.AcceptNavReceiver (has extras) }: 0
07-14 16:29:30.564 I/adbd    (17380): adbd service requested 'shell,v2,TERM=dumb,raw:am broadcast -a com.gunnchos.archiveoflife.ACCEPT_NAV -n com.gunnchos.archiveoflife/.AcceptNavReceiver --es js_b64 KCgpPT57Y29uc3QgZWw9ZG9jdW1lbnQucXVlcnlTZWxlY3RvcignI3VubG9jay1ldmlkZW5jZS1tb3VudCcpfHxkb2N1bWVudC5xdWVyeVNlbGVjdG9yKCcuZXZpZGVuY2UtcGFuZWwnKTtjb25zdCBzdD1lbCYmZWwuZGF0YXNldD9lbC5kYXRhc2V0LmV2aWRlbmNlU3RhdGU6bnVsbDtjb25zdCBsb2FkaW5nPSEhZG9jdW1lbnQucXVlcnlTZWxlY3RvcignLmV2aWRlbmNlLWxvYWRpbmcnKTtjb25zb2xlLmxvZygnW0FDQ0VQVF9FVl0nLEpTT04uc3RyaW5naWZ5KHtzdCxsb2FkaW5nLHRleHQ6KGVsJiZlbC5pbm5lclRleHR8fCcnKS5zbGljZSgwLDEyMCl9KSk7cmV0dXJuIHtzdCxsb2FkaW5nfTt9KSgp'
07-14 16:29:30.621 I/ActivityManager( 1728): Broadcasting: Intent { act=com.gunnchos.archiveoflife.ACCEPT_NAV flg=0x400000 cmp=com.gunnchos.archiveoflife/.AcceptNavReceiver (has extras) }
07-14 16:29:30.622 I/ActivityManager( 1728): Enqueued broadcast Intent { act=com.gunnchos.archiveoflife.ACCEPT_NAV flg=0x400000 cmp=com.gunnchos.archiveoflife/.AcceptNavReceiver (has extras) }: 0
07-14 16:29:31.690 I/adbd    (17380): adbd service requested 'shell,v2,TERM=dumb,raw:am broadcast -a com.gunnchos.archiveoflife.ACCEPT_NAV -n com.gunnchos.archiveoflife/.AcceptNavReceiver --es js_b64 KCgpPT57Y29uc3QgZWw9ZG9jdW1lbnQucXVlcnlTZWxlY3RvcignI3VubG9jay1ldmlkZW5jZS1tb3VudCcpfHxkb2N1bWVudC5xdWVyeVNlbGVjdG9yKCcuZXZpZGVuY2UtcGFuZWwnKTtjb25zdCBzdD1lbCYmZWwuZGF0YXNldD9lbC5kYXRhc2V0LmV2aWRlbmNlU3RhdGU6bnVsbDtjb25zdCBsb2FkaW5nPSEhZG9jdW1lbnQucXVlcnlTZWxlY3RvcignLmV2aWRlbmNlLWxvYWRpbmcnKTtjb25zb2xlLmxvZygnW0FDQ0VQVF9FVl0nLEpTT04uc3RyaW5naWZ5KHtzdCxsb2FkaW5nLHRleHQ6KGVsJiZlbC5pbm5lclRleHR8fCcnKS5zbGljZSgwLDEyMCl9KSk7cmV0dXJuIHtzdCxsb2FkaW5nfTt9KSgp'
07-14 16:29:31.743 I/ActivityManager( 1728): Broadcasting: Intent { act=com.gunnchos.archiveoflife.ACCEPT_NAV flg=0x400000 cmp=com.gunnchos.archiveoflife/.AcceptNavReceiver (has extras) }
07-14 16:29:31.743 I/ActivityManager( 1728): Enqueued broadcast Intent { act=com.gunnchos.archiveoflife.ACCEPT_NAV flg=0x400000 cmp=com.gunnchos.archiveoflife/.AcceptNavReceiver (has extras) }: 0
07-14 16:29:32.792 I/adbd    (17380): adbd service requested 'shell,v2,TERM=dumb,raw:am broadcast -a com.gunnchos.archiveoflife.ACCEPT_NAV -n com.gunnchos.archiveoflife/.AcceptNavReceiver --es js_b64 KCgpPT57Y29uc3QgZWw9ZG9jdW1lbnQucXVlcnlTZWxlY3RvcignI3VubG9jay1ldmlkZW5jZS1tb3VudCcpfHxkb2N1bWVudC5xdWVyeVNlbGVjdG9yKCcuZXZpZGVuY2UtcGFuZWwnKTtjb25zdCBzdD1lbCYmZWwuZGF0YXNldD9lbC5kYXRhc2V0LmV2aWRlbmNlU3RhdGU6bnVsbDtjb25zdCBsb2FkaW5nPSEhZG9jdW1lbnQucXVlcnlTZWxlY3RvcignLmV2aWRlbmNlLWxvYWRpbmcnKTtjb25zb2xlLmxvZygnW0FDQ0VQVF9FVl0nLEpTT04uc3RyaW5naWZ5KHtzdCxsb2FkaW5nLHRleHQ6KGVsJiZlbC5pbm5lclRleHR8fCcnKS5zbGljZSgwLDEyMCl9KSk7cmV0dXJuIHtzdCxsb2FkaW5nfTt9KSgp'
07-14 16:29:32.855 I/ActivityManager( 1728): Broadcasting: Intent { act=com.gunnchos.archiveoflife.ACCEPT_NAV flg=0x400000 cmp=com.gunnchos.archiveoflife/.AcceptNavReceiver (has extras) }
07-14 16:29:32.855 I/ActivityManager( 1728): Enqueued broadcast Intent { act=com.gunnchos.archiveoflife.ACCEPT_NAV flg=0x400000 cmp=com.gunnchos.archiveoflife/.AcceptNavReceiver (has extras) }: 0
07-14 16:29:33.917 I/adbd    (17380): adbd service requested 'shell,v2,TERM=dumb,raw:am broadcast -a com.gunnchos.archiveoflife.ACCEPT_NAV -n com.gunnchos.archiveoflife/.AcceptNavReceiver --es js_b64 KCgpPT57Y29uc3QgZWw9ZG9jdW1lbnQucXVlcnlTZWxlY3RvcignI3VubG9jay1ldmlkZW5jZS1tb3VudCcpfHxkb2N1bWVudC5xdWVyeVNlbGVjdG9yKCcuZXZpZGVuY2UtcGFuZWwnKTtjb25zdCBzdD1lbCYmZWwuZGF0YXNldD9lbC5kYXRhc2V0LmV2aWRlbmNlU3RhdGU6bnVsbDtjb25zdCBsb2FkaW5nPSEhZG9jdW1lbnQucXVlcnlTZWxlY3RvcignLmV2aWRlbmNlLWxvYWRpbmcnKTtjb25zb2xlLmxvZygnW0FDQ0VQVF9FVl0nLEpTT04uc3RyaW5naWZ5KHtzdCxsb2FkaW5nLHRleHQ6KGVsJiZlbC5pbm5lclRleHR8fCcnKS5zbGljZSgwLDEyMCl9KSk7cmV0dXJuIHtzdCxsb2FkaW5nfTt9KSgp'
07-14 16:29:33.970 I/ActivityManager( 1728): Broadcasting: Intent { act=com.gunnchos.archiveoflife.ACCEPT_NAV flg=0x400000 cmp=com.gunnchos.archiveoflife/.AcceptNavReceiver (has extras) }
07-14 16:29:33.971 I/ActivityManager( 1728): Enqueued broadcast Intent { act=com.gunnchos.archiveoflife.ACCEPT_NAV flg=0x400000 cmp=com.gunnchos.archiveoflife/.AcceptNavReceiver (has extras) }: 0
07-14 16:29:35.020 I/adbd    (17380): adbd service requested 'shell,v2,TERM=dumb,raw:am broadcast -a com.gunnchos.archiveoflife.ACCEPT_NAV -n com.gunnchos.archiveoflife/.AcceptNavReceiver --es js_b64 KCgpPT57Y29uc3QgZWw9ZG9jdW1lbnQucXVlcnlTZWxlY3RvcignI3VubG9jay1ldmlkZW5jZS1tb3VudCcpfHxkb2N1bWVudC5xdWVyeVNlbGVjdG9yKCcuZXZpZGVuY2UtcGFuZWwnKTtjb25zdCBzdD1lbCYmZWwuZGF0YXNldD9lbC5kYXRhc2V0LmV2aWRlbmNlU3RhdGU6bnVsbDtjb25zdCBsb2FkaW5nPSEhZG9jdW1lbnQucXVlcnlTZWxlY3RvcignLmV2aWRlbmNlLWxvYWRpbmcnKTtjb25zb2xlLmxvZygnW0FDQ0VQVF9FVl0nLEpTT04uc3RyaW5naWZ5KHtzdCxsb2FkaW5nLHRleHQ6KGVsJiZlbC5pbm5lclRleHR8fCcnKS5zbGljZSgwLDEyMCl9KSk7cmV0dXJuIHtzdCxsb2FkaW5nfTt9KSgp'
07-14 16:29:35.066 I/ActivityManager( 1728): Broadcasting: Intent { act=com.gunnchos.archiveoflife.ACCEPT_NAV flg=0x400000 cmp=com.gunnchos.archiveoflife/.AcceptNavReceiver (has extras) }
07-14 16:29:35.067 I/ActivityManager( 1728): Enqueued broadcast Intent { act=com.gunnchos.archiveoflife.ACCEPT_NAV flg=0x400000 cmp=com.gunnchos.archiveoflife/.AcceptNavReceiver (has extras) }: 0
07-14 16:29:36.172 I/adbd    (17380): adbd service requested 'shell,v2,TERM=dumb,raw:am broadcast -a com.gunnchos.archiveoflife.ACCEPT_NAV -n com.gunnchos.archiveoflife/.AcceptNavReceiver --es js_b64 KCgpPT57Y29uc3QgZWw9ZG9jdW1lbnQucXVlcnlTZWxlY3RvcignI3VubG9jay1ldmlkZW5jZS1tb3VudCcpfHxkb2N1bWVudC5xdWVyeVNlbGVjdG9yKCcuZXZpZGVuY2UtcGFuZWwnKTtjb25zdCBzdD1lbCYmZWwuZGF0YXNldD9lbC5kYXRhc2V0LmV2aWRlbmNlU3RhdGU6bnVsbDtjb25zdCBsb2FkaW5nPSEhZG9jdW1lbnQucXVlcnlTZWxlY3RvcignLmV2aWRlbmNlLWxvYWRpbmcnKTtjb25zb2xlLmxvZygnW0FDQ0VQVF9FVl0nLEpTT04uc3RyaW5naWZ5KHtzdCxsb2FkaW5nLHRleHQ6KGVsJiZlbC5pbm5lclRleHR8fCcnKS5zbGljZSgwLDEyMCl9KSk7cmV0dXJuIHtzdCxsb2FkaW5nfTt9KSgp'
07-14 16:29:36.227 I/ActivityManager( 1728): Broadcasting: Intent { act=com.gunnchos.archiveoflife.ACCEPT_NAV flg=0x400000 cmp=com.gunnchos.archiveoflife/.AcceptNavReceiver (has extras) }
07-14 16:29:36.228 I/ActivityManager( 1728): Enqueued broadcast Intent { act=com.gunnchos.archiveoflife.ACCEPT_NAV flg=0x400000 cmp=com.gunnchos.archiveoflife/.AcceptNavReceiver (has extras) }: 0
07-14 16:29:37.293 I/adbd    (17380): adbd service requested 'shell,v2,TERM=dumb,raw:am broadcast -a com.gunnchos.archiveoflife.ACCEPT_NAV -n com.gunnchos.archiveoflife/.AcceptNavReceiver --es js_b64 KCgpPT57Y29uc3QgZWw9ZG9jdW1lbnQucXVlcnlTZWxlY3RvcignI3VubG9jay1ldmlkZW5jZS1tb3VudCcpfHxkb2N1bWVudC5xdWVyeVNlbGVjdG9yKCcuZXZpZGVuY2UtcGFuZWwnKTtjb25zdCBzdD1lbCYmZWwuZGF0YXNldD9lbC5kYXRhc2V0LmV2aWRlbmNlU3RhdGU6bnVsbDtjb25zdCBsb2FkaW5nPSEhZG9jdW1lbnQucXVlcnlTZWxlY3RvcignLmV2aWRlbmNlLWxvYWRpbmcnKTtjb25zb2xlLmxvZygnW0FDQ0VQVF9FVl0nLEpTT04uc3RyaW5naWZ5KHtzdCxsb2FkaW5nLHRleHQ6KGVsJiZlbC5pbm5lclRleHR8fCcnKS5zbGljZSgwLDEyMCl9KSk7cmV0dXJuIHtzdCxsb2FkaW5nfTt9KSgp'
07-14 16:29:37.321 I/ActivityManager( 1728): Broadcasting: Intent { act=com.gunnchos.archiveoflife.ACCEPT_NAV flg=0x400000 cmp=com.gunnchos.archiveoflife/.AcceptNavReceiver (has extras) }
07-14 16:29:37.322 I/ActivityManager( 1728): Enqueued broadcast Intent { act=com.gunnchos.archiveoflife.ACCEPT_NAV flg=0x400000 cmp=com.gunnchos.archiveoflife/.AcceptNavReceiver (has extras) }: 0
07-14 16:29:38.364 I/adbd    (17380): adbd service requested 'shell,v2,TERM=dumb,raw:am broadcast -a com.gunnchos.archiveoflife.ACCEPT_NAV -n com.gunnchos.archiveoflife/.AcceptNavReceiver --es js_b64 KCgpPT57Y29uc3QgZWw9ZG9jdW1lbnQucXVlcnlTZWxlY3RvcignI3VubG9jay1ldmlkZW5jZS1tb3VudCcpfHxkb2N1bWVudC5xdWVyeVNlbGVjdG9yKCcuZXZpZGVuY2UtcGFuZWwnKTtjb25zdCBzdD1lbCYmZWwuZGF0YXNldD9lbC5kYXRhc2V0LmV2aWRlbmNlU3RhdGU6bnVsbDtjb25zdCBsb2FkaW5nPSEhZG9jdW1lbnQucXVlcnlTZWxlY3RvcignLmV2aWRlbmNlLWxvYWRpbmcnKTtjb25zb2xlLmxvZygnW0FDQ0VQVF9FVl0nLEpTT04uc3RyaW5naWZ5KHtzdCxsb2FkaW5nLHRleHQ6KGVsJiZlbC5pbm5lclRleHR8fCcnKS5zbGljZSgwLDEyMCl9KSk7cmV0dXJuIHtzdCxsb2FkaW5nfTt9KSgp'
07-14 16:29:38.390 I/ActivityManager( 1728): Broadcasting: Intent { act=com.gunnchos.archiveoflife.ACCEPT_NAV flg=0x400000 cmp=com.gunnchos.archiveoflife/.AcceptNavReceiver (has extras) }
07-14 16:29:38.390 I/ActivityManager( 1728): Enqueued broadcast Intent { act=com.gunnchos.archiveoflife.ACCEPT_NAV flg=0x400000 cmp=com.gunnchos.archiveoflife/.AcceptNavReceiver (has extras) }: 0
07-14 16:29:39.440 I/adbd    (17380): adbd service requested 'shell,v2,TERM=dumb,raw:am broadcast -a com.gunnchos.archiveoflife.ACCEPT_NAV -n com.gunnchos.archiveoflife/.AcceptNavReceiver --es js_b64 KCgpPT57Y29uc3QgZWw9ZG9jdW1lbnQucXVlcnlTZWxlY3RvcignI3VubG9jay1ldmlkZW5jZS1tb3VudCcpfHxkb2N1bWVudC5xdWVyeVNlbGVjdG9yKCcuZXZpZGVuY2UtcGFuZWwnKTtjb25zdCBzdD1lbCYmZWwuZGF0YXNldD9lbC5kYXRhc2V0LmV2aWRlbmNlU3RhdGU6bnVsbDtjb25zdCBsb2FkaW5nPSEhZG9jdW1lbnQucXVlcnlTZWxlY3RvcignLmV2aWRlbmNlLWxvYWRpbmcnKTtjb25zb2xlLmxvZygnW0FDQ0VQVF9FVl0nLEpTT04uc3RyaW5naWZ5KHtzdCxsb2FkaW5nLHRleHQ6KGVsJiZlbC5pbm5lclRleHR8fCcnKS5zbGljZSgwLDEyMCl9KSk7cmV0dXJuIHtzdCxsb2FkaW5nfTt9KSgp'
07-14 16:29:39.488 I/ActivityManager( 1728): Broadcasting: Intent { act=com.gunnchos.archiveoflife.ACCEPT_NAV flg=0x400000 cmp=com.gunnchos.archiveoflife/.AcceptNavReceiver (has extras) }
07-14 16:29:39.489 I/ActivityManager( 1728): Enqueued broadcast Intent { act=com.gunnchos.archiveoflife.ACCEPT_NAV flg=0x400000 cmp=com.gunnchos.archiveoflife/.AcceptNavReceiver (has extras) }: 0
07-14 16:29:40.555 I/adbd    (17380): adbd service requested 'shell,v2,TERM=dumb,raw:am broadcast -a com.gunnchos.archiveoflife.ACCEPT_NAV -n com.gunnchos.archiveoflife/.AcceptNavReceiver --es js_b64 KCgpPT57Y29uc3QgZWw9ZG9jdW1lbnQucXVlcnlTZWxlY3RvcignI3VubG9jay1ldmlkZW5jZS1tb3VudCcpfHxkb2N1bWVudC5xdWVyeVNlbGVjdG9yKCcuZXZpZGVuY2UtcGFuZWwnKTtjb25zdCBzdD1lbCYmZWwuZGF0YXNldD9lbC5kYXRhc2V0LmV2aWRlbmNlU3RhdGU6bnVsbDtjb25zdCBsb2FkaW5nPSEhZG9jdW1lbnQucXVlcnlTZWxlY3RvcignLmV2aWRlbmNlLWxvYWRpbmcnKTtjb25zb2xlLmxvZygnW0FDQ0VQVF9FVl0nLEpTT04uc3RyaW5naWZ5KHtzdCxsb2FkaW5nLHRleHQ6KGVsJiZlbC5pbm5lclRleHR8fCcnKS5zbGljZSgwLDEyMCl9KSk7cmV0dXJuIHtzdCxsb2FkaW5nfTt9KSgp'
07-14 16:29:40.609 I/ActivityManager( 1728): Broadcasting: Intent { act=com.gunnchos.archiveoflife.ACCEPT_NAV flg=0x400000 cmp=com.gunnchos.archiveoflife/.AcceptNavReceiver (has extras) }
07-14 16:29:40.610 I/ActivityManager( 1728): Enqueued broadcast Intent { act=com.gunnchos.archiveoflife.ACCEPT_NAV flg=0x400000 cmp=com.gunnchos.archiveoflife/.AcceptNavReceiver (has extras) }: 0
07-14 16:29:41.670 I/adbd    (17380): adbd service requested 'shell,v2,TERM=dumb,raw:am broadcast -a com.gunnchos.archiveoflife.ACCEPT_NAV -n com.gunnchos.archiveoflife/.AcceptNavReceiver --es js_b64 KCgpPT57Y29uc3QgZWw9ZG9jdW1lbnQucXVlcnlTZWxlY3RvcignI3VubG9jay1ldmlkZW5jZS1tb3VudCcpfHxkb2N1bWVudC5xdWVyeVNlbGVjdG9yKCcuZXZpZGVuY2UtcGFuZWwnKTtjb25zdCBzdD1lbCYmZWwuZGF0YXNldD9lbC5kYXRhc2V0LmV2aWRlbmNlU3RhdGU6bnVsbDtjb25zdCBsb2FkaW5nPSEhZG9jdW1lbnQucXVlcnlTZWxlY3RvcignLmV2aWRlbmNlLWxvYWRpbmcnKTtjb25zb2xlLmxvZygnW0FDQ0VQVF9FVl0nLEpTT04uc3RyaW5naWZ5KHtzdCxsb2FkaW5nLHRleHQ6KGVsJiZlbC5pbm5lclRleHR8fCcnKS5zbGljZSgwLDEyMCl9KSk7cmV0dXJuIHtzdCxsb2FkaW5nfTt9KSgp'
07-14 16:29:41.719 I/ActivityManager( 1728): Broadcasting: Intent { act=com.gunnchos.archiveoflife.ACCEPT_NAV flg=0x400000 cmp=com.gunnchos.archiveoflife/.AcceptNavReceiver (has extras) }
07-14 16:29:41.720 I/ActivityManager( 1728): Enqueued broadcast Intent { act=com.gunnchos.archiveoflife.ACCEPT_NAV flg=0x400000 cmp=com.gunnchos.archiveoflife/.AcceptNavReceiver (has extras) }: 0
07-14 16:29:42.799 I/adbd    (17380): adbd service requested 'shell,v2,TERM=dumb,raw:am broadcast -a com.gunnchos.archiveoflife.ACCEPT_NAV -n com.gunnchos.archiveoflife/.AcceptNavReceiver --es js_b64 KCgpPT57Y29uc3QgZWw9ZG9jdW1lbnQucXVlcnlTZWxlY3RvcignI3VubG9jay1ldmlkZW5jZS1tb3VudCcpfHxkb2N1bWVudC5xdWVyeVNlbGVjdG9yKCcuZXZpZGVuY2UtcGFuZWwnKTtjb25zdCBzdD1lbCYmZWwuZGF0YXNldD9lbC5kYXRhc2V0LmV2aWRlbmNlU3RhdGU6bnVsbDtjb25zdCBsb2FkaW5nPSEhZG9jdW1lbnQucXVlcnlTZWxlY3RvcignLmV2aWRlbmNlLWxvYWRpbmcnKTtjb25zb2xlLmxvZygnW0FDQ0VQVF9FVl0nLEpTT04uc3RyaW5naWZ5KHtzdCxsb2FkaW5nLHRleHQ6KGVsJiZlbC5pbm5lclRleHR8fCcnKS5zbGljZSgwLDEyMCl9KSk7cmV0dXJuIHtzdCxsb2FkaW5nfTt9KSgp'
07-14 16:29:42.852 I/ActivityManager( 1728): Broadcasting: Intent { act=com.gunnchos.archiveoflife.ACCEPT_NAV flg=0x400000 cmp=com.gunnchos.archiveoflife/.AcceptNavReceiver (has extras) }
07-14 16:29:42.852 I/ActivityManager( 1728): Enqueued broadcast Intent { act=com.gunnchos.archiveoflife.ACCEPT_NAV flg=0x400000 cmp=com.gunnchos.archiveoflife/.AcceptNavReceiver (has extras) }: 0
07-14 16:29:43.894 I/adbd    (17380): adbd service requested 'shell,v2,TERM=dumb,raw:am broadcast -a com.gunnchos.archiveoflife.ACCEPT_NAV -n com.gunnchos.archiveoflife/.AcceptNavReceiver --es js_b64 KCgpPT57Y29uc3QgZWw9ZG9jdW1lbnQucXVlcnlTZWxlY3RvcignI3VubG9jay1ldmlkZW5jZS1tb3VudCcpfHxkb2N1bWVudC5xdWVyeVNlbGVjdG9yKCcuZXZpZGVuY2UtcGFuZWwnKTtjb25zdCBzdD1lbCYmZWwuZGF0YXNldD9lbC5kYXRhc2V0LmV2aWRlbmNlU3RhdGU6bnVsbDtjb25zdCBsb2FkaW5nPSEhZG9jdW1lbnQucXVlcnlTZWxlY3RvcignLmV2aWRlbmNlLWxvYWRpbmcnKTtjb25zb2xlLmxvZygnW0FDQ0VQVF9FVl0nLEpTT04uc3RyaW5naWZ5KHtzdCxsb2FkaW5nLHRleHQ6KGVsJiZlbC5pbm5lclRleHR8fCcnKS5zbGljZSgwLDEyMCl9KSk7cmV0dXJuIHtzdCxsb2FkaW5nfTt9KSgp'
07-14 16:29:43.942 I/ActivityManager( 1728): Broadcasting: Intent { act=com.gunnchos.archiveoflife.ACCEPT_NAV flg=0x400000 cmp=com.gunnchos.archiveoflife/.AcceptNavReceiver (has extras) }
07-14 16:29:43.942 I/ActivityManager( 1728): Enqueued broadcast Intent { act=com.gunnchos.archiveoflife.ACCEPT_NAV flg=0x400000 cmp=com.gunnchos.archiveoflife/.AcceptNavReceiver (has extras) }: 0
07-14 16:29:45.690 I/adbd    (17380): adbd service requested 'shell,v2,TERM=dumb,raw:am broadcast -a com.gunnchos.archiveoflife.ACCEPT_NAV -n com.gunnchos.archiveoflife/.AcceptNavReceiver --es js_b64 KCgpPT57Y29uc3QgYj1bLi4uZG9jdW1lbnQucXVlcnlTZWxlY3RvckFsbCgnYnV0dG9uJyldLmZpbmQoeD0+L2NvbnRpbnVlfGNsb3NlfGdvdCBpdHxub3RlYm9va3xvay9pLnRlc3QoeC50ZXh0Q29udGVudHx8JycpKTsgaWYoYil7Yi5jbGljaygpOyByZXR1cm4gYi50ZXh0Q29udGVudDt9IGNvbnN0IG09ZG9jdW1lbnQucXVlcnlTZWxlY3RvcignLmFyY2hpdmVkZXgtdW5sb2NrLW1vZGFsJyk7IGlmKG0pIG0uY2xhc3NMaXN0LmFkZCgnaGlkZGVuJyk7IHJldHVybiAnZm9yY2VkX2hpZGUnO30pKCk='
07-14 16:29:45.734 I/ActivityManager( 1728): Broadcasting: Intent { act=com.gunnchos.archiveoflife.ACCEPT_NAV flg=0x400000 cmp=com.gunnchos.archiveoflife/.AcceptNavReceiver (has extras) }
07-14 16:29:45.735 I/ActivityManager( 1728): Enqueued broadcast Intent { act=com.gunnchos.archiveoflife.ACCEPT_NAV flg=0x400000 cmp=com.gunnchos.archiveoflife/.AcceptNavReceiver (has extras) }: 0
07-14 16:29:46.783 I/adbd    (17380): adbd service requested 'shell,v2,TERM=dumb,raw:am broadcast -a com.gunnchos.archiveoflife.ACCEPT_NAV -n com.gunnchos.archiveoflife/.AcceptNavReceiver --es action panel --es arg notebook'
07-14 16:29:46.832 I/ActivityManager( 1728): Broadcasting: Intent { act=com.gunnchos.archiveoflife.ACCEPT_NAV flg=0x400000 cmp=com.gunnchos.archiveoflife/.AcceptNavReceiver (has extras) }
07-14 16:29:46.833 I/ActivityManager( 1728): Enqueued broadcast Intent { act=com.gunnchos.archiveoflife.ACCEPT_NAV flg=0x400000 cmp=com.gunnchos.archiveoflife/.AcceptNavReceiver (has extras) }: 0
07-14 16:29:48.430 I/adbd    (17380): adbd service requested 'shell,v2,TERM=dumb,raw:am broadcast -a com.gunnchos.archiveoflife.ACCEPT_NAV -n com.gunnchos.archiveoflife/.AcceptNavReceiver --es action evidence --es arg 0'
