07-14 16:30:45.126 V/WindowManager( 1728):         {WCT{RemoteToken{cf06686 Task{70a2714 #186 type=standard A=10325:com.gunnchos.archiveoflife}}} m=OPEN f=NONE leash=Surface(name=Task=186#5635)/@0xcef436b sb=Rect(0, 0 - 1080, 2400) eb=Rect(0, 0 - 1080, 2400) epz=Point(1080, 2400) d=0 taskParent=-1 winMode=1 userId=0},
07-14 16:30:45.140 D/nativeloader( 8397): Configuring clns-9 for other apk /data/app/~~M1QwJksk6K1EsxlFsvBQWg==/com.gunnchos.archiveoflife-CcfXpBlAgbFkpXcB-2NiDw==/base.apk. target_sdk_version=34, uses_libraries=, library_path=/data/app/~~M1QwJksk6K1EsxlFsvBQWg==/com.gunnchos.archiveoflife-CcfXpBlAgbFkpXcB-2NiDw==/lib/arm64, permitted_path=/data:/mnt/expand:/data/user/0/com.gunnchos.archiveoflife
07-14 16:30:45.148 V/GraphicsEnvironment( 8397): com.gunnchos.archiveoflife is not listed in per-application setting
07-14 16:30:45.164 I/s.archiveoflife( 8397): Failed to open image dex files: Dex cache count and dex file count mismatch while trying to initialize from image
07-14 16:30:45.182 D/nativeloader( 8397): Load /data/app/~~VBuSZEL7qpc8x2tz7Iej-Q==/com.google.android.webview-VHa3pLtKqOnkIQI5DWJ7uQ==/base.apk!/lib/arm64-v8a/libwebviewchromium.so using class loader ns clns-10 (caller=/data/app/~~VBuSZEL7qpc8x2tz7Iej-Q==/com.google.android.webview-VHa3pLtKqOnkIQI5DWJ7uQ==/base.apk): ok
07-14 16:30:45.183 D/nativeloader( 8397): Load /system/lib64/libwebviewchromium_plat_support.so using class loader ns clns-10 (caller=/data/app/~~VBuSZEL7qpc8x2tz7Iej-Q==/com.google.android.webview-VHa3pLtKqOnkIQI5DWJ7uQ==/base.apk): ok
07-14 16:30:45.205 I/ActivityManager( 1728): Start proc 8430:com.google.android.webview:sandboxed_process0:org.chromium.content.app.SandboxedProcessService0:0/u0i97 for  {com.gunnchos.archiveoflife/org.chromium.content.app.SandboxedProcessService0:0}
07-14 16:30:45.210 I/Zygote  ( 8430): Process 8430 created for com.google.android.webview:sandboxed_process0:org.chromium.content.app.SandboxedProcessService0:0
07-14 16:30:45.213 W/chromium( 8397): [WARNING:net/dns/dns_config_service_android.cc:69] Failed to read DnsConfig.
07-14 16:30:45.215 W/chromium( 8397): [WARNING:android_webview/browser/network_service/net_helpers.cc:137] HTTP Cache size is: 40451341
07-14 16:30:45.231 I/cr_WebViewApkApp( 8430): version=149.0.7827.160 (782716003) minSdkVersion=29 processName=com.google.android.webview:sandboxed_process0:org.chromium.content.app.SandboxedProcessService0:0 splits=<none>
07-14 16:30:45.244 D/Capacitor( 8397): Starting BridgeActivity
07-14 16:30:45.260 W/chromium( 8430): [WARNING:content/app/android/content_main_android.cc:82] android_setCpu already initialized
07-14 16:30:45.269 W/chromium( 8430): [WARNING:content/child/runtime_features.cc:546] Fenced frames cannot be enabled in this configuration. Use --enable-features=FencedFrames instead.
07-14 16:30:45.269 W/chromium( 8430): [WARNING:content/child/runtime_features.cc:571] Topics cannot be enabled in this configuration. Use --enable-features=BrowsingTopics in addition.
07-14 16:30:45.269 W/chromium( 8430): [WARNING:content/child/runtime_features.cc:592] SharedStorage cannot be enabled in this configuration. Use --enable-features=SharedStorageAPI in addition.
07-14 16:30:45.277 D/CoreBackPreview( 1728): Window{20ed493 u0 com.gunnchos.archiveoflife/com.gunnchos.archiveoflife.MainActivity}: Setting back callback OnBackInvokedCallbackInfo{mCallback=android.window.IOnBackInvokedCallback$Stub$Proxy@9ec3401, mPriority=0, mIsAnimationCallback=false, mOverrideBehavior=0}
07-14 16:30:45.306 I/ActivityTaskManager( 1728): Displayed com.gunnchos.archiveoflife/.MainActivity for user 0: +210ms
07-14 16:30:45.327 I/ImeTracker( 1728): com.gunnchos.archiveoflife:1c86124: onRequestHide at ORIGIN_SERVER reason HIDE_UNSPECIFIED_WINDOW fromUser false userId 0 displayId 0
07-14 16:30:45.328 I/ImeTracker( 8397): com.gunnchos.archiveoflife:1c86124: onCancelled at PHASE_CLIENT_ALREADY_HIDDEN
07-14 16:30:45.330 I/GoogleInputMethodService( 4082): GoogleInputMethodService.onStartInput():1460 onStartInput(EditorInfo{EditorInfo{packageName=com.gunnchos.archiveoflife, inputType=0, inputTypeString=NULL, enableLearning=false, autoCorrection=false, autoComplete=false, imeOptions=12000000, privateImeOptions=null, actionName=UNSPECIFIED, actionLabel=null, initialSelStart=-1, initialSelEnd=-1, initialCapsMode=0, label=null, fieldId=0, fieldName=null, extras=null, hintText=null, hintLocales=[]}}, false)
07-14 16:30:45.331 W/PackageConfigPersister( 1728): App-specific configuration not found for packageName: com.gunnchos.archiveoflife and userId: 0
07-14 16:30:45.678 D/CoreBackPreview( 1728): Window{2b20fae u0 Splash Screen com.gunnchos.archiveoflife EXITING}: Setting back callback null
07-14 16:30:47.640 I/adbd    (17380): adbd service requested 'shell,v2,TERM=dumb,raw:am broadcast -a com.gunnchos.archiveoflife.ACCEPT_NAV -n com.gunnchos.archiveoflife/.AcceptNavReceiver --es action start --es arg continue'
07-14 16:30:47.679 I/ActivityManager( 1728): Broadcasting: Intent { act=com.gunnchos.archiveoflife.ACCEPT_NAV flg=0x400000 cmp=com.gunnchos.archiveoflife/.AcceptNavReceiver (has extras) }
07-14 16:30:47.679 I/ActivityManager( 1728): Enqueued broadcast Intent { act=com.gunnchos.archiveoflife.ACCEPT_NAV flg=0x400000 cmp=com.gunnchos.archiveoflife/.AcceptNavReceiver (has extras) }: 0
07-14 16:30:49.875 I/adbd    (17380): adbd service requested 'shell,v2,TERM=dumb,raw:am broadcast -a com.gunnchos.archiveoflife.ACCEPT_NAV -n com.gunnchos.archiveoflife/.AcceptNavReceiver --es action panel --es arg notebook'
07-14 16:30:49.904 I/ActivityManager( 1728): Broadcasting: Intent { act=com.gunnchos.archiveoflife.ACCEPT_NAV flg=0x400000 cmp=com.gunnchos.archiveoflife/.AcceptNavReceiver (has extras) }
07-14 16:30:49.905 I/ActivityManager( 1728): Enqueued broadcast Intent { act=com.gunnchos.archiveoflife.ACCEPT_NAV flg=0x400000 cmp=com.gunnchos.archiveoflife/.AcceptNavReceiver (has extras) }: 0
07-14 16:30:49.907 W/ProcessStats( 1728): Tracking association SourceState{b9e2372 com.gunnchos.archiveoflife/10325 BTop #119918} whose proc state 2 is better than process ProcessState{eeb500f com.google.android.gms/10137 pkg=com.google.android.gms} proc state 14 (103 skipped)
07-14 16:30:50.573 D/ProfileInstaller( 8397): Installing profile for com.gunnchos.archiveoflife
07-14 16:30:50.978 I/adbd    (17380): adbd service requested 'shell,v2,TERM=dumb,raw:am broadcast -a com.gunnchos.archiveoflife.ACCEPT_NAV -n com.gunnchos.archiveoflife/.AcceptNavReceiver --es action evidence --es arg 0'
07-14 16:30:51.010 I/ActivityManager( 1728): Broadcasting: Intent { act=com.gunnchos.archiveoflife.ACCEPT_NAV flg=0x400000 cmp=com.gunnchos.archiveoflife/.AcceptNavReceiver (has extras) }
07-14 16:30:51.010 I/ActivityManager( 1728): Enqueued broadcast Intent { act=com.gunnchos.archiveoflife.ACCEPT_NAV flg=0x400000 cmp=com.gunnchos.archiveoflife/.AcceptNavReceiver (has extras) }: 0
07-14 16:30:51.051 I/adbd    (17380): adbd service requested 'shell,v2,TERM=dumb,raw:am broadcast -a com.gunnchos.archiveoflife.ACCEPT_NAV -n com.gunnchos.archiveoflife/.AcceptNavReceiver --es js_b64 KCgpPT57Y29uc3QgZWw9ZG9jdW1lbnQucXVlcnlTZWxlY3RvcignLm5vdGVib29rLWV2aWRlbmNlLW1vdW50Om5vdCguaGlkZGVuKScpO2NvbnNvbGUubG9nKCdbQUNDRVBUX0VWX1JMXScsIGVsJiZlbC5kYXRhc2V0LmV2aWRlbmNlU3RhdGUsICEhKGVsJiZlbC5xdWVyeVNlbGVjdG9yKCcuZXZpZGVuY2UtbG9hZGluZycpKSk7fSkoKQ=='
07-14 16:30:51.099 I/ActivityManager( 1728): Broadcasting: Intent { act=com.gunnchos.archiveoflife.ACCEPT_NAV flg=0x400000 cmp=com.gunnchos.archiveoflife/.AcceptNavReceiver (has extras) }
07-14 16:30:51.100 I/ActivityManager( 1728): Enqueued broadcast Intent { act=com.gunnchos.archiveoflife.ACCEPT_NAV flg=0x400000 cmp=com.gunnchos.archiveoflife/.AcceptNavReceiver (has extras) }: 0
07-14 16:30:52.152 I/adbd    (17380): adbd service requested 'shell,v2,TERM=dumb,raw:am broadcast -a com.gunnchos.archiveoflife.ACCEPT_NAV -n com.gunnchos.archiveoflife/.AcceptNavReceiver --es js_b64 KCgpPT57Y29uc3QgZWw9ZG9jdW1lbnQucXVlcnlTZWxlY3RvcignLm5vdGVib29rLWV2aWRlbmNlLW1vdW50Om5vdCguaGlkZGVuKScpO2NvbnNvbGUubG9nKCdbQUNDRVBUX0VWX1JMXScsIGVsJiZlbC5kYXRhc2V0LmV2aWRlbmNlU3RhdGUsICEhKGVsJiZlbC5xdWVyeVNlbGVjdG9yKCcuZXZpZGVuY2UtbG9hZGluZycpKSk7fSkoKQ=='
07-14 16:30:52.198 I/ActivityManager( 1728): Broadcasting: Intent { act=com.gunnchos.archiveoflife.ACCEPT_NAV flg=0x400000 cmp=com.gunnchos.archiveoflife/.AcceptNavReceiver (has extras) }
07-14 16:30:52.198 I/ActivityManager( 1728): Enqueued broadcast Intent { act=com.gunnchos.archiveoflife.ACCEPT_NAV flg=0x400000 cmp=com.gunnchos.archiveoflife/.AcceptNavReceiver (has extras) }: 0
07-14 16:30:53.240 I/adbd    (17380): adbd service requested 'shell,v2,TERM=dumb,raw:am broadcast -a com.gunnchos.archiveoflife.ACCEPT_NAV -n com.gunnchos.archiveoflife/.AcceptNavReceiver --es js_b64 KCgpPT57Y29uc3QgZWw9ZG9jdW1lbnQucXVlcnlTZWxlY3RvcignLm5vdGVib29rLWV2aWRlbmNlLW1vdW50Om5vdCguaGlkZGVuKScpO2NvbnNvbGUubG9nKCdbQUNDRVBUX0VWX1JMXScsIGVsJiZlbC5kYXRhc2V0LmV2aWRlbmNlU3RhdGUsICEhKGVsJiZlbC5xdWVyeVNlbGVjdG9yKCcuZXZpZGVuY2UtbG9hZGluZycpKSk7fSkoKQ=='
07-14 16:30:53.278 I/ActivityManager( 1728): Broadcasting: Intent { act=com.gunnchos.archiveoflife.ACCEPT_NAV flg=0x400000 cmp=com.gunnchos.archiveoflife/.AcceptNavReceiver (has extras) }
07-14 16:30:53.278 I/ActivityManager( 1728): Enqueued broadcast Intent { act=com.gunnchos.archiveoflife.ACCEPT_NAV flg=0x400000 cmp=com.gunnchos.archiveoflife/.AcceptNavReceiver (has extras) }: 0
07-14 16:30:54.322 I/adbd    (17380): adbd service requested 'shell,v2,TERM=dumb,raw:am broadcast -a com.gunnchos.archiveoflife.ACCEPT_NAV -n com.gunnchos.archiveoflife/.AcceptNavReceiver --es js_b64 KCgpPT57Y29uc3QgZWw9ZG9jdW1lbnQucXVlcnlTZWxlY3RvcignLm5vdGVib29rLWV2aWRlbmNlLW1vdW50Om5vdCguaGlkZGVuKScpO2NvbnNvbGUubG9nKCdbQUNDRVBUX0VWX1JMXScsIGVsJiZlbC5kYXRhc2V0LmV2aWRlbmNlU3RhdGUsICEhKGVsJiZlbC5xdWVyeVNlbGVjdG9yKCcuZXZpZGVuY2UtbG9hZGluZycpKSk7fSkoKQ=='
07-14 16:30:54.365 I/ActivityManager( 1728): Broadcasting: Intent { act=com.gunnchos.archiveoflife.ACCEPT_NAV flg=0x400000 cmp=com.gunnchos.archiveoflife/.AcceptNavReceiver (has extras) }
07-14 16:30:54.366 I/ActivityManager( 1728): Enqueued broadcast Intent { act=com.gunnchos.archiveoflife.ACCEPT_NAV flg=0x400000 cmp=com.gunnchos.archiveoflife/.AcceptNavReceiver (has extras) }: 0
07-14 16:30:55.409 I/adbd    (17380): adbd service requested 'shell,v2,TERM=dumb,raw:am broadcast -a com.gunnchos.archiveoflife.ACCEPT_NAV -n com.gunnchos.archiveoflife/.AcceptNavReceiver --es js_b64 KCgpPT57Y29uc3QgZWw9ZG9jdW1lbnQucXVlcnlTZWxlY3RvcignLm5vdGVib29rLWV2aWRlbmNlLW1vdW50Om5vdCguaGlkZGVuKScpO2NvbnNvbGUubG9nKCdbQUNDRVBUX0VWX1JMXScsIGVsJiZlbC5kYXRhc2V0LmV2aWRlbmNlU3RhdGUsICEhKGVsJiZlbC5xdWVyeVNlbGVjdG9yKCcuZXZpZGVuY2UtbG9hZGluZycpKSk7fSkoKQ=='
07-14 16:30:55.458 I/ActivityManager( 1728): Broadcasting: Intent { act=com.gunnchos.archiveoflife.ACCEPT_NAV flg=0x400000 cmp=com.gunnchos.archiveoflife/.AcceptNavReceiver (has extras) }
07-14 16:30:55.458 I/ActivityManager( 1728): Enqueued broadcast Intent { act=com.gunnchos.archiveoflife.ACCEPT_NAV flg=0x400000 cmp=com.gunnchos.archiveoflife/.AcceptNavReceiver (has extras) }: 0
07-14 16:30:56.513 I/adbd    (17380): adbd service requested 'shell,v2,TERM=dumb,raw:am broadcast -a com.gunnchos.archiveoflife.ACCEPT_NAV -n com.gunnchos.archiveoflife/.AcceptNavReceiver --es js_b64 KCgpPT57Y29uc3QgZWw9ZG9jdW1lbnQucXVlcnlTZWxlY3RvcignLm5vdGVib29rLWV2aWRlbmNlLW1vdW50Om5vdCguaGlkZGVuKScpO2NvbnNvbGUubG9nKCdbQUNDRVBUX0VWX1JMXScsIGVsJiZlbC5kYXRhc2V0LmV2aWRlbmNlU3RhdGUsICEhKGVsJiZlbC5xdWVyeVNlbGVjdG9yKCcuZXZpZGVuY2UtbG9hZGluZycpKSk7fSkoKQ=='
07-14 16:30:56.571 I/ActivityManager( 1728): Broadcasting: Intent { act=com.gunnchos.archiveoflife.ACCEPT_NAV flg=0x400000 cmp=com.gunnchos.archiveoflife/.AcceptNavReceiver (has extras) }
07-14 16:30:56.571 I/ActivityManager( 1728): Enqueued broadcast Intent { act=com.gunnchos.archiveoflife.ACCEPT_NAV flg=0x400000 cmp=com.gunnchos.archiveoflife/.AcceptNavReceiver (has extras) }: 0
07-14 16:30:57.622 I/adbd    (17380): adbd service requested 'shell,v2,TERM=dumb,raw:am broadcast -a com.gunnchos.archiveoflife.ACCEPT_NAV -n com.gunnchos.archiveoflife/.AcceptNavReceiver --es js_b64 KCgpPT57Y29uc3QgZWw9ZG9jdW1lbnQucXVlcnlTZWxlY3RvcignLm5vdGVib29rLWV2aWRlbmNlLW1vdW50Om5vdCguaGlkZGVuKScpO2NvbnNvbGUubG9nKCdbQUNDRVBUX0VWX1JMXScsIGVsJiZlbC5kYXRhc2V0LmV2aWRlbmNlU3RhdGUsICEhKGVsJiZlbC5xdWVyeVNlbGVjdG9yKCcuZXZpZGVuY2UtbG9hZGluZycpKSk7fSkoKQ=='
07-14 16:30:57.683 I/ActivityManager( 1728): Broadcasting: Intent { act=com.gunnchos.archiveoflife.ACCEPT_NAV flg=0x400000 cmp=com.gunnchos.archiveoflife/.AcceptNavReceiver (has extras) }
07-14 16:30:57.684 I/ActivityManager( 1728): Enqueued broadcast Intent { act=com.gunnchos.archiveoflife.ACCEPT_NAV flg=0x400000 cmp=com.gunnchos.archiveoflife/.AcceptNavReceiver (has extras) }: 0
07-14 16:30:58.896 I/adbd    (17380): adbd service requested 'shell,v2,TERM=dumb,raw:am broadcast -a com.gunnchos.archiveoflife.ACCEPT_NAV -n com.gunnchos.archiveoflife/.AcceptNavReceiver --es js_b64 KCgpPT57Y29uc3QgZWw9ZG9jdW1lbnQucXVlcnlTZWxlY3RvcignLm5vdGVib29rLWV2aWRlbmNlLW1vdW50Om5vdCguaGlkZGVuKScpO2NvbnNvbGUubG9nKCdbQUNDRVBUX0VWX1JMXScsIGVsJiZlbC5kYXRhc2V0LmV2aWRlbmNlU3RhdGUsICEhKGVsJiZlbC5xdWVyeVNlbGVjdG9yKCcuZXZpZGVuY2UtbG9hZGluZycpKSk7fSkoKQ=='
07-14 16:30:58.940 I/ActivityManager( 1728): Broadcasting: Intent { act=com.gunnchos.archiveoflife.ACCEPT_NAV flg=0x400000 cmp=com.gunnchos.archiveoflife/.AcceptNavReceiver (has extras) }
07-14 16:30:58.941 I/ActivityManager( 1728): Enqueued broadcast Intent { act=com.gunnchos.archiveoflife.ACCEPT_NAV flg=0x400000 cmp=com.gunnchos.archiveoflife/.AcceptNavReceiver (has extras) }: 0
07-14 16:31:00.003 I/adbd    (17380): adbd service requested 'shell,v2,TERM=dumb,raw:am broadcast -a com.gunnchos.archiveoflife.ACCEPT_NAV -n com.gunnchos.archiveoflife/.AcceptNavReceiver --es js_b64 KCgpPT57Y29uc3QgZWw9ZG9jdW1lbnQucXVlcnlTZWxlY3RvcignLm5vdGVib29rLWV2aWRlbmNlLW1vdW50Om5vdCguaGlkZGVuKScpO2NvbnNvbGUubG9nKCdbQUNDRVBUX0VWX1JMXScsIGVsJiZlbC5kYXRhc2V0LmV2aWRlbmNlU3RhdGUsICEhKGVsJiZlbC5xdWVyeVNlbGVjdG9yKCcuZXZpZGVuY2UtbG9hZGluZycpKSk7fSkoKQ=='
07-14 16:31:00.050 I/ActivityManager( 1728): Broadcasting: Intent { act=com.gunnchos.archiveoflife.ACCEPT_NAV flg=0x400000 cmp=com.gunnchos.archiveoflife/.AcceptNavReceiver (has extras) }
07-14 16:31:00.051 I/ActivityManager( 1728): Enqueued broadcast Intent { act=com.gunnchos.archiveoflife.ACCEPT_NAV flg=0x400000 cmp=com.gunnchos.archiveoflife/.AcceptNavReceiver (has extras) }: 0
07-14 16:31:00.053 W/ProcessStats( 1728): Tracking association SourceState{b9e2372 com.gunnchos.archiveoflife/10325 BTop #119945} whose proc state 2 is better than process ProcessState{eeb500f com.google.android.gms/10137 pkg=com.google.android.gms} proc state 14 (19 skipped)
07-14 16:31:01.096 I/adbd    (17380): adbd service requested 'shell,v2,TERM=dumb,raw:am broadcast -a com.gunnchos.archiveoflife.ACCEPT_NAV -n com.gunnchos.archiveoflife/.AcceptNavReceiver --es js_b64 KCgpPT57Y29uc3QgZWw9ZG9jdW1lbnQucXVlcnlTZWxlY3RvcignLm5vdGVib29rLWV2aWRlbmNlLW1vdW50Om5vdCguaGlkZGVuKScpO2NvbnNvbGUubG9nKCdbQUNDRVBUX0VWX1JMXScsIGVsJiZlbC5kYXRhc2V0LmV2aWRlbmNlU3RhdGUsICEhKGVsJiZlbC5xdWVyeVNlbGVjdG9yKCcuZXZpZGVuY2UtbG9hZGluZycpKSk7fSkoKQ=='
07-14 16:31:01.145 I/ActivityManager( 1728): Broadcasting: Intent { act=com.gunnchos.archiveoflife.ACCEPT_NAV flg=0x400000 cmp=com.gunnchos.archiveoflife/.AcceptNavReceiver (has extras) }
07-14 16:31:01.146 I/ActivityManager( 1728): Enqueued broadcast Intent { act=com.gunnchos.archiveoflife.ACCEPT_NAV flg=0x400000 cmp=com.gunnchos.archiveoflife/.AcceptNavReceiver (has extras) }: 0
07-14 16:31:02.200 I/adbd    (17380): adbd service requested 'shell,v2,TERM=dumb,raw:am broadcast -a com.gunnchos.archiveoflife.ACCEPT_NAV -n com.gunnchos.archiveoflife/.AcceptNavReceiver --es js_b64 KCgpPT57Y29uc3QgZWw9ZG9jdW1lbnQucXVlcnlTZWxlY3RvcignLm5vdGVib29rLWV2aWRlbmNlLW1vdW50Om5vdCguaGlkZGVuKScpO2NvbnNvbGUubG9nKCdbQUNDRVBUX0VWX1JMXScsIGVsJiZlbC5kYXRhc2V0LmV2aWRlbmNlU3RhdGUsICEhKGVsJiZlbC5xdWVyeVNlbGVjdG9yKCcuZXZpZGVuY2UtbG9hZGluZycpKSk7fSkoKQ=='
07-14 16:31:02.247 I/ActivityManager( 1728): Broadcasting: Intent { act=com.gunnchos.archiveoflife.ACCEPT_NAV flg=0x400000 cmp=com.gunnchos.archiveoflife/.AcceptNavReceiver (has extras) }
07-14 16:31:02.247 I/ActivityManager( 1728): Enqueued broadcast Intent { act=com.gunnchos.archiveoflife.ACCEPT_NAV flg=0x400000 cmp=com.gunnchos.archiveoflife/.AcceptNavReceiver (has extras) }: 0
07-14 16:31:03.306 I/adbd    (17380): adbd service requested 'shell,v2,TERM=dumb,raw:am broadcast -a com.gunnchos.archiveoflife.ACCEPT_NAV -n com.gunnchos.archiveoflife/.AcceptNavReceiver --es js_b64 KCgpPT57Y29uc3QgZWw9ZG9jdW1lbnQucXVlcnlTZWxlY3RvcignLm5vdGVib29rLWV2aWRlbmNlLW1vdW50Om5vdCguaGlkZGVuKScpO2NvbnNvbGUubG9nKCdbQUNDRVBUX0VWX1JMXScsIGVsJiZlbC5kYXRhc2V0LmV2aWRlbmNlU3RhdGUsICEhKGVsJiZlbC5xdWVyeVNlbGVjdG9yKCcuZXZpZGVuY2UtbG9hZGluZycpKSk7fSkoKQ=='
07-14 16:31:03.360 I/ActivityManager( 1728): Broadcasting: Intent { act=com.gunnchos.archiveoflife.ACCEPT_NAV flg=0x400000 cmp=com.gunnchos.archiveoflife/.AcceptNavReceiver (has extras) }
07-14 16:31:03.361 I/ActivityManager( 1728): Enqueued broadcast Intent { act=com.gunnchos.archiveoflife.ACCEPT_NAV flg=0x400000 cmp=com.gunnchos.archiveoflife/.AcceptNavReceiver (has extras) }: 0
07-14 16:31:04.418 I/adbd    (17380): adbd service requested 'shell,v2,TERM=dumb,raw:am broadcast -a com.gunnchos.archiveoflife.ACCEPT_NAV -n com.gunnchos.archiveoflife/.AcceptNavReceiver --es js_b64 KCgpPT57Y29uc3QgZWw9ZG9jdW1lbnQucXVlcnlTZWxlY3RvcignLm5vdGVib29rLWV2aWRlbmNlLW1vdW50Om5vdCguaGlkZGVuKScpO2NvbnNvbGUubG9nKCdbQUNDRVBUX0VWX1JMXScsIGVsJiZlbC5kYXRhc2V0LmV2aWRlbmNlU3RhdGUsICEhKGVsJiZlbC5xdWVyeVNlbGVjdG9yKCcuZXZpZGVuY2UtbG9hZGluZycpKSk7fSkoKQ=='
07-14 16:31:04.475 I/ActivityManager( 1728): Broadcasting: Intent { act=com.gunnchos.archiveoflife.ACCEPT_NAV flg=0x400000 cmp=com.gunnchos.archiveoflife/.AcceptNavReceiver (has extras) }
07-14 16:31:04.476 I/ActivityManager( 1728): Enqueued broadcast Intent { act=com.gunnchos.archiveoflife.ACCEPT_NAV flg=0x400000 cmp=com.gunnchos.archiveoflife/.AcceptNavReceiver (has extras) }: 0
07-14 16:31:05.551 I/adbd    (17380): adbd service requested 'shell,v2,TERM=dumb,raw:am broadcast -a com.gunnchos.archiveoflife.ACCEPT_NAV -n com.gunnchos.archiveoflife/.AcceptNavReceiver --es js_b64 KCgpPT57Y29uc3QgZWw9ZG9jdW1lbnQucXVlcnlTZWxlY3RvcignLm5vdGVib29rLWV2aWRlbmNlLW1vdW50Om5vdCguaGlkZGVuKScpO2NvbnNvbGUubG9nKCdbQUNDRVBUX0VWX1JMXScsIGVsJiZlbC5kYXRhc2V0LmV2aWRlbmNlU3RhdGUsICEhKGVsJiZlbC5xdWVyeVNlbGVjdG9yKCcuZXZpZGVuY2UtbG9hZGluZycpKSk7fSkoKQ=='
07-14 16:31:05.590 I/ActivityManager( 1728): Broadcasting: Intent { act=com.gunnchos.archiveoflife.ACCEPT_NAV flg=0x400000 cmp=com.gunnchos.archiveoflife/.AcceptNavReceiver (has extras) }
07-14 16:31:05.591 I/ActivityManager( 1728): Enqueued broadcast Intent { act=com.gunnchos.archiveoflife.ACCEPT_NAV flg=0x400000 cmp=com.gunnchos.archiveoflife/.AcceptNavReceiver (has extras) }: 0
07-14 16:31:06.635 I/adbd    (17380): adbd service requested 'shell,v2,TERM=dumb,raw:am broadcast -a com.gunnchos.archiveoflife.ACCEPT_NAV -n com.gunnchos.archiveoflife/.AcceptNavReceiver --es js_b64 KCgpPT57Y29uc3QgZWw9ZG9jdW1lbnQucXVlcnlTZWxlY3RvcignLm5vdGVib29rLWV2aWRlbmNlLW1vdW50Om5vdCguaGlkZGVuKScpO2NvbnNvbGUubG9nKCdbQUNDRVBUX0VWX1JMXScsIGVsJiZlbC5kYXRhc2V0LmV2aWRlbmNlU3RhdGUsICEhKGVsJiZlbC5xdWVyeVNlbGVjdG9yKCcuZXZpZGVuY2UtbG9hZGluZycpKSk7fSkoKQ=='
07-14 16:31:06.680 I/ActivityManager( 1728): Broadcasting: Intent { act=com.gunnchos.archiveoflife.ACCEPT_NAV flg=0x400000 cmp=com.gunnchos.archiveoflife/.AcceptNavReceiver (has extras) }
07-14 16:31:06.681 I/ActivityManager( 1728): Enqueued broadcast Intent { act=com.gunnchos.archiveoflife.ACCEPT_NAV flg=0x400000 cmp=com.gunnchos.archiveoflife/.AcceptNavReceiver (has extras) }: 0
07-14 16:31:12.793 D/ActivityManager( 1728): sync unfroze 31818 com.google.android.webview:sandboxed_process0:org.chromium.content.app.SandboxedProcessService0:0 for 3
07-14 16:31:13.543 I/cn_CronetUrlRequestContext(26383): destroyNativeStreamLocked android.net.http.internal.org.chromium.net.impl.CronetBidirectionalStream@6e00ead
